Blender 4.0.2
Fra:1 Mem:504.16M (Peak 504.16M) | Time:00:00.00 | Mem:0.00M, Peak:0.00M | Scene, ViewLayer | Synchronizing object | complete_foot_highpoly_0
Fra:1 Mem:879.45M (Peak 929.42M) | Time:00:00.16 | Mem:0.00M, Peak:0.00M | Scene, ViewLayer | Initializing
Fra:1 Mem:879.45M (Peak 929.42M) | Time:00:00.16 | Mem:0.00M, Peak:0.00M | Scene, ViewLayer | Waiting for render to start
Fra:1 Mem:879.45M (Peak 929.42M) | Time:00:00.16 | Mem:0.00M, Peak:0.00M | Scene, ViewLayer | Loading render kernels (may take a few minutes the first time)
Fra:1 Mem:879.45M (Peak 929.42M) | Time:00:00.16 | Mem:0.00M, Peak:0.00M | Scene, ViewLayer | Updating Scene
Fra:1 Mem:879.45M (Peak 929.42M) | Time:00:00.16 | Mem:0.00M, Peak:0.00M | Scene, ViewLayer | Updating Shaders
Fra:1 Mem:879.53M (Peak 929.42M) | Time:00:00.16 | Mem:0.00M, Peak:0.00M | Scene, ViewLayer | Updating Procedurals
Fra:1 Mem:879.53M (Peak 929.42M) | Time:00:00.16 | Mem:0.00M, Peak:0.00M | Scene, ViewLayer | Updating Background
Fra:1 Mem:879.53M (Peak 929.42M) | Time:00:00.16 | Mem:0.00M, Peak:0.00M | Scene, ViewLayer | Updating Camera
Fra:1 Mem:879.53M (Peak 929.42M) | Time:00:00.16 | Mem:0.00M, Peak:0.00M | Scene, ViewLayer | Updating Meshes Flags
Fra:1 Mem:879.53M (Peak 929.42M) | Time:00:00.16 | Mem:0.00M, Peak:0.00M | Scene, ViewLayer | Updating Objects
Fra:1 Mem:879.53M (Peak 929.42M) | Time:00:00.16 | Mem:0.00M, Peak:0.00M | Scene, ViewLayer | Updating Objects | Copying Transformations to device
Fra:1 Mem:879.53M (Peak 929.42M) | Time:00:00.16 | Mem:0.00M, Peak:0.00M | Scene, ViewLayer | Updating Objects | Applying Static Transformations
Fra:1 Mem:879.53M (Peak 929.42M) | Time:00:00.16 | Mem:0.00M, Peak:0.00M | Scene, ViewLayer | Updating Particle Systems
Fra:1 Mem:879.53M (Peak 929.42M) | Time:00:00.16 | Mem:0.00M, Peak:0.00M | Scene, ViewLayer | Updating Particle Systems | Copying Particles to device
Fra:1 Mem:879.53M (Peak 929.42M) | Time:00:00.16 | Mem:0.00M, Peak:0.00M | Scene, ViewLayer | Updating Meshes
Fra:1 Mem:988.81M (Peak 988.81M) | Time:00:00.27 | Mem:0.00M, Peak:0.00M | Scene, ViewLayer | Updating Mesh | Computing attributes
Fra:1 Mem:1026.29M (Peak 1026.29M) | Time:00:00.28 | Mem:0.00M, Peak:0.00M | Scene, ViewLayer | Updating Mesh | Copying Attributes to device
Fra:1 Mem:1026.29M (Peak 1026.29M) | Time:00:00.28 | Mem:37.48M, Peak:37.48M | Scene, ViewLayer | Updating Scene BVH | Building
Fra:1 Mem:1026.29M (Peak 1026.29M) | Time:00:00.28 | Mem:37.48M, Peak:37.48M | Scene, ViewLayer | Updating Scene BVH | Building BVH
Fra:1 Mem:1436.08M (Peak 1436.08M) | Time:00:00.78 | Mem:37.48M, Peak:37.48M | Scene, ViewLayer | Updating Scene BVH | Building BVH 1%, duplicates 0%
Fra:1 Mem:1436.08M (Peak 1436.08M) | Time:00:01.03 | Mem:37.48M, Peak:37.48M | Scene, ViewLayer | Updating Scene BVH | Building BVH 32%, duplicates 0%
Fra:1 Mem:1436.08M (Peak 1436.08M) | Time:00:01.28 | Mem:37.48M, Peak:37.48M | Scene, ViewLayer | Updating Scene BVH | Building BVH 65%, duplicates 0%
Fra:1 Mem:1436.08M (Peak 1436.08M) | Time:00:01.55 | Mem:37.48M, Peak:37.48M | Scene, ViewLayer | Updating Scene BVH | Packing BVH triangles and strands
Fra:1 Mem:1463.40M (Peak 1463.40M) | Time:00:01.56 | Mem:37.48M, Peak:37.48M | Scene, ViewLayer | Updating Scene BVH | Packing BVH nodes
Fra:1 Mem:1453.02M (Peak 1567.49M) | Time:00:01.89 | Mem:37.48M, Peak:37.48M | Scene, ViewLayer | Updating Scene BVH | Copying BVH to device
Fra:1 Mem:1453.02M (Peak 1567.49M) | Time:00:01.89 | Mem:250.84M, Peak:250.84M | Scene, ViewLayer | Updating Mesh | Computing normals
Fra:1 Mem:1689.55M (Peak 1689.55M) | Time:00:01.96 | Mem:250.84M, Peak:250.84M | Scene, ViewLayer | Updating Mesh | Copying Mesh to device
Fra:1 Mem:1689.55M (Peak 1689.55M) | Time:00:01.96 | Mem:487.38M, Peak:487.38M | Scene, ViewLayer | Updating Objects Flags
Fra:1 Mem:1689.55M (Peak 1689.55M) | Time:00:01.96 | Mem:487.38M, Peak:487.38M | Scene, ViewLayer | Updating Primitive Offsets
Fra:1 Mem:1689.55M (Peak 1689.55M) | Time:00:01.96 | Mem:487.38M, Peak:487.38M | Scene, ViewLayer | Updating Images
Fra:1 Mem:1689.55M (Peak 1689.55M) | Time:00:01.96 | Mem:487.38M, Peak:487.38M | Scene, ViewLayer | Updating Camera Volume
Fra:1 Mem:1689.55M (Peak 1689.55M) | Time:00:01.96 | Mem:487.38M, Peak:487.38M | Scene, ViewLayer | Updating Lookup Tables
Fra:1 Mem:1689.55M (Peak 1689.55M) | Time:00:01.96 | Mem:487.46M, Peak:487.46M | Scene, ViewLayer | Updating Lights
Fra:1 Mem:1689.56M (Peak 1689.56M) | Time:00:01.96 | Mem:487.46M, Peak:487.46M | Scene, ViewLayer | Updating Lights | Computing distribution
Fra:1 Mem:1689.56M (Peak 1689.56M) | Time:00:01.96 | Mem:487.46M, Peak:487.46M | Scene, ViewLayer | Updating Lights | Computing tree
Fra:1 Mem:1689.56M (Peak 1689.56M) | Time:00:01.96 | Mem:487.46M, Peak:487.46M | Scene, ViewLayer | Updating Integrator
Fra:1 Mem:1690.56M (Peak 1690.56M) | Time:00:01.96 | Mem:488.46M, Peak:488.46M | Scene, ViewLayer | Updating Film
Fra:1 Mem:1690.56M (Peak 1690.56M) | Time:00:01.96 | Mem:488.38M, Peak:488.46M | Scene, ViewLayer | Updating Lookup Tables
Fra:1 Mem:1690.56M (Peak 1690.56M) | Time:00:01.96 | Mem:488.46M, Peak:488.46M | Scene, ViewLayer | Updating Baking
Fra:1 Mem:1690.56M (Peak 1690.56M) | Time:00:01.96 | Mem:488.46M, Peak:488.46M | Scene, ViewLayer | Updating Device | Writing constant memory
Fra:1 Mem:1690.56M (Peak 1690.56M) | Time:00:01.96 | Mem:488.46M, Peak:488.46M | Scene, ViewLayer | Sample 0/20
Fra:1 Mem:1728.35M (Peak 1728.35M) | Time:00:02.25 | Remaining:00:05.52 | Mem:526.23M, Peak:526.23M | Scene, ViewLayer | Sample 1/20
Fra:1 Mem:1745.14M (Peak 1778.71M) | Time:00:06.90 | Mem:526.23M, Peak:526.23M | Scene, ViewLayer | Sample 20/20
Fra:1 Mem:1745.14M (Peak 1778.71M) | Time:00:06.90 | Mem:526.23M, Peak:526.23M | Scene, ViewLayer | Finished
Saved: '/home/ethan/Projects/Sai_Art/docs/uri_style/gorilla_v0_2/images/complete_foot_reference_input_direction_s6.png'
Time: 00:06.95 (Saving: 00:00.05)

Data are loaded, start creating Blender stuff
glTF import finished in 3.91s
DETAILED_FOOT_REFERENCE_VIEW input_direction
Fra:1 Mem:1728.36M (Peak 1728.36M) | Time:00:00.00 | Mem:526.23M, Peak:526.23M | Scene, ViewLayer | Initializing
Fra:1 Mem:1728.35M (Peak 1728.36M) | Time:00:00.00 | Mem:526.23M, Peak:526.23M | Scene, ViewLayer | Waiting for render to start
Fra:1 Mem:1728.35M (Peak 1728.36M) | Time:00:00.00 | Mem:526.23M, Peak:526.23M | Scene, ViewLayer | Updating Scene
Fra:1 Mem:1728.35M (Peak 1728.36M) | Time:00:00.00 | Mem:526.23M, Peak:526.23M | Scene, ViewLayer | Updating Shaders
Fra:1 Mem:1728.35M (Peak 1728.36M) | Time:00:00.00 | Mem:526.23M, Peak:526.23M | Scene, ViewLayer | Updating Background
Fra:1 Mem:1728.35M (Peak 1728.36M) | Time:00:00.00 | Mem:526.23M, Peak:526.23M | Scene, ViewLayer | Updating Camera
Fra:1 Mem:1728.35M (Peak 1728.36M) | Time:00:00.00 | Mem:526.23M, Peak:526.23M | Scene, ViewLayer | Updating Objects
Fra:1 Mem:1728.35M (Peak 1728.36M) | Time:00:00.00 | Mem:526.23M, Peak:526.23M | Scene, ViewLayer | Updating Particle Systems
Fra:1 Mem:1728.35M (Peak 1728.36M) | Time:00:00.00 | Mem:526.23M, Peak:526.23M | Scene, ViewLayer | Updating Meshes
Fra:1 Mem:1728.35M (Peak 1728.36M) | Time:00:00.00 | Mem:526.23M, Peak:526.23M | Scene, ViewLayer | Updating Objects Flags
Fra:1 Mem:1728.35M (Peak 1728.36M) | Time:00:00.00 | Mem:526.23M, Peak:526.23M | Scene, ViewLayer | Updating Primitive Offsets
Fra:1 Mem:1728.35M (Peak 1728.36M) | Time:00:00.00 | Mem:526.23M, Peak:526.23M | Scene, ViewLayer | Updating Images
Fra:1 Mem:1728.35M (Peak 1728.36M) | Time:00:00.00 | Mem:526.23M, Peak:526.23M | Scene, ViewLayer | Updating Camera Volume
Fra:1 Mem:1728.35M (Peak 1728.36M) | Time:00:00.00 | Mem:526.23M, Peak:526.23M | Scene, ViewLayer | Updating Lookup Tables
Fra:1 Mem:1728.35M (Peak 1728.36M) | Time:00:00.00 | Mem:526.23M, Peak:526.23M | Scene, ViewLayer | Updating Lights
Fra:1 Mem:1728.35M (Peak 1728.36M) | Time:00:00.00 | Mem:526.23M, Peak:526.23M | Scene, ViewLayer | Updating Integrator
Fra:1 Mem:1728.35M (Peak 1728.36M) | Time:00:00.00 | Mem:526.23M, Peak:526.23M | Scene, ViewLayer | Updating Film
Fra:1 Mem:1728.35M (Peak 1728.36M) | Time:00:00.00 | Mem:526.23M, Peak:526.23M | Scene, ViewLayer | Updating Lookup Tables
Fra:1 Mem:1728.35M (Peak 1728.36M) | Time:00:00.00 | Mem:526.23M, Peak:526.23M | Scene, ViewLayer | Updating Baking
Fra:1 Mem:1728.35M (Peak 1728.36M) | Time:00:00.00 | Mem:526.23M, Peak:526.23M | Scene, ViewLayer | Updating Device | Writing constant memory
Fra:1 Mem:1728.35M (Peak 1728.36M) | Time:00:00.00 | Mem:526.23M, Peak:526.23M | Scene, ViewLayer | Sample 0/20
Fra:1 Mem:1728.35M (Peak 1728.36M) | Time:00:00.28 | Remaining:00:05.48 | Mem:526.23M, Peak:526.23M | Scene, ViewLayer | Sample 1/20
Fra:1 Mem:1745.14M (Peak 1778.71M) | Time:00:04.91 | Mem:526.23M, Peak:526.23M | Scene, ViewLayer | Sample 20/20
Fra:1 Mem:1745.14M (Peak 1778.71M) | Time:00:04.91 | Mem:526.23M, Peak:526.23M | Scene, ViewLayer | Finished
Saved: '/home/ethan/Projects/Sai_Art/docs/uri_style/gorilla_v0_2/images/complete_foot_reference_turn_45_s6.png'
Time: 00:04.96 (Saving: 00:00.05)

DETAILED_FOOT_REFERENCE_VIEW turn_45
Fra:1 Mem:1728.36M (Peak 1728.36M) | Time:00:00.00 | Mem:526.23M, Peak:526.23M | Scene, ViewLayer | Initializing
Fra:1 Mem:1728.35M (Peak 1728.36M) | Time:00:00.00 | Mem:526.23M, Peak:526.23M | Scene, ViewLayer | Waiting for render to start
Fra:1 Mem:1728.35M (Peak 1728.36M) | Time:00:00.00 | Mem:526.23M, Peak:526.23M | Scene, ViewLayer | Updating Scene
Fra:1 Mem:1728.35M (Peak 1728.36M) | Time:00:00.00 | Mem:526.23M, Peak:526.23M | Scene, ViewLayer | Updating Shaders
Fra:1 Mem:1728.35M (Peak 1728.36M) | Time:00:00.00 | Mem:526.23M, Peak:526.23M | Scene, ViewLayer | Updating Background
Fra:1 Mem:1728.35M (Peak 1728.36M) | Time:00:00.00 | Mem:526.23M, Peak:526.23M | Scene, ViewLayer | Updating Camera
Fra:1 Mem:1728.35M (Peak 1728.36M) | Time:00:00.00 | Mem:526.23M, Peak:526.23M | Scene, ViewLayer | Updating Objects
Fra:1 Mem:1728.35M (Peak 1728.36M) | Time:00:00.00 | Mem:526.23M, Peak:526.23M | Scene, ViewLayer | Updating Particle Systems
Fra:1 Mem:1728.35M (Peak 1728.36M) | Time:00:00.00 | Mem:526.23M, Peak:526.23M | Scene, ViewLayer | Updating Meshes
Fra:1 Mem:1728.35M (Peak 1728.36M) | Time:00:00.00 | Mem:526.23M, Peak:526.23M | Scene, ViewLayer | Updating Objects Flags
Fra:1 Mem:1728.35M (Peak 1728.36M) | Time:00:00.00 | Mem:526.23M, Peak:526.23M | Scene, ViewLayer | Updating Primitive Offsets
Fra:1 Mem:1728.35M (Peak 1728.36M) | Time:00:00.00 | Mem:526.23M, Peak:526.23M | Scene, ViewLayer | Updating Images
Fra:1 Mem:1728.35M (Peak 1728.36M) | Time:00:00.00 | Mem:526.23M, Peak:526.23M | Scene, ViewLayer | Updating Camera Volume
Fra:1 Mem:1728.35M (Peak 1728.36M) | Time:00:00.00 | Mem:526.23M, Peak:526.23M | Scene, ViewLayer | Updating Lookup Tables
Fra:1 Mem:1728.35M (Peak 1728.36M) | Time:00:00.00 | Mem:526.23M, Peak:526.23M | Scene, ViewLayer | Updating Lights
Fra:1 Mem:1728.35M (Peak 1728.36M) | Time:00:00.00 | Mem:526.23M, Peak:526.23M | Scene, ViewLayer | Updating Integrator
Fra:1 Mem:1728.35M (Peak 1728.36M) | Time:00:00.00 | Mem:526.23M, Peak:526.23M | Scene, ViewLayer | Updating Film
Fra:1 Mem:1728.35M (Peak 1728.36M) | Time:00:00.00 | Mem:526.23M, Peak:526.23M | Scene, ViewLayer | Updating Lookup Tables
Fra:1 Mem:1728.35M (Peak 1728.36M) | Time:00:00.00 | Mem:526.23M, Peak:526.23M | Scene, ViewLayer | Updating Baking
Fra:1 Mem:1728.35M (Peak 1728.36M) | Time:00:00.00 | Mem:526.23M, Peak:526.23M | Scene, ViewLayer | Updating Device | Writing constant memory
Fra:1 Mem:1728.35M (Peak 1728.36M) | Time:00:00.00 | Mem:526.23M, Peak:526.23M | Scene, ViewLayer | Sample 0/20
Fra:1 Mem:1728.35M (Peak 1728.36M) | Time:00:00.24 | Remaining:00:04.56 | Mem:526.23M, Peak:526.23M | Scene, ViewLayer | Sample 1/20
Fra:1 Mem:1745.14M (Peak 1778.71M) | Time:00:04.13 | Mem:526.23M, Peak:526.23M | Scene, ViewLayer | Sample 20/20
Fra:1 Mem:1745.14M (Peak 1778.71M) | Time:00:04.13 | Mem:526.23M, Peak:526.23M | Scene, ViewLayer | Finished
Saved: '/home/ethan/Projects/Sai_Art/docs/uri_style/gorilla_v0_2/images/complete_foot_reference_turn_90_s6.png'
Time: 00:04.19 (Saving: 00:00.05)

DETAILED_FOOT_REFERENCE_VIEW turn_90
Fra:1 Mem:1728.36M (Peak 1728.36M) | Time:00:00.00 | Mem:526.23M, Peak:526.23M | Scene, ViewLayer | Initializing
Fra:1 Mem:1728.35M (Peak 1728.36M) | Time:00:00.00 | Mem:526.23M, Peak:526.23M | Scene, ViewLayer | Waiting for render to start
Fra:1 Mem:1728.35M (Peak 1728.36M) | Time:00:00.00 | Mem:526.23M, Peak:526.23M | Scene, ViewLayer | Updating Scene
Fra:1 Mem:1728.35M (Peak 1728.36M) | Time:00:00.00 | Mem:526.23M, Peak:526.23M | Scene, ViewLayer | Updating Shaders
Fra:1 Mem:1728.35M (Peak 1728.36M) | Time:00:00.00 | Mem:526.23M, Peak:526.23M | Scene, ViewLayer | Updating Background
Fra:1 Mem:1728.35M (Peak 1728.36M) | Time:00:00.00 | Mem:526.23M, Peak:526.23M | Scene, ViewLayer | Updating Camera
Fra:1 Mem:1728.35M (Peak 1728.36M) | Time:00:00.00 | Mem:526.23M, Peak:526.23M | Scene, ViewLayer | Updating Objects
Fra:1 Mem:1728.35M (Peak 1728.36M) | Time:00:00.00 | Mem:526.23M, Peak:526.23M | Scene, ViewLayer | Updating Particle Systems
Fra:1 Mem:1728.35M (Peak 1728.36M) | Time:00:00.00 | Mem:526.23M, Peak:526.23M | Scene, ViewLayer | Updating Meshes
Fra:1 Mem:1728.35M (Peak 1728.36M) | Time:00:00.00 | Mem:526.23M, Peak:526.23M | Scene, ViewLayer | Updating Objects Flags
Fra:1 Mem:1728.35M (Peak 1728.36M) | Time:00:00.00 | Mem:526.23M, Peak:526.23M | Scene, ViewLayer | Updating Primitive Offsets
Fra:1 Mem:1728.35M (Peak 1728.36M) | Time:00:00.00 | Mem:526.23M, Peak:526.23M | Scene, ViewLayer | Updating Images
Fra:1 Mem:1728.35M (Peak 1728.36M) | Time:00:00.00 | Mem:526.23M, Peak:526.23M | Scene, ViewLayer | Updating Camera Volume
Fra:1 Mem:1728.35M (Peak 1728.36M) | Time:00:00.00 | Mem:526.23M, Peak:526.23M | Scene, ViewLayer | Updating Lookup Tables
Fra:1 Mem:1728.35M (Peak 1728.36M) | Time:00:00.00 | Mem:526.23M, Peak:526.23M | Scene, ViewLayer | Updating Lights
Fra:1 Mem:1728.35M (Peak 1728.36M) | Time:00:00.00 | Mem:526.23M, Peak:526.23M | Scene, ViewLayer | Updating Integrator
Fra:1 Mem:1728.35M (Peak 1728.36M) | Time:00:00.00 | Mem:526.23M, Peak:526.23M | Scene, ViewLayer | Updating Film
Fra:1 Mem:1728.35M (Peak 1728.36M) | Time:00:00.00 | Mem:526.23M, Peak:526.23M | Scene, ViewLayer | Updating Lookup Tables
Fra:1 Mem:1728.35M (Peak 1728.36M) | Time:00:00.00 | Mem:526.23M, Peak:526.23M | Scene, ViewLayer | Updating Baking
Fra:1 Mem:1728.35M (Peak 1728.36M) | Time:00:00.00 | Mem:526.23M, Peak:526.23M | Scene, ViewLayer | Updating Device | Writing constant memory
Fra:1 Mem:1728.35M (Peak 1728.36M) | Time:00:00.00 | Mem:526.23M, Peak:526.23M | Scene, ViewLayer | Sample 0/20
Fra:1 Mem:1728.35M (Peak 1728.36M) | Time:00:00.25 | Remaining:00:04.86 | Mem:526.23M, Peak:526.23M | Scene, ViewLayer | Sample 1/20
Fra:1 Mem:1745.14M (Peak 1778.71M) | Time:00:04.53 | Mem:526.23M, Peak:526.23M | Scene, ViewLayer | Sample 20/20
Fra:1 Mem:1745.14M (Peak 1778.71M) | Time:00:04.53 | Mem:526.23M, Peak:526.23M | Scene, ViewLayer | Finished
Saved: '/home/ethan/Projects/Sai_Art/docs/uri_style/gorilla_v0_2/images/complete_foot_reference_turn_180_s6.png'
Time: 00:04.58 (Saving: 00:00.05)

DETAILED_FOOT_REFERENCE_VIEW turn_180
Info: Total files 0 | Changed 0 | Failed 0
Info: Saved "complete_foot_reference_highpoly_s6.blend"
DETAILED_FOOT_NATIVE_INSPECTION_COMPLETE [{"name": "complete_foot_highpoly_0", "vertices": 3274598, "faces": 7161734, "bounds_xyz": [[-0.32816219329833984, -0.4929647445678711, -0.41016578674316406], [0.35329341888427734, 0.28836822509765625, 0.38486289978027344]]}]

Blender quit
