Blender 4.0.2
Read blend: "/home/ethan/Projects/Sai_Art/docs/uri_style/gorilla_v0_2/source/lower_body_spatial_s3.blend"
Fra:1 Mem:24.33M (Peak 25.96M) | Time:00:00.01 | Mem:0.00M, Peak:0.00M | Scene, ViewLayer | Synchronizing object | whole_contact_sole_-1
Fra:1 Mem:24.33M (Peak 25.96M) | Time:00:00.01 | Mem:0.00M, Peak:0.00M | Scene, ViewLayer | Synchronizing object | load_cradle_-1
Fra:1 Mem:24.39M (Peak 25.96M) | Time:00:00.01 | Mem:0.00M, Peak:0.00M | Scene, ViewLayer | Synchronizing object | low_ankle_cross_axle_-1
Fra:1 Mem:26.45M (Peak 26.45M) | Time:00:00.01 | Mem:0.00M, Peak:0.00M | Scene, ViewLayer | Synchronizing object | return_guard_module_1
Fra:1 Mem:26.52M (Peak 26.52M) | Time:00:00.01 | Mem:0.00M, Peak:0.00M | Scene, ViewLayer | Synchronizing object | low_ankle_face_-1_-1
Fra:1 Mem:26.59M (Peak 26.59M) | Time:00:00.01 | Mem:0.00M, Peak:0.00M | Scene, ViewLayer | Synchronizing object | rear_service_rod_1
Fra:1 Mem:26.68M (Peak 26.68M) | Time:00:00.01 | Mem:0.00M, Peak:0.00M | Scene, ViewLayer | Synchronizing object | low_ankle_center_-1_-1
Fra:1 Mem:26.71M (Peak 26.71M) | Time:00:00.01 | Mem:0.00M, Peak:0.00M | Scene, ViewLayer | Synchronizing object | low_ankle_face_-1_1
Fra:1 Mem:26.74M (Peak 26.74M) | Time:00:00.01 | Mem:0.00M, Peak:0.00M | Scene, ViewLayer | Synchronizing object | complete_forefoot_armor_-1
Fra:1 Mem:26.90M (Peak 26.90M) | Time:00:00.01 | Mem:0.00M, Peak:0.00M | Scene, ViewLayer | Synchronizing object | toe_contact_guard_-1
Fra:1 Mem:26.90M (Peak 26.90M) | Time:00:00.01 | Mem:0.00M, Peak:0.00M | Scene, ViewLayer | Synchronizing object | heel_contact_guard_-1
Fra:1 Mem:26.92M (Peak 26.92M) | Time:00:00.01 | Mem:0.00M, Peak:0.00M | Scene, ViewLayer | Synchronizing object | load_cradle_1
Fra:1 Mem:27.10M (Peak 27.10M) | Time:00:00.01 | Mem:0.00M, Peak:0.00M | Scene, ViewLayer | Synchronizing object | integrated_ankle_cheek_1_-1
Fra:1 Mem:27.13M (Peak 27.13M) | Time:00:00.01 | Mem:0.00M, Peak:0.00M | Scene, ViewLayer | Synchronizing object | integrated_ankle_cheek_1_1
Fra:1 Mem:27.21M (Peak 27.21M) | Time:00:00.01 | Mem:0.00M, Peak:0.00M | Scene, ViewLayer | Synchronizing object | low_ankle_cross_axle_1
Fra:1 Mem:27.25M (Peak 27.25M) | Time:00:00.01 | Mem:0.00M, Peak:0.00M | Scene, ViewLayer | Synchronizing object | low_ankle_face_1_-1
Fra:1 Mem:27.32M (Peak 27.32M) | Time:00:00.01 | Mem:0.00M, Peak:0.00M | Scene, ViewLayer | Synchronizing object | low_ankle_center_1_-1
Fra:1 Mem:27.35M (Peak 27.35M) | Time:00:00.01 | Mem:0.00M, Peak:0.00M | Scene, ViewLayer | Synchronizing object | low_ankle_face_1_1
Fra:1 Mem:27.41M (Peak 27.41M) | Time:00:00.01 | Mem:0.00M, Peak:0.00M | Scene, ViewLayer | Synchronizing object | continuous_shank_shell_1
Fra:1 Mem:27.44M (Peak 27.44M) | Time:00:00.01 | Mem:0.00M, Peak:0.00M | Scene, ViewLayer | Synchronizing object | low_ankle_center_1_1
Fra:1 Mem:27.71M (Peak 27.71M) | Time:00:00.01 | Mem:0.00M, Peak:0.00M | Scene, ViewLayer | Synchronizing object | complete_forefoot_armor_1
Fra:1 Mem:27.70M (Peak 27.71M) | Time:00:00.01 | Mem:0.00M, Peak:0.00M | Scene, ViewLayer | Synchronizing object | toe_contact_guard_1
Fra:1 Mem:27.72M (Peak 27.72M) | Time:00:00.01 | Mem:0.00M, Peak:0.00M | Scene, ViewLayer | Synchronizing object | heel_contact_guard_1
Fra:1 Mem:27.72M (Peak 27.72M) | Time:00:00.01 | Mem:0.00M, Peak:0.00M | Scene, ViewLayer | Synchronizing object | proximal_thigh_shell_-1
Fra:1 Mem:27.72M (Peak 27.72M) | Time:00:00.01 | Mem:0.00M, Peak:0.00M | Scene, ViewLayer | Synchronizing object | thigh_access_panel_-1
Fra:1 Mem:27.83M (Peak 27.83M) | Time:00:00.01 | Mem:0.00M, Peak:0.00M | Scene, ViewLayer | Synchronizing object | knee_guard_module_-1
Fra:1 Mem:28.00M (Peak 28.00M) | Time:00:00.01 | Mem:0.00M, Peak:0.00M | Scene, ViewLayer | Synchronizing object | broad_return_cheek_-1_-1
Fra:1 Mem:28.00M (Peak 28.00M) | Time:00:00.01 | Mem:0.00M, Peak:0.00M | Scene, ViewLayer | Synchronizing object | hip_candidate_envelope_-1
Fra:1 Mem:28.13M (Peak 28.13M) | Time:00:00.01 | Mem:0.00M, Peak:0.00M | Scene, ViewLayer | Synchronizing object | hip_side_face_-1_-1
Fra:1 Mem:28.19M (Peak 28.19M) | Time:00:00.01 | Mem:0.00M, Peak:0.00M | Scene, ViewLayer | Synchronizing object | hip_side_face_-1_1
Fra:1 Mem:28.24M (Peak 28.24M) | Time:00:00.01 | Mem:0.00M, Peak:0.00M | Scene, ViewLayer | Synchronizing object | return_side_face_1_1
Fra:1 Mem:28.46M (Peak 28.46M) | Time:00:00.01 | Mem:0.00M, Peak:0.00M | Scene, ViewLayer | Synchronizing object | knee_candidate_envelope_-1
Fra:1 Mem:28.53M (Peak 28.53M) | Time:00:00.01 | Mem:0.00M, Peak:0.00M | Scene, ViewLayer | Synchronizing object | knee_side_face_-1_-1
Fra:1 Mem:28.56M (Peak 28.56M) | Time:00:00.01 | Mem:0.00M, Peak:0.00M | Scene, ViewLayer | Synchronizing object | knee_side_face_-1_1
Fra:1 Mem:28.69M (Peak 28.69M) | Time:00:00.01 | Mem:0.00M, Peak:0.00M | Scene, ViewLayer | Synchronizing object | return_side_face_1_-1
Fra:1 Mem:28.60M (Peak 28.69M) | Time:00:00.01 | Mem:0.00M, Peak:0.00M | Scene, ViewLayer | Synchronizing object | return_candidate_envelope_-1
Fra:1 Mem:28.74M (Peak 28.74M) | Time:00:00.01 | Mem:0.00M, Peak:0.00M | Scene, ViewLayer | Synchronizing object | return_side_face_-1_-1
Fra:1 Mem:28.74M (Peak 28.74M) | Time:00:00.01 | Mem:0.00M, Peak:0.00M | Scene, ViewLayer | Synchronizing object | continuous_shank_shell_-1
Fra:1 Mem:28.87M (Peak 28.87M) | Time:00:00.01 | Mem:0.00M, Peak:0.00M | Scene, ViewLayer | Synchronizing object | return_candidate_envelope_1
Fra:1 Mem:29.09M (Peak 29.09M) | Time:00:00.01 | Mem:0.00M, Peak:0.00M | Scene, ViewLayer | Synchronizing object | rear_service_cylinder_-1
Fra:1 Mem:29.25M (Peak 29.25M) | Time:00:00.01 | Mem:0.00M, Peak:0.00M | Scene, ViewLayer | Synchronizing object | rear_service_rod_-1
Fra:1 Mem:29.50M (Peak 29.50M) | Time:00:00.01 | Mem:0.00M, Peak:0.00M | Scene, ViewLayer | Synchronizing object | knee_side_face_1_1
Fra:1 Mem:29.39M (Peak 29.50M) | Time:00:00.01 | Mem:0.00M, Peak:0.00M | Scene, ViewLayer | Synchronizing object | return_guard_module_-1
Fra:1 Mem:29.30M (Peak 29.50M) | Time:00:00.01 | Mem:0.00M, Peak:0.00M | Scene, ViewLayer | Synchronizing object | proximal_thigh_shell_1
Fra:1 Mem:29.36M (Peak 29.50M) | Time:00:00.01 | Mem:0.00M, Peak:0.00M | Scene, ViewLayer | Synchronizing object | thigh_access_panel_1
Fra:1 Mem:29.53M (Peak 29.53M) | Time:00:00.01 | Mem:0.00M, Peak:0.00M | Scene, ViewLayer | Synchronizing object | knee_side_face_1_-1
Fra:1 Mem:29.59M (Peak 29.59M) | Time:00:00.01 | Mem:0.00M, Peak:0.00M | Scene, ViewLayer | Synchronizing object | knee_guard_module_1
Fra:1 Mem:29.69M (Peak 29.69M) | Time:00:00.01 | Mem:0.00M, Peak:0.00M | Scene, ViewLayer | Synchronizing object | broad_return_cheek_1_1
Fra:1 Mem:29.67M (Peak 29.69M) | Time:00:00.01 | Mem:0.00M, Peak:0.00M | Scene, ViewLayer | Synchronizing object | hip_side_face_1_-1
Fra:1 Mem:29.85M (Peak 29.85M) | Time:00:00.01 | Mem:0.00M, Peak:0.00M | Scene, ViewLayer | Synchronizing object | knee_candidate_envelope_1
Fra:1 Mem:30.08M (Peak 30.08M) | Time:00:00.01 | Mem:0.00M, Peak:0.00M | Scene, ViewLayer | Synchronizing object | hip_side_face_1_1
Fra:1 Mem:30.18M (Peak 30.18M) | Time:00:00.01 | Mem:0.00M, Peak:0.00M | Scene, ViewLayer | Initializing
Fra:1 Mem:30.18M (Peak 30.18M) | Time:00:00.01 | Mem:0.00M, Peak:0.00M | Scene, ViewLayer | Waiting for render to start
Fra:1 Mem:30.18M (Peak 30.18M) | Time:00:00.01 | Mem:0.00M, Peak:0.00M | Scene, ViewLayer | Loading render kernels (may take a few minutes the first time)
Fra:1 Mem:30.18M (Peak 30.18M) | Time:00:00.01 | Mem:0.00M, Peak:0.00M | Scene, ViewLayer | Updating Scene
Fra:1 Mem:30.18M (Peak 30.18M) | Time:00:00.01 | Mem:0.00M, Peak:0.00M | Scene, ViewLayer | Updating Shaders
Fra:1 Mem:30.26M (Peak 30.26M) | Time:00:00.01 | Mem:0.00M, Peak:0.00M | Scene, ViewLayer | Updating Procedurals
Fra:1 Mem:30.26M (Peak 30.26M) | Time:00:00.01 | Mem:0.00M, Peak:0.00M | Scene, ViewLayer | Updating Background
Fra:1 Mem:30.26M (Peak 30.26M) | Time:00:00.01 | Mem:0.00M, Peak:0.00M | Scene, ViewLayer | Updating Camera
Fra:1 Mem:30.26M (Peak 30.26M) | Time:00:00.01 | Mem:0.00M, Peak:0.00M | Scene, ViewLayer | Updating Meshes Flags
Fra:1 Mem:30.26M (Peak 30.26M) | Time:00:00.01 | Mem:0.00M, Peak:0.00M | Scene, ViewLayer | Updating Objects
Fra:1 Mem:30.26M (Peak 30.26M) | Time:00:00.01 | Mem:0.00M, Peak:0.00M | Scene, ViewLayer | Updating Objects | Copying Transformations to device
Fra:1 Mem:30.28M (Peak 30.28M) | Time:00:00.01 | Mem:0.02M, Peak:0.02M | Scene, ViewLayer | Updating Objects | Applying Static Transformations
Fra:1 Mem:30.28M (Peak 30.28M) | Time:00:00.01 | Mem:0.02M, Peak:0.02M | Scene, ViewLayer | Updating Particle Systems
Fra:1 Mem:30.28M (Peak 30.28M) | Time:00:00.01 | Mem:0.02M, Peak:0.02M | Scene, ViewLayer | Updating Particle Systems | Copying Particles to device
Fra:1 Mem:30.28M (Peak 30.28M) | Time:00:00.01 | Mem:0.02M, Peak:0.02M | Scene, ViewLayer | Updating Meshes
Fra:1 Mem:31.11M (Peak 31.11M) | Time:00:00.01 | Mem:0.02M, Peak:0.02M | Scene, ViewLayer | Updating Mesh | Computing attributes
Fra:1 Mem:31.66M (Peak 31.66M) | Time:00:00.01 | Mem:0.02M, Peak:0.02M | Scene, ViewLayer | Updating Mesh | Copying Attributes to device
Fra:1 Mem:31.65M (Peak 31.66M) | Time:00:00.01 | Mem:0.56M, Peak:0.56M | Scene, ViewLayer | Updating Scene BVH | Building
Fra:1 Mem:31.65M (Peak 31.66M) | Time:00:00.01 | Mem:0.56M, Peak:0.56M | Scene, ViewLayer | Updating Scene BVH | Building BVH
Fra:1 Mem:34.79M (Peak 34.79M) | Time:00:00.02 | Mem:0.56M, Peak:0.56M | Scene, ViewLayer | Updating Scene BVH | Packing BVH triangles and strands
Fra:1 Mem:34.99M (Peak 34.99M) | Time:00:00.02 | Mem:0.56M, Peak:0.56M | Scene, ViewLayer | Updating Scene BVH | Packing BVH nodes
Fra:1 Mem:35.02M (Peak 35.02M) | Time:00:00.03 | Mem:0.56M, Peak:0.56M | Scene, ViewLayer | Updating Scene BVH | Copying BVH to device
Fra:1 Mem:35.02M (Peak 35.02M) | Time:00:00.03 | Mem:2.24M, Peak:2.24M | Scene, ViewLayer | Updating Mesh | Computing normals
Fra:1 Mem:37.50M (Peak 37.50M) | Time:00:00.03 | Mem:2.24M, Peak:2.24M | Scene, ViewLayer | Updating Mesh | Copying Mesh to device
Fra:1 Mem:37.50M (Peak 37.50M) | Time:00:00.03 | Mem:4.72M, Peak:4.72M | Scene, ViewLayer | Updating Objects Flags
Fra:1 Mem:37.50M (Peak 37.50M) | Time:00:00.03 | Mem:4.72M, Peak:4.72M | Scene, ViewLayer | Updating Primitive Offsets
Fra:1 Mem:37.50M (Peak 37.50M) | Time:00:00.03 | Mem:4.72M, Peak:4.72M | Scene, ViewLayer | Updating Images
Fra:1 Mem:37.50M (Peak 37.50M) | Time:00:00.03 | Mem:4.72M, Peak:4.72M | Scene, ViewLayer | Updating Camera Volume
Fra:1 Mem:37.50M (Peak 37.50M) | Time:00:00.03 | Mem:4.72M, Peak:4.72M | Scene, ViewLayer | Updating Lookup Tables
Fra:1 Mem:37.50M (Peak 37.50M) | Time:00:00.03 | Mem:4.80M, Peak:4.80M | Scene, ViewLayer | Updating Lights
Fra:1 Mem:37.50M (Peak 37.50M) | Time:00:00.03 | Mem:4.80M, Peak:4.80M | Scene, ViewLayer | Updating Lights | Computing distribution
Fra:1 Mem:37.50M (Peak 37.50M) | Time:00:00.03 | Mem:4.80M, Peak:4.80M | Scene, ViewLayer | Updating Lights | Computing tree
Fra:1 Mem:37.50M (Peak 37.50M) | Time:00:00.03 | Mem:4.80M, Peak:4.80M | Scene, ViewLayer | Updating Integrator
Fra:1 Mem:38.50M (Peak 38.50M) | Time:00:00.03 | Mem:5.80M, Peak:5.80M | Scene, ViewLayer | Updating Film
Fra:1 Mem:38.50M (Peak 38.50M) | Time:00:00.03 | Mem:5.72M, Peak:5.80M | Scene, ViewLayer | Updating Lookup Tables
Fra:1 Mem:38.50M (Peak 38.50M) | Time:00:00.03 | Mem:5.81M, Peak:5.81M | Scene, ViewLayer | Updating Baking
Fra:1 Mem:38.50M (Peak 38.50M) | Time:00:00.03 | Mem:5.81M, Peak:5.81M | Scene, ViewLayer | Updating Device | Writing constant memory
Fra:1 Mem:38.50M (Peak 38.50M) | Time:00:00.03 | Mem:5.81M, Peak:5.81M | Scene, ViewLayer | Sample 0/40
Fra:1 Mem:72.86M (Peak 72.86M) | Time:00:00.21 | Remaining:00:07.09 | Mem:40.14M, Peak:40.14M | Scene, ViewLayer | Sample 1/40
Fra:1 Mem:88.12M (Peak 118.64M) | Time:00:05.95 | Mem:40.14M, Peak:40.14M | Scene, ViewLayer | Sample 40/40
Fra:1 Mem:88.12M (Peak 118.64M) | Time:00:05.95 | Mem:40.14M, Peak:40.14M | Scene, ViewLayer | Finished
Saved: '/home/ethan/Projects/Sai_Art/docs/uri_style/gorilla_v0_2/images/lower_body_module_front_s4.png'
Time: 00:06.00 (Saving: 00:00.05)

Fra:1 Mem:72.87M (Peak 72.87M) | Time:00:00.00 | Mem:40.14M, Peak:40.14M | Scene, ViewLayer | Initializing
Fra:1 Mem:72.86M (Peak 72.87M) | Time:00:00.00 | Mem:40.14M, Peak:40.14M | Scene, ViewLayer | Waiting for render to start
Fra:1 Mem:72.86M (Peak 72.87M) | Time:00:00.00 | Mem:40.14M, Peak:40.14M | Scene, ViewLayer | Updating Scene
Fra:1 Mem:72.86M (Peak 72.87M) | Time:00:00.00 | Mem:40.14M, Peak:40.14M | Scene, ViewLayer | Updating Shaders
Fra:1 Mem:72.86M (Peak 72.87M) | Time:00:00.00 | Mem:40.14M, Peak:40.14M | Scene, ViewLayer | Updating Background
Fra:1 Mem:72.86M (Peak 72.87M) | Time:00:00.00 | Mem:40.14M, Peak:40.14M | Scene, ViewLayer | Updating Camera
Fra:1 Mem:72.86M (Peak 72.87M) | Time:00:00.00 | Mem:40.14M, Peak:40.14M | Scene, ViewLayer | Updating Objects
Fra:1 Mem:72.86M (Peak 72.87M) | Time:00:00.00 | Mem:40.14M, Peak:40.14M | Scene, ViewLayer | Updating Particle Systems
Fra:1 Mem:72.86M (Peak 72.87M) | Time:00:00.00 | Mem:40.14M, Peak:40.14M | Scene, ViewLayer | Updating Meshes
Fra:1 Mem:72.86M (Peak 72.87M) | Time:00:00.00 | Mem:40.14M, Peak:40.14M | Scene, ViewLayer | Updating Objects Flags
Fra:1 Mem:72.86M (Peak 72.87M) | Time:00:00.00 | Mem:40.14M, Peak:40.14M | Scene, ViewLayer | Updating Primitive Offsets
Fra:1 Mem:72.86M (Peak 72.87M) | Time:00:00.00 | Mem:40.14M, Peak:40.14M | Scene, ViewLayer | Updating Images
Fra:1 Mem:72.86M (Peak 72.87M) | Time:00:00.00 | Mem:40.14M, Peak:40.14M | Scene, ViewLayer | Updating Camera Volume
Fra:1 Mem:72.86M (Peak 72.87M) | Time:00:00.00 | Mem:40.14M, Peak:40.14M | Scene, ViewLayer | Updating Lookup Tables
Fra:1 Mem:72.86M (Peak 72.87M) | Time:00:00.00 | Mem:40.14M, Peak:40.14M | Scene, ViewLayer | Updating Lights
Fra:1 Mem:72.86M (Peak 72.87M) | Time:00:00.00 | Mem:40.14M, Peak:40.14M | Scene, ViewLayer | Updating Integrator
Fra:1 Mem:72.86M (Peak 72.87M) | Time:00:00.00 | Mem:40.14M, Peak:40.14M | Scene, ViewLayer | Updating Film
Fra:1 Mem:72.86M (Peak 72.87M) | Time:00:00.00 | Mem:40.14M, Peak:40.14M | Scene, ViewLayer | Updating Lookup Tables
Fra:1 Mem:72.86M (Peak 72.87M) | Time:00:00.00 | Mem:40.14M, Peak:40.14M | Scene, ViewLayer | Updating Baking
Fra:1 Mem:72.86M (Peak 72.87M) | Time:00:00.00 | Mem:40.14M, Peak:40.14M | Scene, ViewLayer | Updating Device | Writing constant memory
Fra:1 Mem:72.86M (Peak 72.87M) | Time:00:00.00 | Mem:40.14M, Peak:40.14M | Scene, ViewLayer | Sample 0/40
Fra:1 Mem:72.86M (Peak 72.87M) | Time:00:00.08 | Remaining:00:03.12 | Mem:40.14M, Peak:40.14M | Scene, ViewLayer | Sample 1/40
Fra:1 Mem:88.12M (Peak 118.64M) | Time:00:02.82 | Mem:40.14M, Peak:40.14M | Scene, ViewLayer | Sample 40/40
Fra:1 Mem:88.12M (Peak 118.64M) | Time:00:02.82 | Mem:40.14M, Peak:40.14M | Scene, ViewLayer | Finished
Saved: '/home/ethan/Projects/Sai_Art/docs/uri_style/gorilla_v0_2/images/lower_body_module_left_s4.png'
Time: 00:02.87 (Saving: 00:00.04)

Fra:1 Mem:72.87M (Peak 72.87M) | Time:00:00.00 | Mem:40.14M, Peak:40.14M | Scene, ViewLayer | Initializing
Fra:1 Mem:72.86M (Peak 72.87M) | Time:00:00.00 | Mem:40.14M, Peak:40.14M | Scene, ViewLayer | Waiting for render to start
Fra:1 Mem:72.86M (Peak 72.87M) | Time:00:00.00 | Mem:40.14M, Peak:40.14M | Scene, ViewLayer | Updating Scene
Fra:1 Mem:72.86M (Peak 72.87M) | Time:00:00.00 | Mem:40.14M, Peak:40.14M | Scene, ViewLayer | Updating Shaders
Fra:1 Mem:72.86M (Peak 72.87M) | Time:00:00.00 | Mem:40.14M, Peak:40.14M | Scene, ViewLayer | Updating Background
Fra:1 Mem:72.86M (Peak 72.87M) | Time:00:00.00 | Mem:40.14M, Peak:40.14M | Scene, ViewLayer | Updating Camera
Fra:1 Mem:72.86M (Peak 72.87M) | Time:00:00.00 | Mem:40.14M, Peak:40.14M | Scene, ViewLayer | Updating Objects
Fra:1 Mem:72.86M (Peak 72.87M) | Time:00:00.00 | Mem:40.14M, Peak:40.14M | Scene, ViewLayer | Updating Particle Systems
Fra:1 Mem:72.86M (Peak 72.87M) | Time:00:00.00 | Mem:40.14M, Peak:40.14M | Scene, ViewLayer | Updating Meshes
Fra:1 Mem:72.86M (Peak 72.87M) | Time:00:00.00 | Mem:40.14M, Peak:40.14M | Scene, ViewLayer | Updating Objects Flags
Fra:1 Mem:72.86M (Peak 72.87M) | Time:00:00.00 | Mem:40.14M, Peak:40.14M | Scene, ViewLayer | Updating Primitive Offsets
Fra:1 Mem:72.86M (Peak 72.87M) | Time:00:00.00 | Mem:40.14M, Peak:40.14M | Scene, ViewLayer | Updating Images
Fra:1 Mem:72.86M (Peak 72.87M) | Time:00:00.00 | Mem:40.14M, Peak:40.14M | Scene, ViewLayer | Updating Camera Volume
Fra:1 Mem:72.86M (Peak 72.87M) | Time:00:00.00 | Mem:40.14M, Peak:40.14M | Scene, ViewLayer | Updating Lookup Tables
Fra:1 Mem:72.86M (Peak 72.87M) | Time:00:00.00 | Mem:40.14M, Peak:40.14M | Scene, ViewLayer | Updating Lights
Fra:1 Mem:72.86M (Peak 72.87M) | Time:00:00.00 | Mem:40.14M, Peak:40.14M | Scene, ViewLayer | Updating Integrator
Fra:1 Mem:72.86M (Peak 72.87M) | Time:00:00.00 | Mem:40.14M, Peak:40.14M | Scene, ViewLayer | Updating Film
Fra:1 Mem:72.86M (Peak 72.87M) | Time:00:00.00 | Mem:40.14M, Peak:40.14M | Scene, ViewLayer | Updating Lookup Tables
Fra:1 Mem:72.86M (Peak 72.87M) | Time:00:00.00 | Mem:40.14M, Peak:40.14M | Scene, ViewLayer | Updating Baking
Fra:1 Mem:72.86M (Peak 72.87M) | Time:00:00.00 | Mem:40.14M, Peak:40.14M | Scene, ViewLayer | Updating Device | Writing constant memory
Fra:1 Mem:72.86M (Peak 72.87M) | Time:00:00.00 | Mem:40.14M, Peak:40.14M | Scene, ViewLayer | Sample 0/40
Fra:1 Mem:72.86M (Peak 72.87M) | Time:00:00.16 | Remaining:00:06.28 | Mem:40.14M, Peak:40.14M | Scene, ViewLayer | Sample 1/40
Fra:1 Mem:88.12M (Peak 118.64M) | Time:00:05.66 | Mem:40.14M, Peak:40.14M | Scene, ViewLayer | Sample 40/40
Fra:1 Mem:88.12M (Peak 118.64M) | Time:00:05.66 | Mem:40.14M, Peak:40.14M | Scene, ViewLayer | Finished
Saved: '/home/ethan/Projects/Sai_Art/docs/uri_style/gorilla_v0_2/images/lower_body_module_rear_s4.png'
Time: 00:05.71 (Saving: 00:00.05)

Fra:1 Mem:72.87M (Peak 72.87M) | Time:00:00.00 | Mem:40.14M, Peak:40.14M | Scene, ViewLayer | Initializing
Fra:1 Mem:72.86M (Peak 72.87M) | Time:00:00.00 | Mem:40.14M, Peak:40.14M | Scene, ViewLayer | Waiting for render to start
Fra:1 Mem:72.86M (Peak 72.87M) | Time:00:00.00 | Mem:40.14M, Peak:40.14M | Scene, ViewLayer | Updating Scene
Fra:1 Mem:72.86M (Peak 72.87M) | Time:00:00.00 | Mem:40.14M, Peak:40.14M | Scene, ViewLayer | Updating Shaders
Fra:1 Mem:72.86M (Peak 72.87M) | Time:00:00.00 | Mem:40.14M, Peak:40.14M | Scene, ViewLayer | Updating Background
Fra:1 Mem:72.86M (Peak 72.87M) | Time:00:00.00 | Mem:40.14M, Peak:40.14M | Scene, ViewLayer | Updating Camera
Fra:1 Mem:72.86M (Peak 72.87M) | Time:00:00.00 | Mem:40.14M, Peak:40.14M | Scene, ViewLayer | Updating Objects
Fra:1 Mem:72.86M (Peak 72.87M) | Time:00:00.00 | Mem:40.14M, Peak:40.14M | Scene, ViewLayer | Updating Particle Systems
Fra:1 Mem:72.86M (Peak 72.87M) | Time:00:00.00 | Mem:40.14M, Peak:40.14M | Scene, ViewLayer | Updating Meshes
Fra:1 Mem:72.86M (Peak 72.87M) | Time:00:00.00 | Mem:40.14M, Peak:40.14M | Scene, ViewLayer | Updating Objects Flags
Fra:1 Mem:72.86M (Peak 72.87M) | Time:00:00.00 | Mem:40.14M, Peak:40.14M | Scene, ViewLayer | Updating Primitive Offsets
Fra:1 Mem:72.86M (Peak 72.87M) | Time:00:00.00 | Mem:40.14M, Peak:40.14M | Scene, ViewLayer | Updating Images
Fra:1 Mem:72.86M (Peak 72.87M) | Time:00:00.00 | Mem:40.14M, Peak:40.14M | Scene, ViewLayer | Updating Camera Volume
Fra:1 Mem:72.86M (Peak 72.87M) | Time:00:00.00 | Mem:40.14M, Peak:40.14M | Scene, ViewLayer | Updating Lookup Tables
Fra:1 Mem:72.86M (Peak 72.87M) | Time:00:00.00 | Mem:40.14M, Peak:40.14M | Scene, ViewLayer | Updating Lights
Fra:1 Mem:72.86M (Peak 72.87M) | Time:00:00.00 | Mem:40.14M, Peak:40.14M | Scene, ViewLayer | Updating Integrator
Fra:1 Mem:72.86M (Peak 72.87M) | Time:00:00.00 | Mem:40.14M, Peak:40.14M | Scene, ViewLayer | Updating Film
Fra:1 Mem:72.86M (Peak 72.87M) | Time:00:00.00 | Mem:40.14M, Peak:40.14M | Scene, ViewLayer | Updating Lookup Tables
Fra:1 Mem:72.86M (Peak 72.87M) | Time:00:00.00 | Mem:40.14M, Peak:40.14M | Scene, ViewLayer | Updating Baking
Fra:1 Mem:72.86M (Peak 72.87M) | Time:00:00.00 | Mem:40.14M, Peak:40.14M | Scene, ViewLayer | Updating Device | Writing constant memory
Fra:1 Mem:72.86M (Peak 72.87M) | Time:00:00.00 | Mem:40.14M, Peak:40.14M | Scene, ViewLayer | Sample 0/40
Fra:1 Mem:72.86M (Peak 72.87M) | Time:00:00.07 | Remaining:00:02.96 | Mem:40.14M, Peak:40.14M | Scene, ViewLayer | Sample 1/40
Fra:1 Mem:88.12M (Peak 118.64M) | Time:00:02.73 | Mem:40.14M, Peak:40.14M | Scene, ViewLayer | Sample 40/40
Fra:1 Mem:88.12M (Peak 118.64M) | Time:00:02.73 | Mem:40.14M, Peak:40.14M | Scene, ViewLayer | Finished
Saved: '/home/ethan/Projects/Sai_Art/docs/uri_style/gorilla_v0_2/images/lower_body_module_top_s4.png'
Time: 00:02.78 (Saving: 00:00.04)

Fra:1 Mem:121.70M (Peak 124.20M) | Time:00:00.05 | Mem:40.14M, Peak:40.14M | Scene, ViewLayer | Synchronizing object | guide_FRONT_load_cradle_-1
Fra:1 Mem:121.72M (Peak 124.20M) | Time:00:00.05 | Mem:40.14M, Peak:40.14M | Scene, ViewLayer | Synchronizing object | guide_FRONT_integrated_ankle_cheek_-1_-1
Fra:1 Mem:121.74M (Peak 124.20M) | Time:00:00.05 | Mem:40.14M, Peak:40.14M | Scene, ViewLayer | Synchronizing object | guide_FRONT_low_ankle_cross_axle_-1
Fra:1 Mem:121.86M (Peak 124.20M) | Time:00:00.05 | Mem:40.14M, Peak:40.14M | Scene, ViewLayer | Synchronizing object | guide_FRONT_low_ankle_face_-1_-1
Fra:1 Mem:121.86M (Peak 124.20M) | Time:00:00.05 | Mem:40.14M, Peak:40.14M | Scene, ViewLayer | Synchronizing object | guide_FRONT_low_ankle_center_-1_-1
Fra:1 Mem:121.95M (Peak 124.20M) | Time:00:00.05 | Mem:40.14M, Peak:40.14M | Scene, ViewLayer | Synchronizing object | guide_FRONT_low_ankle_face_-1_1
Fra:1 Mem:121.94M (Peak 124.20M) | Time:00:00.05 | Mem:40.14M, Peak:40.14M | Scene, ViewLayer | Synchronizing object | guide_FRONT_low_ankle_center_-1_1
Fra:1 Mem:122.10M (Peak 124.20M) | Time:00:00.05 | Mem:40.14M, Peak:40.14M | Scene, ViewLayer | Synchronizing object | label_FRONT
Fra:1 Mem:122.18M (Peak 124.20M) | Time:00:00.05 | Mem:40.14M, Peak:40.14M | Scene, ViewLayer | Synchronizing object | guide_FRONT_complete_forefoot_armor_-1
Fra:1 Mem:122.17M (Peak 124.20M) | Time:00:00.05 | Mem:40.14M, Peak:40.14M | Scene, ViewLayer | Synchronizing object | guide_FRONT_toe_contact_guard_-1
Fra:1 Mem:122.23M (Peak 124.20M) | Time:00:00.05 | Mem:40.14M, Peak:40.14M | Scene, ViewLayer | Synchronizing object | guide_FRONT_heel_contact_guard_-1
Fra:1 Mem:122.24M (Peak 124.20M) | Time:00:00.05 | Mem:40.14M, Peak:40.14M | Scene, ViewLayer | Synchronizing object | guide_FRONT_whole_contact_sole_1
Fra:1 Mem:122.29M (Peak 124.20M) | Time:00:00.05 | Mem:40.14M, Peak:40.14M | Scene, ViewLayer | Synchronizing object | guide_FRONT_load_cradle_1
Fra:1 Mem:122.31M (Peak 124.20M) | Time:00:00.05 | Mem:40.14M, Peak:40.14M | Scene, ViewLayer | Synchronizing object | guide_FRONT_integrated_ankle_cheek_1_-1
Fra:1 Mem:122.31M (Peak 124.20M) | Time:00:00.05 | Mem:40.14M, Peak:40.14M | Scene, ViewLayer | Synchronizing object | guide_FRONT_integrated_ankle_cheek_1_1
Fra:1 Mem:122.35M (Peak 124.20M) | Time:00:00.05 | Mem:40.14M, Peak:40.14M | Scene, ViewLayer | Synchronizing object | guide_FRONT_low_ankle_cross_axle_1
Fra:1 Mem:122.41M (Peak 124.20M) | Time:00:00.05 | Mem:40.14M, Peak:40.14M | Scene, ViewLayer | Synchronizing object | guide_FRONT_low_ankle_center_1_-1
Fra:1 Mem:122.43M (Peak 124.20M) | Time:00:00.05 | Mem:40.14M, Peak:40.14M | Scene, ViewLayer | Synchronizing object | guide_FRONT_low_ankle_face_1_1
Fra:1 Mem:122.55M (Peak 124.20M) | Time:00:00.05 | Mem:40.14M, Peak:40.14M | Scene, ViewLayer | Synchronizing object | label_LEFT
Fra:1 Mem:122.61M (Peak 124.20M) | Time:00:00.05 | Mem:40.14M, Peak:40.14M | Scene, ViewLayer | Synchronizing object | guide_FRONT_heel_contact_guard_1
Fra:1 Mem:122.66M (Peak 124.20M) | Time:00:00.05 | Mem:40.14M, Peak:40.14M | Scene, ViewLayer | Synchronizing object | guide_FRONT_proximal_thigh_shell_-1
Fra:1 Mem:122.76M (Peak 124.20M) | Time:00:00.05 | Mem:40.14M, Peak:40.14M | Scene, ViewLayer | Synchronizing object | guide_FRONT_thigh_access_panel_-1
Fra:1 Mem:122.98M (Peak 124.20M) | Time:00:00.05 | Mem:40.14M, Peak:40.14M | Scene, ViewLayer | Synchronizing object | guide_FRONT_knee_guard_module_-1
Fra:1 Mem:122.83M (Peak 124.20M) | Time:00:00.05 | Mem:40.14M, Peak:40.14M | Scene, ViewLayer | Synchronizing object | guide_FRONT_broad_return_cheek_-1_-1
Fra:1 Mem:123.06M (Peak 124.20M) | Time:00:00.05 | Mem:40.14M, Peak:40.14M | Scene, ViewLayer | Synchronizing object | guide_FRONT_broad_return_cheek_-1_1
Fra:1 Mem:123.09M (Peak 124.20M) | Time:00:00.05 | Mem:40.14M, Peak:40.14M | Scene, ViewLayer | Synchronizing object | label_REAR
Fra:1 Mem:123.31M (Peak 124.20M) | Time:00:00.05 | Mem:40.14M, Peak:40.14M | Scene, ViewLayer | Synchronizing object | guide_FRONT_hip_candidate_envelope_-1
Fra:1 Mem:123.58M (Peak 124.20M) | Time:00:00.05 | Mem:40.14M, Peak:40.14M | Scene, ViewLayer | Synchronizing object | guide_FRONT_hip_side_face_-1_-1
Fra:1 Mem:123.44M (Peak 124.20M) | Time:00:00.05 | Mem:40.14M, Peak:40.14M | Scene, ViewLayer | Synchronizing object | guide_FRONT_hip_side_face_-1_1
Fra:1 Mem:123.44M (Peak 124.20M) | Time:00:00.05 | Mem:40.14M, Peak:40.14M | Scene, ViewLayer | Synchronizing object | guide_FRONT_knee_candidate_envelope_-1
Fra:1 Mem:123.48M (Peak 124.20M) | Time:00:00.05 | Mem:40.14M, Peak:40.14M | Scene, ViewLayer | Synchronizing object | guide_FRONT_knee_side_face_-1_-1
Fra:1 Mem:123.69M (Peak 124.20M) | Time:00:00.05 | Mem:40.14M, Peak:40.14M | Scene, ViewLayer | Synchronizing object | guide_FRONT_knee_side_face_-1_1
Fra:1 Mem:123.72M (Peak 124.20M) | Time:00:00.05 | Mem:40.14M, Peak:40.14M | Scene, ViewLayer | Synchronizing object | guide_FRONT_return_candidate_envelope_-1
Fra:1 Mem:123.71M (Peak 124.20M) | Time:00:00.05 | Mem:40.14M, Peak:40.14M | Scene, ViewLayer | Synchronizing object | guide_FRONT_return_side_face_-1_-1
Fra:1 Mem:123.81M (Peak 124.20M) | Time:00:00.05 | Mem:40.14M, Peak:40.14M | Scene, ViewLayer | Synchronizing object | guide_FRONT_return_side_face_-1_1
Fra:1 Mem:123.88M (Peak 124.20M) | Time:00:00.05 | Mem:40.14M, Peak:40.14M | Scene, ViewLayer | Synchronizing object | guide_FRONT_continuous_shank_shell_-1
Fra:1 Mem:123.97M (Peak 124.20M) | Time:00:00.05 | Mem:40.14M, Peak:40.14M | Scene, ViewLayer | Synchronizing object | guide_TOP_return_guard_module_1
Fra:1 Mem:124.04M (Peak 124.20M) | Time:00:00.05 | Mem:40.14M, Peak:40.14M | Scene, ViewLayer | Synchronizing object | guide_FRONT_rear_service_cylinder_-1
Fra:1 Mem:124.12M (Peak 124.20M) | Time:00:00.05 | Mem:40.14M, Peak:40.14M | Scene, ViewLayer | Synchronizing object | guide_FRONT_rear_service_rod_-1
Fra:1 Mem:124.08M (Peak 124.20M) | Time:00:00.05 | Mem:40.14M, Peak:40.14M | Scene, ViewLayer | Synchronizing object | guide_TOP_rear_service_rod_1
Fra:1 Mem:124.10M (Peak 124.20M) | Time:00:00.05 | Mem:40.14M, Peak:40.14M | Scene, ViewLayer | Synchronizing object | guide_FRONT_thigh_access_panel_1
Fra:1 Mem:124.36M (Peak 124.36M) | Time:00:00.05 | Mem:40.14M, Peak:40.14M | Scene, ViewLayer | Synchronizing object | guide_FRONT_knee_guard_module_1
Fra:1 Mem:124.63M (Peak 124.63M) | Time:00:00.05 | Mem:40.14M, Peak:40.14M | Scene, ViewLayer | Synchronizing object | guide_FRONT_broad_return_cheek_1_-1
Fra:1 Mem:124.58M (Peak 124.63M) | Time:00:00.05 | Mem:40.14M, Peak:40.14M | Scene, ViewLayer | Synchronizing object | guide_FRONT_broad_return_cheek_1_1
Fra:1 Mem:124.49M (Peak 124.63M) | Time:00:00.05 | Mem:40.14M, Peak:40.14M | Scene, ViewLayer | Synchronizing object | guide_TOP_rear_service_cylinder_1
Fra:1 Mem:124.72M (Peak 124.72M) | Time:00:00.05 | Mem:40.14M, Peak:40.14M | Scene, ViewLayer | Synchronizing object | guide_FRONT_hip_candidate_envelope_1
Fra:1 Mem:124.74M (Peak 124.74M) | Time:00:00.05 | Mem:40.14M, Peak:40.14M | Scene, ViewLayer | Synchronizing object | guide_FRONT_hip_side_face_1_-1
Fra:1 Mem:125.02M (Peak 125.02M) | Time:00:00.05 | Mem:40.14M, Peak:40.14M | Scene, ViewLayer | Synchronizing object | guide_FRONT_hip_side_face_1_1
Fra:1 Mem:125.12M (Peak 125.12M) | Time:00:00.05 | Mem:40.14M, Peak:40.14M | Scene, ViewLayer | Synchronizing object | guide_FRONT_knee_candidate_envelope_1
Fra:1 Mem:125.25M (Peak 125.25M) | Time:00:00.05 | Mem:40.14M, Peak:40.14M | Scene, ViewLayer | Synchronizing object | guide_FRONT_knee_side_face_1_-1
Fra:1 Mem:125.22M (Peak 125.25M) | Time:00:00.05 | Mem:40.14M, Peak:40.14M | Scene, ViewLayer | Synchronizing object | guide_FRONT_return_candidate_envelope_1
Fra:1 Mem:125.45M (Peak 125.45M) | Time:00:00.05 | Mem:40.14M, Peak:40.14M | Scene, ViewLayer | Synchronizing object | guide_FRONT_return_side_face_1_-1
Fra:1 Mem:125.27M (Peak 125.45M) | Time:00:00.05 | Mem:40.14M, Peak:40.14M | Scene, ViewLayer | Synchronizing object | guide_FRONT_return_side_face_1_1
Fra:1 Mem:125.38M (Peak 125.45M) | Time:00:00.05 | Mem:40.14M, Peak:40.14M | Scene, ViewLayer | Synchronizing object | guide_TOP_continuous_shank_shell_1
Fra:1 Mem:125.46M (Peak 125.46M) | Time:00:00.05 | Mem:40.14M, Peak:40.14M | Scene, ViewLayer | Synchronizing object | guide_FRONT_rear_service_cylinder_1
Fra:1 Mem:125.81M (Peak 125.81M) | Time:00:00.05 | Mem:40.14M, Peak:40.14M | Scene, ViewLayer | Synchronizing object | guide_FRONT_rear_service_rod_1
Fra:1 Mem:125.77M (Peak 125.81M) | Time:00:00.05 | Mem:40.14M, Peak:40.14M | Scene, ViewLayer | Synchronizing object | guide_FRONT_return_guard_module_1
Fra:1 Mem:126.16M (Peak 126.16M) | Time:00:00.05 | Mem:40.14M, Peak:40.14M | Scene, ViewLayer | Synchronizing object | guide_LEFT_whole_contact_sole_-1
Fra:1 Mem:126.19M (Peak 126.19M) | Time:00:00.05 | Mem:40.14M, Peak:40.14M | Scene, ViewLayer | Synchronizing object | guide_LEFT_load_cradle_-1
Fra:1 Mem:126.13M (Peak 126.19M) | Time:00:00.05 | Mem:40.14M, Peak:40.14M | Scene, ViewLayer | Synchronizing object | guide_LEFT_integrated_ankle_cheek_-1_-1
Fra:1 Mem:126.01M (Peak 126.19M) | Time:00:00.05 | Mem:40.14M, Peak:40.14M | Scene, ViewLayer | Synchronizing object | guide_LEFT_integrated_ankle_cheek_-1_1
Fra:1 Mem:126.06M (Peak 126.19M) | Time:00:00.05 | Mem:40.14M, Peak:40.14M | Scene, ViewLayer | Synchronizing object | guide_LEFT_low_ankle_cross_axle_-1
Fra:1 Mem:126.05M (Peak 126.19M) | Time:00:00.05 | Mem:40.14M, Peak:40.14M | Scene, ViewLayer | Synchronizing object | guide_TOP_return_side_face_1_1
Fra:1 Mem:126.24M (Peak 126.24M) | Time:00:00.05 | Mem:40.14M, Peak:40.14M | Scene, ViewLayer | Synchronizing object | guide_LEFT_low_ankle_face_-1_-1
Fra:1 Mem:126.37M (Peak 126.37M) | Time:00:00.05 | Mem:40.14M, Peak:40.14M | Scene, ViewLayer | Synchronizing object | guide_LEFT_low_ankle_center_-1_-1
Fra:1 Mem:126.38M (Peak 126.38M) | Time:00:00.05 | Mem:40.14M, Peak:40.14M | Scene, ViewLayer | Synchronizing object | guide_LEFT_low_ankle_center_-1_1
Fra:1 Mem:126.45M (Peak 126.45M) | Time:00:00.05 | Mem:40.14M, Peak:40.14M | Scene, ViewLayer | Synchronizing object | guide_LEFT_complete_forefoot_armor_-1
Fra:1 Mem:126.51M (Peak 126.51M) | Time:00:00.05 | Mem:40.14M, Peak:40.14M | Scene, ViewLayer | Synchronizing object | guide_TOP_return_side_face_1_-1
Fra:1 Mem:126.49M (Peak 126.51M) | Time:00:00.05 | Mem:40.14M, Peak:40.14M | Scene, ViewLayer | Synchronizing object | guide_LEFT_toe_contact_guard_-1
Fra:1 Mem:126.53M (Peak 126.53M) | Time:00:00.05 | Mem:40.14M, Peak:40.14M | Scene, ViewLayer | Synchronizing object | guide_LEFT_heel_contact_guard_-1
Fra:1 Mem:126.59M (Peak 126.59M) | Time:00:00.05 | Mem:40.14M, Peak:40.14M | Scene, ViewLayer | Synchronizing object | guide_LEFT_whole_contact_sole_1
Fra:1 Mem:126.69M (Peak 126.69M) | Time:00:00.05 | Mem:40.14M, Peak:40.14M | Scene, ViewLayer | Synchronizing object | guide_LEFT_load_cradle_1
Fra:1 Mem:126.71M (Peak 126.71M) | Time:00:00.05 | Mem:40.14M, Peak:40.14M | Scene, ViewLayer | Synchronizing object | guide_LEFT_low_ankle_cross_axle_1
Fra:1 Mem:126.82M (Peak 126.82M) | Time:00:00.05 | Mem:40.14M, Peak:40.14M | Scene, ViewLayer | Synchronizing object | guide_TOP_return_candidate_envelope_1
Fra:1 Mem:126.92M (Peak 126.92M) | Time:00:00.05 | Mem:40.14M, Peak:40.14M | Scene, ViewLayer | Synchronizing object | guide_LEFT_low_ankle_face_1_-1
Fra:1 Mem:126.87M (Peak 126.92M) | Time:00:00.05 | Mem:40.14M, Peak:40.14M | Scene, ViewLayer | Synchronizing object | guide_LEFT_low_ankle_face_1_1
Fra:1 Mem:127.09M (Peak 127.09M) | Time:00:00.05 | Mem:40.14M, Peak:40.14M | Scene, ViewLayer | Synchronizing object | guide_TOP_knee_side_face_1_1
Fra:1 Mem:127.20M (Peak 127.20M) | Time:00:00.05 | Mem:40.14M, Peak:40.14M | Scene, ViewLayer | Synchronizing object | guide_LEFT_low_ankle_center_1_1
Fra:1 Mem:127.31M (Peak 127.31M) | Time:00:00.05 | Mem:40.14M, Peak:40.14M | Scene, ViewLayer | Synchronizing object | guide_LEFT_complete_forefoot_armor_1
Fra:1 Mem:127.26M (Peak 127.31M) | Time:00:00.05 | Mem:40.14M, Peak:40.14M | Scene, ViewLayer | Synchronizing object | guide_LEFT_heel_contact_guard_1
Fra:1 Mem:127.38M (Peak 127.38M) | Time:00:00.05 | Mem:40.14M, Peak:40.14M | Scene, ViewLayer | Synchronizing object | guide_TOP_knee_side_face_1_-1
Fra:1 Mem:127.36M (Peak 127.38M) | Time:00:00.05 | Mem:40.14M, Peak:40.14M | Scene, ViewLayer | Synchronizing object | guide_LEFT_proximal_thigh_shell_-1
Fra:1 Mem:127.41M (Peak 127.41M) | Time:00:00.05 | Mem:40.14M, Peak:40.14M | Scene, ViewLayer | Synchronizing object | guide_LEFT_thigh_access_panel_-1
Fra:1 Mem:127.56M (Peak 127.56M) | Time:00:00.05 | Mem:40.14M, Peak:40.14M | Scene, ViewLayer | Synchronizing object | guide_LEFT_broad_return_cheek_-1_-1
Fra:1 Mem:127.58M (Peak 127.58M) | Time:00:00.05 | Mem:40.14M, Peak:40.14M | Scene, ViewLayer | Synchronizing object | guide_TOP_knee_candidate_envelope_1
Fra:1 Mem:127.66M (Peak 127.66M) | Time:00:00.05 | Mem:40.14M, Peak:40.14M | Scene, ViewLayer | Synchronizing object | guide_LEFT_broad_return_cheek_-1_1
Fra:1 Mem:128.11M (Peak 128.11M) | Time:00:00.05 | Mem:40.14M, Peak:40.14M | Scene, ViewLayer | Synchronizing object | guide_TOP_hip_side_face_1_1
Fra:1 Mem:128.19M (Peak 128.19M) | Time:00:00.05 | Mem:40.14M, Peak:40.14M | Scene, ViewLayer | Synchronizing object | guide_LEFT_hip_side_face_-1_-1
Fra:1 Mem:128.23M (Peak 128.23M) | Time:00:00.05 | Mem:40.14M, Peak:40.14M | Scene, ViewLayer | Synchronizing object | guide_LEFT_hip_side_face_-1_1
Fra:1 Mem:128.18M (Peak 128.23M) | Time:00:00.05 | Mem:40.14M, Peak:40.14M | Scene, ViewLayer | Synchronizing object | guide_LEFT_knee_candidate_envelope_-1
Fra:1 Mem:128.22M (Peak 128.23M) | Time:00:00.05 | Mem:40.14M, Peak:40.14M | Scene, ViewLayer | Synchronizing object | guide_LEFT_knee_side_face_-1_-1
Fra:1 Mem:128.32M (Peak 128.32M) | Time:00:00.05 | Mem:40.14M, Peak:40.14M | Scene, ViewLayer | Synchronizing object | guide_TOP_hip_side_face_1_-1
Fra:1 Mem:128.36M (Peak 128.36M) | Time:00:00.05 | Mem:40.14M, Peak:40.14M | Scene, ViewLayer | Synchronizing object | guide_LEFT_knee_side_face_-1_1
Fra:1 Mem:128.45M (Peak 128.45M) | Time:00:00.05 | Mem:40.14M, Peak:40.14M | Scene, ViewLayer | Synchronizing object | guide_LEFT_return_candidate_envelope_-1
Fra:1 Mem:128.47M (Peak 128.47M) | Time:00:00.05 | Mem:40.14M, Peak:40.14M | Scene, ViewLayer | Synchronizing object | guide_LEFT_return_side_face_-1_-1
Fra:1 Mem:128.52M (Peak 128.52M) | Time:00:00.05 | Mem:40.14M, Peak:40.14M | Scene, ViewLayer | Synchronizing object | guide_LEFT_return_side_face_-1_1
Fra:1 Mem:128.51M (Peak 128.52M) | Time:00:00.05 | Mem:40.14M, Peak:40.14M | Scene, ViewLayer | Synchronizing object | guide_LEFT_continuous_shank_shell_-1
Fra:1 Mem:128.78M (Peak 128.78M) | Time:00:00.05 | Mem:40.14M, Peak:40.14M | Scene, ViewLayer | Synchronizing object | guide_TOP_hip_candidate_envelope_1
Fra:1 Mem:128.85M (Peak 128.85M) | Time:00:00.05 | Mem:40.14M, Peak:40.14M | Scene, ViewLayer | Synchronizing object | guide_LEFT_rear_service_cylinder_-1
Fra:1 Mem:128.99M (Peak 128.99M) | Time:00:00.05 | Mem:40.14M, Peak:40.14M | Scene, ViewLayer | Synchronizing object | guide_LEFT_rear_service_rod_-1
Fra:1 Mem:128.97M (Peak 128.99M) | Time:00:00.05 | Mem:40.14M, Peak:40.14M | Scene, ViewLayer | Synchronizing object | guide_LEFT_return_guard_module_-1
Fra:1 Mem:128.94M (Peak 128.99M) | Time:00:00.05 | Mem:40.14M, Peak:40.14M | Scene, ViewLayer | Synchronizing object | guide_TOP_broad_return_cheek_1_1
Fra:1 Mem:129.21M (Peak 129.21M) | Time:00:00.05 | Mem:40.14M, Peak:40.14M | Scene, ViewLayer | Synchronizing object | guide_LEFT_thigh_access_panel_1
Fra:1 Mem:129.12M (Peak 129.21M) | Time:00:00.05 | Mem:40.14M, Peak:40.14M | Scene, ViewLayer | Synchronizing object | guide_LEFT_knee_guard_module_1
Fra:1 Mem:129.36M (Peak 129.36M) | Time:00:00.05 | Mem:40.14M, Peak:40.14M | Scene, ViewLayer | Synchronizing object | guide_LEFT_broad_return_cheek_1_-1
Fra:1 Mem:129.49M (Peak 129.49M) | Time:00:00.05 | Mem:40.14M, Peak:40.14M | Scene, ViewLayer | Synchronizing object | guide_TOP_broad_return_cheek_1_-1
Fra:1 Mem:129.59M (Peak 129.59M) | Time:00:00.05 | Mem:40.14M, Peak:40.14M | Scene, ViewLayer | Synchronizing object | guide_LEFT_hip_side_face_1_-1
Fra:1 Mem:129.69M (Peak 129.69M) | Time:00:00.05 | Mem:40.14M, Peak:40.14M | Scene, ViewLayer | Synchronizing object | guide_LEFT_hip_side_face_1_1
Fra:1 Mem:129.65M (Peak 129.69M) | Time:00:00.05 | Mem:40.14M, Peak:40.14M | Scene, ViewLayer | Synchronizing object | guide_LEFT_knee_candidate_envelope_1
Fra:1 Mem:129.79M (Peak 129.79M) | Time:00:00.05 | Mem:40.14M, Peak:40.14M | Scene, ViewLayer | Synchronizing object | guide_TOP_knee_guard_module_1
Fra:1 Mem:129.82M (Peak 129.82M) | Time:00:00.05 | Mem:40.14M, Peak:40.14M | Scene, ViewLayer | Synchronizing object | guide_LEFT_knee_side_face_1_-1
Fra:1 Mem:129.96M (Peak 129.96M) | Time:00:00.05 | Mem:40.14M, Peak:40.14M | Scene, ViewLayer | Synchronizing object | guide_LEFT_knee_side_face_1_1
Fra:1 Mem:130.24M (Peak 130.24M) | Time:00:00.05 | Mem:40.14M, Peak:40.14M | Scene, ViewLayer | Synchronizing object | guide_LEFT_return_candidate_envelope_1
Fra:1 Mem:130.23M (Peak 130.24M) | Time:00:00.05 | Mem:40.14M, Peak:40.14M | Scene, ViewLayer | Synchronizing object | guide_LEFT_return_side_face_1_-1
Fra:1 Mem:130.23M (Peak 130.24M) | Time:00:00.05 | Mem:40.14M, Peak:40.14M | Scene, ViewLayer | Synchronizing object | guide_LEFT_return_side_face_1_1
Fra:1 Mem:130.43M (Peak 130.43M) | Time:00:00.05 | Mem:40.14M, Peak:40.14M | Scene, ViewLayer | Synchronizing object | guide_LEFT_continuous_shank_shell_1
Fra:1 Mem:130.46M (Peak 130.46M) | Time:00:00.05 | Mem:40.14M, Peak:40.14M | Scene, ViewLayer | Synchronizing object | guide_LEFT_rear_service_cylinder_1
Fra:1 Mem:130.56M (Peak 130.56M) | Time:00:00.05 | Mem:40.14M, Peak:40.14M | Scene, ViewLayer | Synchronizing object | guide_LEFT_rear_service_rod_1
Fra:1 Mem:130.63M (Peak 130.63M) | Time:00:00.05 | Mem:40.14M, Peak:40.14M | Scene, ViewLayer | Synchronizing object | guide_LEFT_return_guard_module_1
Fra:1 Mem:130.74M (Peak 130.74M) | Time:00:00.05 | Mem:40.14M, Peak:40.14M | Scene, ViewLayer | Synchronizing object | guide_TOP_thigh_access_panel_1
Fra:1 Mem:130.83M (Peak 130.83M) | Time:00:00.05 | Mem:40.14M, Peak:40.14M | Scene, ViewLayer | Synchronizing object | guide_REAR_whole_contact_sole_-1
Fra:1 Mem:130.86M (Peak 130.86M) | Time:00:00.05 | Mem:40.14M, Peak:40.14M | Scene, ViewLayer | Synchronizing object | guide_TOP_proximal_thigh_shell_1
Fra:1 Mem:131.00M (Peak 131.00M) | Time:00:00.05 | Mem:40.14M, Peak:40.14M | Scene, ViewLayer | Synchronizing object | guide_REAR_integrated_ankle_cheek_-1_-1
Fra:1 Mem:131.11M (Peak 131.11M) | Time:00:00.05 | Mem:40.14M, Peak:40.14M | Scene, ViewLayer | Synchronizing object | guide_REAR_integrated_ankle_cheek_-1_1
Fra:1 Mem:131.00M (Peak 131.11M) | Time:00:00.05 | Mem:40.14M, Peak:40.14M | Scene, ViewLayer | Synchronizing object | guide_REAR_low_ankle_cross_axle_-1
Fra:1 Mem:131.10M (Peak 131.11M) | Time:00:00.05 | Mem:40.14M, Peak:40.14M | Scene, ViewLayer | Synchronizing object | guide_REAR_low_ankle_face_-1_-1
Fra:1 Mem:131.15M (Peak 131.15M) | Time:00:00.05 | Mem:40.14M, Peak:40.14M | Scene, ViewLayer | Synchronizing object | guide_REAR_low_ankle_center_-1_-1
Fra:1 Mem:131.02M (Peak 131.15M) | Time:00:00.05 | Mem:40.14M, Peak:40.14M | Scene, ViewLayer | Synchronizing object | guide_REAR_low_ankle_face_-1_1
Fra:1 Mem:131.37M (Peak 131.37M) | Time:00:00.05 | Mem:40.14M, Peak:40.14M | Scene, ViewLayer | Synchronizing object | guide_REAR_low_ankle_center_-1_1
Fra:1 Mem:131.60M (Peak 131.60M) | Time:00:00.05 | Mem:40.14M, Peak:40.14M | Scene, ViewLayer | Synchronizing object | guide_REAR_toe_contact_guard_-1
Fra:1 Mem:131.61M (Peak 131.61M) | Time:00:00.05 | Mem:40.14M, Peak:40.14M | Scene, ViewLayer | Synchronizing object | guide_REAR_heel_contact_guard_-1
Fra:1 Mem:131.60M (Peak 131.61M) | Time:00:00.05 | Mem:40.14M, Peak:40.14M | Scene, ViewLayer | Synchronizing object | guide_REAR_whole_contact_sole_1
Fra:1 Mem:131.64M (Peak 131.64M) | Time:00:00.05 | Mem:40.14M, Peak:40.14M | Scene, ViewLayer | Synchronizing object | guide_REAR_load_cradle_1
Fra:1 Mem:131.49M (Peak 131.64M) | Time:00:00.05 | Mem:40.14M, Peak:40.14M | Scene, ViewLayer | Synchronizing object | guide_REAR_integrated_ankle_cheek_1_1
Fra:1 Mem:131.52M (Peak 131.64M) | Time:00:00.05 | Mem:40.14M, Peak:40.14M | Scene, ViewLayer | Synchronizing object | guide_TOP_return_guard_module_-1
Fra:1 Mem:131.52M (Peak 131.64M) | Time:00:00.05 | Mem:40.14M, Peak:40.14M | Scene, ViewLayer | Synchronizing object | guide_REAR_low_ankle_cross_axle_1
Fra:1 Mem:131.62M (Peak 131.64M) | Time:00:00.05 | Mem:40.14M, Peak:40.14M | Scene, ViewLayer | Synchronizing object | guide_REAR_low_ankle_face_1_-1
Fra:1 Mem:131.67M (Peak 131.67M) | Time:00:00.05 | Mem:40.14M, Peak:40.14M | Scene, ViewLayer | Synchronizing object | guide_REAR_low_ankle_face_1_1
Fra:1 Mem:131.70M (Peak 131.70M) | Time:00:00.05 | Mem:40.14M, Peak:40.14M | Scene, ViewLayer | Synchronizing object | guide_REAR_low_ankle_center_1_1
Fra:1 Mem:131.84M (Peak 131.84M) | Time:00:00.05 | Mem:40.14M, Peak:40.14M | Scene, ViewLayer | Synchronizing object | guide_TOP_rear_service_rod_-1
Fra:1 Mem:132.03M (Peak 132.03M) | Time:00:00.05 | Mem:40.14M, Peak:40.14M | Scene, ViewLayer | Synchronizing object | guide_REAR_complete_forefoot_armor_1
Fra:1 Mem:132.05M (Peak 132.05M) | Time:00:00.05 | Mem:40.14M, Peak:40.14M | Scene, ViewLayer | Synchronizing object | guide_REAR_toe_contact_guard_1
Fra:1 Mem:132.03M (Peak 132.05M) | Time:00:00.05 | Mem:40.14M, Peak:40.14M | Scene, ViewLayer | Synchronizing object | guide_REAR_heel_contact_guard_1
Fra:1 Mem:132.05M (Peak 132.05M) | Time:00:00.05 | Mem:40.14M, Peak:40.14M | Scene, ViewLayer | Synchronizing object | guide_REAR_knee_guard_module_-1
Fra:1 Mem:132.21M (Peak 132.21M) | Time:00:00.05 | Mem:40.14M, Peak:40.14M | Scene, ViewLayer | Synchronizing object | guide_REAR_broad_return_cheek_-1_-1
Fra:1 Mem:132.24M (Peak 132.24M) | Time:00:00.05 | Mem:40.14M, Peak:40.14M | Scene, ViewLayer | Synchronizing object | guide_REAR_broad_return_cheek_-1_1
Fra:1 Mem:132.47M (Peak 132.47M) | Time:00:00.05 | Mem:40.14M, Peak:40.14M | Scene, ViewLayer | Synchronizing object | guide_REAR_hip_candidate_envelope_-1
Fra:1 Mem:132.49M (Peak 132.49M) | Time:00:00.05 | Mem:40.14M, Peak:40.14M | Scene, ViewLayer | Synchronizing object | guide_REAR_hip_side_face_-1_-1
Fra:1 Mem:132.79M (Peak 132.79M) | Time:00:00.05 | Mem:40.14M, Peak:40.14M | Scene, ViewLayer | Synchronizing object | guide_TOP_continuous_shank_shell_-1
Fra:1 Mem:132.76M (Peak 132.79M) | Time:00:00.05 | Mem:40.14M, Peak:40.14M | Scene, ViewLayer | Synchronizing object | guide_REAR_hip_side_face_-1_1
Fra:1 Mem:132.90M (Peak 132.90M) | Time:00:00.05 | Mem:40.14M, Peak:40.14M | Scene, ViewLayer | Synchronizing object | guide_REAR_knee_candidate_envelope_-1
Fra:1 Mem:132.99M (Peak 132.99M) | Time:00:00.05 | Mem:40.14M, Peak:40.14M | Scene, ViewLayer | Synchronizing object | guide_REAR_knee_side_face_-1_-1
Fra:1 Mem:132.92M (Peak 132.99M) | Time:00:00.05 | Mem:40.14M, Peak:40.14M | Scene, ViewLayer | Synchronizing object | guide_REAR_knee_side_face_-1_1
Fra:1 Mem:133.05M (Peak 133.05M) | Time:00:00.05 | Mem:40.14M, Peak:40.14M | Scene, ViewLayer | Synchronizing object | guide_REAR_return_candidate_envelope_-1
Fra:1 Mem:133.40M (Peak 133.40M) | Time:00:00.05 | Mem:40.14M, Peak:40.14M | Scene, ViewLayer | Synchronizing object | guide_REAR_return_side_face_-1_-1
Fra:1 Mem:133.56M (Peak 133.56M) | Time:00:00.05 | Mem:40.14M, Peak:40.14M | Scene, ViewLayer | Synchronizing object | guide_REAR_return_side_face_-1_1
Fra:1 Mem:133.33M (Peak 133.56M) | Time:00:00.05 | Mem:40.14M, Peak:40.14M | Scene, ViewLayer | Synchronizing object | guide_TOP_return_side_face_-1_1
Fra:1 Mem:133.42M (Peak 133.56M) | Time:00:00.05 | Mem:40.14M, Peak:40.14M | Scene, ViewLayer | Synchronizing object | guide_REAR_rear_service_cylinder_-1
Fra:1 Mem:133.41M (Peak 133.56M) | Time:00:00.05 | Mem:40.14M, Peak:40.14M | Scene, ViewLayer | Synchronizing object | guide_REAR_rear_service_rod_-1
Fra:1 Mem:133.60M (Peak 133.60M) | Time:00:00.05 | Mem:40.14M, Peak:40.14M | Scene, ViewLayer | Synchronizing object | guide_REAR_return_guard_module_-1
Fra:1 Mem:133.48M (Peak 133.60M) | Time:00:00.05 | Mem:40.14M, Peak:40.14M | Scene, ViewLayer | Synchronizing object | guide_REAR_proximal_thigh_shell_1
Fra:1 Mem:133.76M (Peak 133.76M) | Time:00:00.05 | Mem:40.14M, Peak:40.14M | Scene, ViewLayer | Synchronizing object | guide_TOP_return_side_face_-1_-1
Fra:1 Mem:134.01M (Peak 134.01M) | Time:00:00.05 | Mem:40.14M, Peak:40.14M | Scene, ViewLayer | Synchronizing object | guide_REAR_thigh_access_panel_1
Fra:1 Mem:134.03M (Peak 134.03M) | Time:00:00.05 | Mem:40.14M, Peak:40.14M | Scene, ViewLayer | Synchronizing object | guide_REAR_knee_guard_module_1
Fra:1 Mem:133.92M (Peak 134.03M) | Time:00:00.05 | Mem:40.14M, Peak:40.14M | Scene, ViewLayer | Synchronizing object | guide_REAR_broad_return_cheek_1_1
Fra:1 Mem:134.19M (Peak 134.19M) | Time:00:00.05 | Mem:40.14M, Peak:40.14M | Scene, ViewLayer | Synchronizing object | guide_TOP_return_candidate_envelope_-1
Fra:1 Mem:134.51M (Peak 134.51M) | Time:00:00.05 | Mem:40.14M, Peak:40.14M | Scene, ViewLayer | Synchronizing object | guide_REAR_hip_candidate_envelope_1
Fra:1 Mem:134.59M (Peak 134.59M) | Time:00:00.05 | Mem:40.14M, Peak:40.14M | Scene, ViewLayer | Synchronizing object | guide_REAR_hip_side_face_1_-1
Fra:1 Mem:134.56M (Peak 134.59M) | Time:00:00.05 | Mem:40.14M, Peak:40.14M | Scene, ViewLayer | Synchronizing object | guide_REAR_hip_side_face_1_1
Fra:1 Mem:134.66M (Peak 134.66M) | Time:00:00.05 | Mem:40.14M, Peak:40.14M | Scene, ViewLayer | Synchronizing object | guide_TOP_knee_side_face_-1_1
Fra:1 Mem:134.66M (Peak 134.66M) | Time:00:00.05 | Mem:40.14M, Peak:40.14M | Scene, ViewLayer | Synchronizing object | guide_REAR_knee_candidate_envelope_1
Fra:1 Mem:134.62M (Peak 134.66M) | Time:00:00.05 | Mem:40.14M, Peak:40.14M | Scene, ViewLayer | Synchronizing object | guide_REAR_knee_side_face_1_-1
Fra:1 Mem:134.78M (Peak 134.78M) | Time:00:00.05 | Mem:40.14M, Peak:40.14M | Scene, ViewLayer | Synchronizing object | guide_REAR_knee_side_face_1_1
Fra:1 Mem:135.05M (Peak 135.05M) | Time:00:00.05 | Mem:40.14M, Peak:40.14M | Scene, ViewLayer | Synchronizing object | guide_TOP_knee_side_face_-1_-1
Fra:1 Mem:134.95M (Peak 135.05M) | Time:00:00.05 | Mem:40.14M, Peak:40.14M | Scene, ViewLayer | Synchronizing object | guide_REAR_return_candidate_envelope_1
Fra:1 Mem:135.03M (Peak 135.05M) | Time:00:00.05 | Mem:40.14M, Peak:40.14M | Scene, ViewLayer | Synchronizing object | guide_REAR_return_side_face_1_-1
Fra:1 Mem:134.96M (Peak 135.05M) | Time:00:00.05 | Mem:40.14M, Peak:40.14M | Scene, ViewLayer | Synchronizing object | guide_REAR_return_side_face_1_1
Fra:1 Mem:135.08M (Peak 135.08M) | Time:00:00.05 | Mem:40.14M, Peak:40.14M | Scene, ViewLayer | Synchronizing object | guide_REAR_continuous_shank_shell_1
Fra:1 Mem:135.17M (Peak 135.17M) | Time:00:00.05 | Mem:40.14M, Peak:40.14M | Scene, ViewLayer | Synchronizing object | guide_REAR_rear_service_cylinder_1
Fra:1 Mem:135.36M (Peak 135.36M) | Time:00:00.05 | Mem:40.14M, Peak:40.14M | Scene, ViewLayer | Synchronizing object | guide_TOP_knee_candidate_envelope_-1
Fra:1 Mem:135.36M (Peak 135.36M) | Time:00:00.05 | Mem:40.14M, Peak:40.14M | Scene, ViewLayer | Synchronizing object | guide_REAR_rear_service_rod_1
Fra:1 Mem:135.42M (Peak 135.42M) | Time:00:00.05 | Mem:40.14M, Peak:40.14M | Scene, ViewLayer | Synchronizing object | guide_TOP_whole_contact_sole_-1
Fra:1 Mem:135.44M (Peak 135.44M) | Time:00:00.05 | Mem:40.14M, Peak:40.14M | Scene, ViewLayer | Synchronizing object | guide_TOP_load_cradle_-1
Fra:1 Mem:135.55M (Peak 135.55M) | Time:00:00.05 | Mem:40.14M, Peak:40.14M | Scene, ViewLayer | Synchronizing object | guide_TOP_hip_side_face_-1_1
Fra:1 Mem:135.58M (Peak 135.61M) | Time:00:00.05 | Mem:40.14M, Peak:40.14M | Scene, ViewLayer | Synchronizing object | guide_TOP_integrated_ankle_cheek_-1_-1
Fra:1 Mem:135.72M (Peak 135.72M) | Time:00:00.05 | Mem:40.14M, Peak:40.14M | Scene, ViewLayer | Synchronizing object | guide_TOP_integrated_ankle_cheek_-1_1
Fra:1 Mem:135.73M (Peak 135.73M) | Time:00:00.05 | Mem:40.14M, Peak:40.14M | Scene, ViewLayer | Synchronizing object | guide_TOP_low_ankle_cross_axle_-1
Fra:1 Mem:135.75M (Peak 135.75M) | Time:00:00.05 | Mem:40.14M, Peak:40.14M | Scene, ViewLayer | Synchronizing object | guide_TOP_low_ankle_face_-1_-1
Fra:1 Mem:135.80M (Peak 135.80M) | Time:00:00.05 | Mem:40.14M, Peak:40.14M | Scene, ViewLayer | Synchronizing object | guide_TOP_low_ankle_center_-1_-1
Fra:1 Mem:135.92M (Peak 135.92M) | Time:00:00.05 | Mem:40.14M, Peak:40.14M | Scene, ViewLayer | Synchronizing object | guide_TOP_low_ankle_face_-1_1
Fra:1 Mem:135.94M (Peak 135.94M) | Time:00:00.05 | Mem:40.14M, Peak:40.14M | Scene, ViewLayer | Synchronizing object | guide_TOP_low_ankle_center_-1_1
Fra:1 Mem:135.97M (Peak 135.97M) | Time:00:00.05 | Mem:40.14M, Peak:40.14M | Scene, ViewLayer | Synchronizing object | guide_TOP_hip_side_face_-1_-1
Fra:1 Mem:136.16M (Peak 136.16M) | Time:00:00.05 | Mem:40.14M, Peak:40.14M | Scene, ViewLayer | Synchronizing object | guide_TOP_complete_forefoot_armor_-1
Fra:1 Mem:136.17M (Peak 136.17M) | Time:00:00.05 | Mem:40.14M, Peak:40.14M | Scene, ViewLayer | Synchronizing object | guide_TOP_toe_contact_guard_-1
Fra:1 Mem:136.12M (Peak 136.17M) | Time:00:00.05 | Mem:40.14M, Peak:40.14M | Scene, ViewLayer | Synchronizing object | guide_TOP_heel_contact_guard_-1
Fra:1 Mem:136.13M (Peak 136.17M) | Time:00:00.05 | Mem:40.14M, Peak:40.14M | Scene, ViewLayer | Synchronizing object | guide_TOP_whole_contact_sole_1
Fra:1 Mem:136.28M (Peak 136.28M) | Time:00:00.05 | Mem:40.14M, Peak:40.14M | Scene, ViewLayer | Synchronizing object | guide_TOP_load_cradle_1
Fra:1 Mem:136.28M (Peak 136.28M) | Time:00:00.05 | Mem:40.14M, Peak:40.14M | Scene, ViewLayer | Synchronizing object | guide_TOP_integrated_ankle_cheek_1_-1
Fra:1 Mem:136.23M (Peak 136.28M) | Time:00:00.05 | Mem:40.14M, Peak:40.14M | Scene, ViewLayer | Synchronizing object | guide_TOP_integrated_ankle_cheek_1_1
Fra:1 Mem:136.37M (Peak 136.37M) | Time:00:00.05 | Mem:40.14M, Peak:40.14M | Scene, ViewLayer | Synchronizing object | guide_TOP_hip_candidate_envelope_-1
Fra:1 Mem:136.39M (Peak 136.39M) | Time:00:00.05 | Mem:40.14M, Peak:40.14M | Scene, ViewLayer | Synchronizing object | guide_TOP_low_ankle_cross_axle_1
Fra:1 Mem:136.48M (Peak 136.48M) | Time:00:00.05 | Mem:40.14M, Peak:40.14M | Scene, ViewLayer | Synchronizing object | guide_TOP_low_ankle_face_1_-1
Fra:1 Mem:136.47M (Peak 136.48M) | Time:00:00.05 | Mem:40.14M, Peak:40.14M | Scene, ViewLayer | Synchronizing object | guide_TOP_low_ankle_face_1_1
Fra:1 Mem:136.48M (Peak 136.48M) | Time:00:00.05 | Mem:40.14M, Peak:40.14M | Scene, ViewLayer | Synchronizing object | guide_TOP_low_ankle_center_1_1
Fra:1 Mem:136.52M (Peak 136.52M) | Time:00:00.05 | Mem:40.14M, Peak:40.14M | Scene, ViewLayer | Synchronizing object | guide_TOP_complete_forefoot_armor_1
Fra:1 Mem:136.65M (Peak 136.65M) | Time:00:00.05 | Mem:40.14M, Peak:40.14M | Scene, ViewLayer | Synchronizing object | guide_TOP_toe_contact_guard_1
Fra:1 Mem:136.63M (Peak 136.65M) | Time:00:00.05 | Mem:40.14M, Peak:40.14M | Scene, ViewLayer | Synchronizing object | guide_TOP_heel_contact_guard_1
Fra:1 Mem:136.57M (Peak 136.65M) | Time:00:00.05 | Mem:40.14M, Peak:40.14M | Scene, ViewLayer | Synchronizing object | guide_TOP_broad_return_cheek_-1_1
Fra:1 Mem:136.61M (Peak 136.65M) | Time:00:00.05 | Mem:40.14M, Peak:40.14M | Scene, ViewLayer | Synchronizing object | guide_TOP_thigh_access_panel_-1
Fra:1 Mem:136.70M (Peak 136.70M) | Time:00:00.05 | Mem:40.14M, Peak:40.14M | Scene, ViewLayer | Synchronizing object | guide_TOP_broad_return_cheek_-1_-1
Fra:1 Mem:137.16M (Peak 137.16M) | Time:00:00.06 | Mem:40.14M, Peak:40.14M | Scene, ViewLayer | Initializing
Fra:1 Mem:133.28M (Peak 137.16M) | Time:00:00.06 | Mem:40.14M, Peak:40.14M | Scene, ViewLayer | Waiting for render to start
Fra:1 Mem:133.28M (Peak 137.16M) | Time:00:00.06 | Mem:40.14M, Peak:40.14M | Scene, ViewLayer | Updating Scene
Fra:1 Mem:133.28M (Peak 137.16M) | Time:00:00.06 | Mem:40.14M, Peak:40.14M | Scene, ViewLayer | Updating Shaders
Fra:1 Mem:133.28M (Peak 137.16M) | Time:00:00.06 | Mem:40.14M, Peak:40.14M | Scene, ViewLayer | Updating Background
Fra:1 Mem:133.28M (Peak 137.16M) | Time:00:00.06 | Mem:40.14M, Peak:40.14M | Scene, ViewLayer | Updating Camera
Fra:1 Mem:133.28M (Peak 137.16M) | Time:00:00.06 | Mem:40.14M, Peak:40.14M | Scene, ViewLayer | Updating Meshes Flags
Fra:1 Mem:131.60M (Peak 137.16M) | Time:00:00.06 | Mem:40.14M, Peak:40.14M | Scene, ViewLayer | Updating Objects
Fra:1 Mem:131.59M (Peak 137.16M) | Time:00:00.06 | Mem:40.12M, Peak:40.14M | Scene, ViewLayer | Updating Objects | Copying Transformations to device
Fra:1 Mem:131.64M (Peak 137.16M) | Time:00:00.06 | Mem:40.18M, Peak:40.18M | Scene, ViewLayer | Updating Objects | Applying Static Transformations
Fra:1 Mem:131.64M (Peak 137.16M) | Time:00:00.06 | Mem:40.18M, Peak:40.18M | Scene, ViewLayer | Updating Particle Systems
Fra:1 Mem:131.64M (Peak 137.16M) | Time:00:00.06 | Mem:40.18M, Peak:40.18M | Scene, ViewLayer | Updating Meshes
Fra:1 Mem:130.29M (Peak 137.16M) | Time:00:00.06 | Mem:35.48M, Peak:40.18M | Scene, ViewLayer | Updating Mesh | Computing attributes
Fra:1 Mem:132.50M (Peak 137.16M) | Time:00:00.06 | Mem:35.49M, Peak:40.18M | Scene, ViewLayer | Updating Mesh | Copying Attributes to device
Fra:1 Mem:132.46M (Peak 137.16M) | Time:00:00.06 | Mem:37.65M, Peak:40.18M | Scene, ViewLayer | Updating Scene BVH | Building
Fra:1 Mem:132.47M (Peak 137.16M) | Time:00:00.06 | Mem:37.65M, Peak:40.18M | Scene, ViewLayer | Updating Scene BVH | Building BVH
Fra:1 Mem:145.03M (Peak 145.03M) | Time:00:00.10 | Mem:37.65M, Peak:40.18M | Scene, ViewLayer | Updating Scene BVH | Packing BVH triangles and strands
Fra:1 Mem:145.87M (Peak 145.87M) | Time:00:00.10 | Mem:37.65M, Peak:40.18M | Scene, ViewLayer | Updating Scene BVH | Packing BVH nodes
Fra:1 Mem:146.01M (Peak 148.60M) | Time:00:00.11 | Mem:37.65M, Peak:40.18M | Scene, ViewLayer | Updating Scene BVH | Copying BVH to device
Fra:1 Mem:146.01M (Peak 148.60M) | Time:00:00.11 | Mem:44.42M, Peak:44.42M | Scene, ViewLayer | Updating Mesh | Computing normals
Fra:1 Mem:155.95M (Peak 155.95M) | Time:00:00.11 | Mem:44.42M, Peak:44.42M | Scene, ViewLayer | Updating Mesh | Copying Mesh to device
Fra:1 Mem:155.95M (Peak 155.95M) | Time:00:00.11 | Mem:54.36M, Peak:54.36M | Scene, ViewLayer | Updating Objects Flags
Fra:1 Mem:155.95M (Peak 155.95M) | Time:00:00.11 | Mem:54.36M, Peak:54.36M | Scene, ViewLayer | Updating Primitive Offsets
Fra:1 Mem:155.95M (Peak 155.95M) | Time:00:00.11 | Mem:54.36M, Peak:54.36M | Scene, ViewLayer | Updating Images
Fra:1 Mem:155.95M (Peak 155.95M) | Time:00:00.11 | Mem:54.36M, Peak:54.36M | Scene, ViewLayer | Updating Camera Volume
Fra:1 Mem:155.95M (Peak 155.95M) | Time:00:00.11 | Mem:54.36M, Peak:54.36M | Scene, ViewLayer | Updating Lookup Tables
Fra:1 Mem:155.95M (Peak 155.95M) | Time:00:00.11 | Mem:54.36M, Peak:54.36M | Scene, ViewLayer | Updating Lights
Fra:1 Mem:155.95M (Peak 155.95M) | Time:00:00.11 | Mem:54.36M, Peak:54.36M | Scene, ViewLayer | Updating Lights | Computing distribution
Fra:1 Mem:155.95M (Peak 155.95M) | Time:00:00.11 | Mem:54.36M, Peak:54.36M | Scene, ViewLayer | Updating Lights | Computing tree
Fra:1 Mem:155.95M (Peak 155.95M) | Time:00:00.11 | Mem:54.36M, Peak:54.36M | Scene, ViewLayer | Updating Integrator
Fra:1 Mem:155.95M (Peak 155.95M) | Time:00:00.11 | Mem:54.36M, Peak:54.36M | Scene, ViewLayer | Updating Film
Fra:1 Mem:155.95M (Peak 155.95M) | Time:00:00.11 | Mem:54.36M, Peak:54.36M | Scene, ViewLayer | Updating Lookup Tables
Fra:1 Mem:155.95M (Peak 155.95M) | Time:00:00.11 | Mem:54.36M, Peak:54.36M | Scene, ViewLayer | Updating Baking
Fra:1 Mem:155.95M (Peak 155.95M) | Time:00:00.11 | Mem:54.36M, Peak:54.36M | Scene, ViewLayer | Updating Device | Writing constant memory
Fra:1 Mem:155.95M (Peak 155.95M) | Time:00:00.11 | Mem:54.36M, Peak:54.36M | Scene, ViewLayer | Sample 0/40
Fra:1 Mem:232.86M (Peak 232.86M) | Time:00:00.50 | Remaining:00:15.05 | Mem:131.27M, Peak:131.27M | Scene, ViewLayer | Sample 1/40
Fra:1 Mem:282.30M (Peak 381.17M) | Time:00:12.48 | Mem:131.27M, Peak:131.27M | Scene, ViewLayer | Sample 40/40
Fra:1 Mem:282.30M (Peak 381.17M) | Time:00:12.48 | Mem:131.27M, Peak:131.27M | Scene, ViewLayer | Finished
Saved: '/home/ethan/Projects/Sai_Art/docs/uri_style/gorilla_v0_2/images/lower_body_module_four_view_s4.png'
Time: 00:12.65 (Saving: 00:00.16)

Info: Saved "lower_body_spatial_s4.blend"
12:18:47 | ERROR: Draco mesh compression is not available because library could not be found at /home/ethan/Softwares/blender-local/root/usr/bin/4.0/python/lib/python3.12/site-packages/libextern_draco.so
12:18:47 | INFO: Starting glTF 2.0 export
12:18:47 | INFO: Extracting primitive: whole_contact_sole_-1
12:18:47 | INFO: Primitives created: 1
12:18:47 | INFO: Extracting primitive: load_cradle_-1
12:18:47 | INFO: Primitives created: 1
12:18:47 | INFO: Extracting primitive: integrated_ankle_cheek_-1_-1
12:18:47 | INFO: Primitives created: 1
12:18:47 | INFO: Extracting primitive: integrated_ankle_cheek_-1_1
12:18:47 | INFO: Primitives created: 1
12:18:47 | INFO: Extracting primitive: Cylinder
12:18:47 | INFO: Primitives created: 1
12:18:47 | INFO: Extracting primitive: Cylinder.001
12:18:47 | INFO: Primitives created: 1
12:18:47 | INFO: Extracting primitive: Cylinder.002
12:18:47 | INFO: Primitives created: 1
12:18:47 | INFO: Extracting primitive: Cylinder.003
12:18:47 | INFO: Primitives created: 1
12:18:47 | INFO: Extracting primitive: Cylinder.004
12:18:47 | INFO: Primitives created: 1
12:18:47 | INFO: Extracting primitive: complete_forefoot_armor_-1
12:18:47 | INFO: Primitives created: 1
12:18:47 | INFO: Extracting primitive: toe_contact_guard_-1
12:18:47 | INFO: Primitives created: 1
12:18:47 | INFO: Extracting primitive: heel_contact_guard_-1
12:18:47 | INFO: Primitives created: 1
12:18:47 | INFO: Extracting primitive: whole_contact_sole_1
12:18:47 | INFO: Primitives created: 1
12:18:47 | INFO: Extracting primitive: load_cradle_1
12:18:47 | INFO: Primitives created: 1
12:18:47 | INFO: Extracting primitive: integrated_ankle_cheek_1_-1
12:18:47 | INFO: Primitives created: 1
12:18:47 | INFO: Extracting primitive: integrated_ankle_cheek_1_1
12:18:47 | INFO: Primitives created: 1
12:18:47 | INFO: Extracting primitive: Cylinder.005
12:18:47 | INFO: Primitives created: 1
12:18:47 | INFO: Extracting primitive: Cylinder.006
12:18:47 | INFO: Primitives created: 1
12:18:47 | INFO: Extracting primitive: Cylinder.007
12:18:47 | INFO: Primitives created: 1
12:18:47 | INFO: Extracting primitive: Cylinder.008
12:18:47 | INFO: Primitives created: 1
12:18:47 | INFO: Extracting primitive: Cylinder.009
12:18:47 | INFO: Primitives created: 1
12:18:47 | INFO: Extracting primitive: complete_forefoot_armor_1
12:18:47 | INFO: Primitives created: 1
12:18:47 | INFO: Extracting primitive: toe_contact_guard_1
12:18:47 | INFO: Primitives created: 1
12:18:47 | INFO: Extracting primitive: heel_contact_guard_1
12:18:47 | INFO: Primitives created: 1
12:18:47 | INFO: Extracting primitive: proximal_thigh_shell_-1
12:18:47 | INFO: Primitives created: 1
12:18:47 | INFO: Extracting primitive: thigh_access_panel_-1
12:18:47 | INFO: Primitives created: 1
12:18:47 | INFO: Extracting primitive: knee_guard_module_-1
12:18:47 | INFO: Primitives created: 1
12:18:47 | INFO: Extracting primitive: broad_return_cheek_-1_-1
12:18:47 | INFO: Primitives created: 1
12:18:47 | INFO: Extracting primitive: broad_return_cheek_-1_1
12:18:47 | INFO: Primitives created: 1
12:18:47 | INFO: Extracting primitive: Cylinder.010
12:18:47 | INFO: Primitives created: 1
12:18:47 | INFO: Extracting primitive: Cylinder.011
12:18:47 | INFO: Primitives created: 1
12:18:47 | INFO: Extracting primitive: Cylinder.012
12:18:47 | INFO: Primitives created: 1
12:18:47 | INFO: Extracting primitive: Cylinder.013
12:18:47 | INFO: Primitives created: 1
12:18:47 | INFO: Extracting primitive: Cylinder.014
12:18:47 | INFO: Primitives created: 1
12:18:47 | INFO: Extracting primitive: Cylinder.015
12:18:47 | INFO: Primitives created: 1
12:18:47 | INFO: Extracting primitive: Cylinder.016
12:18:47 | INFO: Primitives created: 1
12:18:47 | INFO: Extracting primitive: Cylinder.017
12:18:47 | INFO: Primitives created: 1
12:18:47 | INFO: Extracting primitive: Cylinder.018
12:18:47 | INFO: Primitives created: 1
12:18:47 | INFO: Extracting primitive: continuous_shank_shell_-1
12:18:47 | INFO: Primitives created: 1
12:18:47 | INFO: Extracting primitive: Cylinder.019
12:18:47 | INFO: Primitives created: 1
12:18:47 | INFO: Extracting primitive: Cylinder.020
12:18:47 | INFO: Primitives created: 1
12:18:47 | INFO: Extracting primitive: return_guard_module_-1
12:18:47 | INFO: Primitives created: 1
12:18:47 | INFO: Extracting primitive: proximal_thigh_shell_1
12:18:47 | INFO: Primitives created: 1
12:18:47 | INFO: Extracting primitive: thigh_access_panel_1
12:18:47 | INFO: Primitives created: 1
12:18:47 | INFO: Extracting primitive: knee_guard_module_1
12:18:47 | INFO: Primitives created: 1
12:18:47 | INFO: Extracting primitive: broad_return_cheek_1_-1
12:18:47 | INFO: Primitives created: 1
12:18:47 | INFO: Extracting primitive: broad_return_cheek_1_1
12:18:47 | INFO: Primitives created: 1
12:18:47 | INFO: Extracting primitive: Cylinder.021
12:18:47 | INFO: Primitives created: 1
12:18:47 | INFO: Extracting primitive: Cylinder.022
12:18:47 | INFO: Primitives created: 1
12:18:47 | INFO: Extracting primitive: Cylinder.023
12:18:47 | INFO: Primitives created: 1
12:18:47 | INFO: Extracting primitive: Cylinder.024
12:18:47 | INFO: Primitives created: 1
12:18:47 | INFO: Extracting primitive: Cylinder.025
12:18:47 | INFO: Primitives created: 1
12:18:47 | INFO: Extracting primitive: Cylinder.026
12:18:47 | INFO: Primitives created: 1
12:18:47 | INFO: Extracting primitive: Cylinder.027
12:18:47 | INFO: Primitives created: 1
12:18:47 | INFO: Extracting primitive: Cylinder.028
12:18:47 | INFO: Primitives created: 1
12:18:47 | INFO: Extracting primitive: Cylinder.029
12:18:47 | INFO: Primitives created: 1
12:18:47 | INFO: Extracting primitive: continuous_shank_shell_1
12:18:47 | INFO: Primitives created: 1
12:18:47 | INFO: Extracting primitive: Cylinder.030
12:18:47 | INFO: Primitives created: 1
12:18:47 | INFO: Extracting primitive: Cylinder.031
12:18:47 | INFO: Primitives created: 1
12:18:47 | INFO: Extracting primitive: return_guard_module_1
12:18:47 | INFO: Primitives created: 1
12:18:47 | INFO: Finished glTF 2.0 export in 0.1740424633026123 s

Info: Saved "lower_body_four_view_display_s4.blend"
LOWER_MODULE_GUIDE_COMPLETE {"front_left_height": true, "front_top_width": true, "left_top_depth": true}

Blender quit
