16:22:18 | ERROR: Draco mesh compression is not available because library could not be found at /home/ethan/Softwares/blender-local/root/usr/bin/4.0/python/lib/python3.12/site-packages/libextern_draco.so
16:22:18 | INFO: Starting glTF 2.0 export
16:22:18 | INFO: Extracting primitive: L_hip_common_axle_master_mesh
16:22:18 | INFO: Primitives created: 1
16:22:18 | INFO: Extracting primitive: L_hip_side_cover_-1_master_mesh
16:22:18 | INFO: Primitives created: 1
16:22:18 | INFO: Extracting primitive: L_hip_side_cover_1_master_mesh
16:22:18 | INFO: Primitives created: 1
16:22:18 | INFO: Extracting primitive: L_hip_side_cover_rim_-1_master_mesh
16:22:18 | INFO: Primitives created: 1
16:22:18 | INFO: Extracting primitive: L_hip_side_cover_rim_1_master_mesh
16:22:18 | INFO: Primitives created: 1
16:22:18 | INFO: Extracting primitive: L_knee_common_axle_master_mesh
16:22:18 | INFO: Primitives created: 1
16:22:18 | INFO: Extracting primitive: L_knee_front_shield_master_mesh
16:22:18 | INFO: Primitives created: 1
16:22:18 | INFO: Extracting primitive: L_knee_side_cover_-1_master_mesh
16:22:18 | INFO: Primitives created: 1
16:22:18 | INFO: Extracting primitive: L_knee_side_cover_1_master_mesh
16:22:18 | INFO: Primitives created: 1
16:22:18 | INFO: Extracting primitive: L_knee_side_cover_rim_-1_master_mesh
16:22:18 | INFO: Primitives created: 1
16:22:18 | INFO: Extracting primitive: L_knee_side_cover_rim_1_master_mesh
16:22:18 | INFO: Primitives created: 1
16:22:18 | INFO: Extracting primitive: L_hock_common_axle_master_mesh
16:22:18 | INFO: Primitives created: 1
16:22:18 | INFO: Extracting primitive: L_hock_side_cover_-1_master_mesh
16:22:18 | INFO: Primitives created: 1
16:22:18 | INFO: Extracting primitive: L_hock_side_cover_1_master_mesh
16:22:18 | INFO: Primitives created: 1
16:22:18 | INFO: Extracting primitive: L_hock_side_cover_rim_-1_master_mesh
16:22:18 | INFO: Primitives created: 1
16:22:18 | INFO: Extracting primitive: L_hock_side_cover_rim_1_master_mesh
16:22:18 | INFO: Primitives created: 1
16:22:18 | INFO: Extracting primitive: L_return_carrier_master_mesh
16:22:18 | INFO: Primitives created: 1
16:22:18 | INFO: Extracting primitive: L_ankle_common_axle_master_mesh
16:22:18 | INFO: Primitives created: 1
16:22:18 | INFO: Extracting primitive: L_ankle_side_cover_-1_master_mesh
16:22:18 | INFO: Primitives created: 1
16:22:18 | INFO: Extracting primitive: L_ankle_side_cover_1_master_mesh
16:22:18 | INFO: Primitives created: 1
16:22:18 | INFO: Extracting primitive: L_ankle_side_cover_rim_-1_master_mesh
16:22:18 | INFO: Primitives created: 1
16:22:18 | INFO: Extracting primitive: L_ankle_side_cover_rim_1_master_mesh
16:22:18 | INFO: Primitives created: 1
16:22:18 | INFO: Extracting primitive: L_foot_central_carrier_master_mesh
16:22:18 | INFO: Primitives created: 1
16:22:18 | INFO: Extracting primitive: L_sole_contact_-0.037_master_mesh
16:22:18 | INFO: Primitives created: 1
16:22:18 | INFO: Extracting primitive: L_sole_contact_-0.176_master_mesh
16:22:18 | INFO: Primitives created: 1
16:22:18 | INFO: Extracting primitive: L_sole_contact_0.052_master_mesh
16:22:18 | INFO: Primitives created: 1
16:22:18 | INFO: Extracting primitive: L_hock_rear_guard_master_mesh
16:22:18 | INFO: Primitives created: 1
16:22:18 | INFO: Extracting primitive: L_hock_rear_service_panel_master_mesh.001
16:22:20 | INFO: Primitives created: 1
16:22:20 | INFO: Extracting primitive: L_shank_ankle_carrier_master_mesh
16:22:20 | INFO: Primitives created: 1
16:22:20 | INFO: Extracting primitive: L_shank_front_service_panel_master_mesh
16:22:20 | INFO: Primitives created: 1
16:22:20 | INFO: Extracting primitive: L_shank_front_side_shell_master_mesh
16:22:20 | INFO: Primitives created: 1
16:22:20 | INFO: Extracting primitive: L_thigh_carrier_master_mesh
16:22:20 | INFO: Primitives created: 1
16:22:20 | INFO: Extracting primitive: L_thigh_front_service_panel_master_mesh
16:22:20 | INFO: Primitives created: 1
16:22:20 | INFO: Extracting primitive: L_thigh_inner_lateral_panel_master_mesh.001
16:22:21 | INFO: Primitives created: 1
16:22:22 | INFO: Extracting primitive: L_thigh_main_shell_master_mesh.001
16:22:27 | INFO: Primitives created: 1
16:22:27 | INFO: Extracting primitive: L_thigh_outer_lateral_panel_master_mesh
16:22:27 | INFO: Primitives created: 1
16:22:27 | INFO: Extracting primitive: L_thigh_rear_hip_cover_master_mesh
16:22:27 | INFO: Primitives created: 1
16:22:27 | INFO: Extracting primitive: L_thigh_rear_hip_panel_master_mesh
16:22:27 | INFO: Primitives created: 1
16:22:28 | INFO: Finished glTF 2.0 export in 9.735875129699707 s

Info: Saved "lower_modular_components_color_p25.blend"
MODULE_COLORS_AND_EXPORT_SAVED 38
Blender 4.0.2
Read blend: "/home/ethan/Projects/Sai_Art/docs/uri_style/gorilla_v0_2/source/lower_modular_components_b7.blend"
Fra:1 Mem:649.24M (Peak 683.72M) | Time:00:00.27 | Mem:0.00M, Peak:0.00M | Scene, ViewLayer | Synchronizing object | L_thigh_main_shell
Fra:1 Mem:649.24M (Peak 683.72M) | Time:00:00.27 | Mem:0.00M, Peak:0.00M | Scene, ViewLayer | Synchronizing object | L_knee_front_shield
Fra:1 Mem:723.24M (Peak 723.24M) | Time:00:00.27 | Mem:0.00M, Peak:0.00M | Scene, ViewLayer | Synchronizing object | display_ground_only
Fra:1 Mem:723.26M (Peak 723.26M) | Time:00:00.27 | Mem:0.00M, Peak:0.00M | Scene, ViewLayer | Synchronizing object | L_ankle_side_cover_rim_1
Fra:1 Mem:739.84M (Peak 739.84M) | Time:00:00.27 | Mem:0.00M, Peak:0.00M | Scene, ViewLayer | Synchronizing object | L_ankle_side_cover_1
Fra:1 Mem:740.06M (Peak 740.06M) | Time:00:00.27 | Mem:0.00M, Peak:0.00M | Scene, ViewLayer | Synchronizing object | L_ankle_side_cover_rim_-1
Fra:1 Mem:740.60M (Peak 740.60M) | Time:00:00.27 | Mem:0.00M, Peak:0.00M | Scene, ViewLayer | Synchronizing object | L_ankle_side_cover_-1
Fra:1 Mem:740.86M (Peak 740.86M) | Time:00:00.27 | Mem:0.00M, Peak:0.00M | Scene, ViewLayer | Synchronizing object | L_ankle_common_axle
Fra:1 Mem:740.46M (Peak 740.86M) | Time:00:00.27 | Mem:0.00M, Peak:0.00M | Scene, ViewLayer | Synchronizing object | L_thigh_rear_hip_cover
Fra:1 Mem:740.76M (Peak 740.86M) | Time:00:00.27 | Mem:0.00M, Peak:0.00M | Scene, ViewLayer | Synchronizing object | L_hock_side_cover_rim_1
Fra:1 Mem:740.35M (Peak 740.86M) | Time:00:00.27 | Mem:0.00M, Peak:0.00M | Scene, ViewLayer | Synchronizing object | L_thigh_rear_hip_panel
Fra:1 Mem:741.58M (Peak 741.58M) | Time:00:00.27 | Mem:0.00M, Peak:0.00M | Scene, ViewLayer | Synchronizing object | L_hock_side_cover_1
Fra:1 Mem:741.73M (Peak 741.73M) | Time:00:00.27 | Mem:0.00M, Peak:0.00M | Scene, ViewLayer | Synchronizing object | L_hock_side_cover_rim_-1
Fra:1 Mem:741.92M (Peak 741.92M) | Time:00:00.27 | Mem:0.00M, Peak:0.00M | Scene, ViewLayer | Synchronizing object | L_hock_side_cover_-1
Fra:1 Mem:742.00M (Peak 742.00M) | Time:00:00.27 | Mem:0.00M, Peak:0.00M | Scene, ViewLayer | Synchronizing object | L_hock_common_axle
Fra:1 Mem:742.43M (Peak 742.43M) | Time:00:00.27 | Mem:0.00M, Peak:0.00M | Scene, ViewLayer | Synchronizing object | L_knee_side_cover_rim_1
Fra:1 Mem:742.28M (Peak 742.43M) | Time:00:00.27 | Mem:0.00M, Peak:0.00M | Scene, ViewLayer | Synchronizing object | L_knee_side_cover_1
Fra:1 Mem:742.61M (Peak 742.61M) | Time:00:00.27 | Mem:0.00M, Peak:0.00M | Scene, ViewLayer | Synchronizing object | L_knee_side_cover_rim_-1
Fra:1 Mem:742.22M (Peak 742.61M) | Time:00:00.27 | Mem:0.00M, Peak:0.00M | Scene, ViewLayer | Synchronizing object | L_knee_side_cover_-1
Fra:1 Mem:742.27M (Peak 742.61M) | Time:00:00.27 | Mem:0.00M, Peak:0.00M | Scene, ViewLayer | Synchronizing object | L_knee_common_axle
Fra:1 Mem:742.33M (Peak 742.61M) | Time:00:00.27 | Mem:0.00M, Peak:0.00M | Scene, ViewLayer | Synchronizing object | L_hip_side_cover_rim_1
Fra:1 Mem:742.38M (Peak 742.61M) | Time:00:00.27 | Mem:0.00M, Peak:0.00M | Scene, ViewLayer | Synchronizing object | L_hip_side_cover_1
Fra:1 Mem:742.44M (Peak 742.61M) | Time:00:00.27 | Mem:0.00M, Peak:0.00M | Scene, ViewLayer | Synchronizing object | L_hip_side_cover_rim_-1
Fra:1 Mem:742.49M (Peak 742.61M) | Time:00:00.27 | Mem:0.00M, Peak:0.00M | Scene, ViewLayer | Synchronizing object | L_hip_side_cover_-1
Fra:1 Mem:742.55M (Peak 742.61M) | Time:00:00.27 | Mem:0.00M, Peak:0.00M | Scene, ViewLayer | Synchronizing object | L_hip_common_axle
Fra:1 Mem:742.26M (Peak 742.61M) | Time:00:00.27 | Mem:0.00M, Peak:0.00M | Scene, ViewLayer | Synchronizing object | L_sole_contact_-0.037
Fra:1 Mem:742.52M (Peak 742.61M) | Time:00:00.27 | Mem:0.00M, Peak:0.00M | Scene, ViewLayer | Synchronizing object | L_sole_contact_0.052
Fra:1 Mem:742.54M (Peak 742.61M) | Time:00:00.27 | Mem:0.00M, Peak:0.00M | Scene, ViewLayer | Synchronizing object | L_sole_contact_-0.176
Fra:1 Mem:742.55M (Peak 742.61M) | Time:00:00.27 | Mem:0.00M, Peak:0.00M | Scene, ViewLayer | Synchronizing object | L_foot_central_carrier
Fra:1 Mem:742.71M (Peak 742.71M) | Time:00:00.27 | Mem:0.00M, Peak:0.00M | Scene, ViewLayer | Synchronizing object | L_shank_front_side_shell
Fra:1 Mem:742.71M (Peak 742.71M) | Time:00:00.27 | Mem:0.00M, Peak:0.00M | Scene, ViewLayer | Synchronizing object | L_shank_front_service_panel
Fra:1 Mem:746.17M (Peak 746.17M) | Time:00:00.27 | Mem:0.00M, Peak:0.00M | Scene, ViewLayer | Synchronizing object | L_hock_rear_guard
Fra:1 Mem:748.73M (Peak 749.14M) | Time:00:00.27 | Mem:0.00M, Peak:0.00M | Scene, ViewLayer | Synchronizing object | L_shank_ankle_carrier
Fra:1 Mem:747.14M (Peak 749.14M) | Time:00:00.27 | Mem:0.00M, Peak:0.00M | Scene, ViewLayer | Synchronizing object | L_hock_rear_service_panel
Fra:1 Mem:781.22M (Peak 781.34M) | Time:00:00.27 | Mem:0.00M, Peak:0.00M | Scene, ViewLayer | Synchronizing object | L_return_carrier
Fra:1 Mem:782.58M (Peak 782.78M) | Time:00:00.27 | Mem:0.00M, Peak:0.00M | Scene, ViewLayer | Synchronizing object | L_thigh_carrier
Fra:1 Mem:856.36M (Peak 1026.69M) | Time:00:00.77 | Mem:0.00M, Peak:0.00M | Scene, ViewLayer | Initializing
Fra:1 Mem:856.36M (Peak 1026.69M) | Time:00:00.77 | Mem:0.00M, Peak:0.00M | Scene, ViewLayer | Waiting for render to start
Fra:1 Mem:856.36M (Peak 1026.69M) | Time:00:00.77 | Mem:0.00M, Peak:0.00M | Scene, ViewLayer | Loading render kernels (may take a few minutes the first time)
Fra:1 Mem:856.36M (Peak 1026.69M) | Time:00:00.77 | Mem:0.00M, Peak:0.00M | Scene, ViewLayer | Updating Scene
Fra:1 Mem:856.36M (Peak 1026.69M) | Time:00:00.77 | Mem:0.00M, Peak:0.00M | Scene, ViewLayer | Updating Shaders
Fra:1 Mem:856.44M (Peak 1026.69M) | Time:00:00.77 | Mem:0.00M, Peak:0.00M | Scene, ViewLayer | Updating Procedurals
Fra:1 Mem:856.44M (Peak 1026.69M) | Time:00:00.77 | Mem:0.00M, Peak:0.00M | Scene, ViewLayer | Updating Background
Fra:1 Mem:856.44M (Peak 1026.69M) | Time:00:00.77 | Mem:0.00M, Peak:0.00M | Scene, ViewLayer | Updating Camera
Fra:1 Mem:856.44M (Peak 1026.69M) | Time:00:00.77 | Mem:0.00M, Peak:0.00M | Scene, ViewLayer | Updating Meshes Flags
Fra:1 Mem:856.44M (Peak 1026.69M) | Time:00:00.77 | Mem:0.00M, Peak:0.00M | Scene, ViewLayer | Updating Objects
Fra:1 Mem:856.44M (Peak 1026.69M) | Time:00:00.77 | Mem:0.00M, Peak:0.00M | Scene, ViewLayer | Updating Objects | Copying Transformations to device
Fra:1 Mem:856.45M (Peak 1026.69M) | Time:00:00.77 | Mem:0.01M, Peak:0.01M | Scene, ViewLayer | Updating Objects | Applying Static Transformations
Fra:1 Mem:856.45M (Peak 1026.69M) | Time:00:00.78 | Mem:0.01M, Peak:0.01M | Scene, ViewLayer | Updating Particle Systems
Fra:1 Mem:856.45M (Peak 1026.69M) | Time:00:00.78 | Mem:0.01M, Peak:0.01M | Scene, ViewLayer | Updating Particle Systems | Copying Particles to device
Fra:1 Mem:856.45M (Peak 1026.69M) | Time:00:00.78 | Mem:0.01M, Peak:0.01M | Scene, ViewLayer | Updating Meshes
Fra:1 Mem:919.94M (Peak 1026.69M) | Time:00:00.85 | Mem:0.01M, Peak:0.01M | Scene, ViewLayer | Updating Mesh | Computing attributes
Fra:1 Mem:944.45M (Peak 1026.69M) | Time:00:00.86 | Mem:0.02M, Peak:0.02M | Scene, ViewLayer | Updating Mesh | Copying Attributes to device
Fra:1 Mem:944.44M (Peak 1026.69M) | Time:00:00.86 | Mem:24.52M, Peak:24.52M | Scene, ViewLayer | Updating Scene BVH | Building
Fra:1 Mem:944.44M (Peak 1026.69M) | Time:00:00.86 | Mem:24.52M, Peak:24.52M | Scene, ViewLayer | Updating Scene BVH | Building BVH
Fra:1 Mem:1182.51M (Peak 1182.51M) | Time:00:01.22 | Mem:24.52M, Peak:24.52M | Scene, ViewLayer | Updating Scene BVH | Building BVH 9%, duplicates 0%
Fra:1 Mem:1182.51M (Peak 1182.51M) | Time:00:01.47 | Mem:24.52M, Peak:24.52M | Scene, ViewLayer | Updating Scene BVH | Building BVH 69%, duplicates 0%
Fra:1 Mem:1182.51M (Peak 1182.51M) | Time:00:01.61 | Mem:24.52M, Peak:24.52M | Scene, ViewLayer | Updating Scene BVH | Packing BVH triangles and strands
Fra:1 Mem:1198.38M (Peak 1198.38M) | Time:00:01.62 | Mem:24.52M, Peak:24.52M | Scene, ViewLayer | Updating Scene BVH | Packing BVH nodes
Fra:1 Mem:1201.13M (Peak 1263.23M) | Time:00:01.76 | Mem:24.52M, Peak:24.52M | Scene, ViewLayer | Updating Scene BVH | Copying BVH to device
Fra:1 Mem:1201.13M (Peak 1263.23M) | Time:00:01.76 | Mem:152.86M, Peak:152.86M | Scene, ViewLayer | Updating Mesh | Computing normals
Fra:1 Mem:1345.83M (Peak 1345.83M) | Time:00:01.79 | Mem:152.86M, Peak:152.86M | Scene, ViewLayer | Updating Mesh | Copying Mesh to device
Fra:1 Mem:1345.83M (Peak 1345.83M) | Time:00:01.79 | Mem:297.56M, Peak:297.56M | Scene, ViewLayer | Updating Objects Flags
Fra:1 Mem:1345.83M (Peak 1345.83M) | Time:00:01.79 | Mem:297.56M, Peak:297.56M | Scene, ViewLayer | Updating Primitive Offsets
Fra:1 Mem:1345.83M (Peak 1345.83M) | Time:00:01.79 | Mem:297.56M, Peak:297.56M | Scene, ViewLayer | Updating Images
Fra:1 Mem:1345.83M (Peak 1345.83M) | Time:00:01.79 | Mem:297.56M, Peak:297.56M | Scene, ViewLayer | Updating Camera Volume
Fra:1 Mem:1345.83M (Peak 1345.83M) | Time:00:01.79 | Mem:297.56M, Peak:297.56M | Scene, ViewLayer | Updating Lookup Tables
Fra:1 Mem:1345.83M (Peak 1345.83M) | Time:00:01.79 | Mem:297.64M, Peak:297.64M | Scene, ViewLayer | Updating Lights
Fra:1 Mem:1345.83M (Peak 1345.83M) | Time:00:01.79 | Mem:297.64M, Peak:297.64M | Scene, ViewLayer | Updating Lights | Computing distribution
Fra:1 Mem:1345.83M (Peak 1345.83M) | Time:00:01.79 | Mem:297.64M, Peak:297.64M | Scene, ViewLayer | Updating Lights | Computing tree
Fra:1 Mem:1345.83M (Peak 1345.83M) | Time:00:01.79 | Mem:297.64M, Peak:297.64M | Scene, ViewLayer | Updating Integrator
Fra:1 Mem:1346.83M (Peak 1346.83M) | Time:00:01.79 | Mem:298.64M, Peak:298.64M | Scene, ViewLayer | Updating Film
Fra:1 Mem:1346.83M (Peak 1346.83M) | Time:00:01.79 | Mem:298.56M, Peak:298.64M | Scene, ViewLayer | Updating Lookup Tables
Fra:1 Mem:1346.83M (Peak 1346.83M) | Time:00:01.79 | Mem:298.65M, Peak:298.65M | Scene, ViewLayer | Updating Baking
Fra:1 Mem:1346.83M (Peak 1346.83M) | Time:00:01.79 | Mem:298.65M, Peak:298.65M | Scene, ViewLayer | Updating Device | Writing constant memory
Fra:1 Mem:1346.83M (Peak 1346.83M) | Time:00:01.79 | Mem:298.65M, Peak:298.65M | Scene, ViewLayer | Sample 0/20
Fra:1 Mem:1383.94M (Peak 1383.94M) | Time:00:02.22 | Remaining:00:08.20 | Mem:335.73M, Peak:335.73M | Scene, ViewLayer | Sample 1/20
Fra:1 Mem:1400.42M (Peak 1433.38M) | Time:00:09.33 | Mem:335.73M, Peak:335.73M | Scene, ViewLayer | Sample 20/20
Fra:1 Mem:1400.42M (Peak 1433.38M) | Time:00:09.33 | Mem:335.73M, Peak:335.73M | Scene, ViewLayer | Finished
Saved: '/home/ethan/Projects/Sai_Art/docs/uri_style/gorilla_v0_2/images/lower_module_color_guide_p25.png'
Time: 00:09.37 (Saving: 00:00.04)

WHOLE_COMPONENT_COLOR_GUIDE_SAVED

Blender quit
