Blender 4.0.2
Read blend: "/home/ethan/Projects/Sai_Art/docs/uri_style/gorilla_v0_2/source/lower_body_spatial_s2.blend"
Fra:1 Mem:46.24M (Peak 46.24M) | Time:00:00.00 | Mem:0.00M, Peak:0.00M | Scene, ViewLayer | Synchronizing object | pixal_clear_side_leg
Fra:1 Mem:46.24M (Peak 46.24M) | Time:00:00.00 | Mem:0.00M, Peak:0.00M | Scene, ViewLayer | Synchronizing object | pixal_mirrored_leg
Fra:1 Mem:92.37M (Peak 98.82M) | Time:00:00.01 | Mem:0.00M, Peak:0.00M | Scene, ViewLayer | Initializing
Fra:1 Mem:92.37M (Peak 98.82M) | Time:00:00.01 | Mem:0.00M, Peak:0.00M | Scene, ViewLayer | Waiting for render to start
Fra:1 Mem:92.37M (Peak 98.82M) | Time:00:00.01 | Mem:0.00M, Peak:0.00M | Scene, ViewLayer | Loading render kernels (may take a few minutes the first time)
Fra:1 Mem:92.37M (Peak 98.82M) | Time:00:00.01 | Mem:0.00M, Peak:0.00M | Scene, ViewLayer | Updating Scene
Fra:1 Mem:92.37M (Peak 98.82M) | Time:00:00.01 | Mem:0.00M, Peak:0.00M | Scene, ViewLayer | Updating Shaders
Fra:1 Mem:92.45M (Peak 98.82M) | Time:00:00.01 | Mem:0.00M, Peak:0.00M | Scene, ViewLayer | Updating Procedurals
Fra:1 Mem:92.45M (Peak 98.82M) | Time:00:00.01 | Mem:0.00M, Peak:0.00M | Scene, ViewLayer | Updating Background
Fra:1 Mem:92.45M (Peak 98.82M) | Time:00:00.01 | Mem:0.00M, Peak:0.00M | Scene, ViewLayer | Updating Camera
Fra:1 Mem:92.45M (Peak 98.82M) | Time:00:00.01 | Mem:0.00M, Peak:0.00M | Scene, ViewLayer | Updating Meshes Flags
Fra:1 Mem:92.45M (Peak 98.82M) | Time:00:00.01 | Mem:0.00M, Peak:0.00M | Scene, ViewLayer | Updating Objects
Fra:1 Mem:92.45M (Peak 98.82M) | Time:00:00.01 | Mem:0.00M, Peak:0.00M | Scene, ViewLayer | Updating Objects | Copying Transformations to device
Fra:1 Mem:92.45M (Peak 98.82M) | Time:00:00.01 | Mem:0.00M, Peak:0.00M | Scene, ViewLayer | Updating Objects | Applying Static Transformations
Fra:1 Mem:92.45M (Peak 98.82M) | Time:00:00.01 | Mem:0.00M, Peak:0.00M | Scene, ViewLayer | Updating Particle Systems
Fra:1 Mem:92.45M (Peak 98.82M) | Time:00:00.01 | Mem:0.00M, Peak:0.00M | Scene, ViewLayer | Updating Particle Systems | Copying Particles to device
Fra:1 Mem:92.45M (Peak 98.82M) | Time:00:00.01 | Mem:0.00M, Peak:0.00M | Scene, ViewLayer | Updating Meshes
Fra:1 Mem:105.43M (Peak 105.43M) | Time:00:00.03 | Mem:0.00M, Peak:0.00M | Scene, ViewLayer | Updating Mesh | Computing attributes
Fra:1 Mem:110.27M (Peak 110.27M) | Time:00:00.03 | Mem:0.00M, Peak:0.00M | Scene, ViewLayer | Updating Mesh | Copying Attributes to device
Fra:1 Mem:110.27M (Peak 110.27M) | Time:00:00.03 | Mem:4.84M, Peak:4.84M | Scene, ViewLayer | Updating Scene BVH | Building
Fra:1 Mem:110.27M (Peak 110.27M) | Time:00:00.03 | Mem:4.84M, Peak:4.84M | Scene, ViewLayer | Updating Scene BVH | Building BVH
Fra:1 Mem:158.95M (Peak 158.95M) | Time:00:00.20 | Mem:4.84M, Peak:4.84M | Scene, ViewLayer | Updating Scene BVH | Packing BVH triangles and strands
Fra:1 Mem:162.20M (Peak 162.20M) | Time:00:00.20 | Mem:4.84M, Peak:4.84M | Scene, ViewLayer | Updating Scene BVH | Packing BVH nodes
Fra:1 Mem:161.73M (Peak 174.95M) | Time:00:00.24 | Mem:4.84M, Peak:4.84M | Scene, ViewLayer | Updating Scene BVH | Copying BVH to device
Fra:1 Mem:161.73M (Peak 174.95M) | Time:00:00.24 | Mem:30.57M, Peak:30.57M | Scene, ViewLayer | Updating Mesh | Computing normals
Fra:1 Mem:190.86M (Peak 190.86M) | Time:00:00.25 | Mem:30.57M, Peak:30.57M | Scene, ViewLayer | Updating Mesh | Copying Mesh to device
Fra:1 Mem:190.86M (Peak 190.86M) | Time:00:00.25 | Mem:59.70M, Peak:59.70M | Scene, ViewLayer | Updating Objects Flags
Fra:1 Mem:190.86M (Peak 190.86M) | Time:00:00.25 | Mem:59.70M, Peak:59.70M | Scene, ViewLayer | Updating Primitive Offsets
Fra:1 Mem:190.86M (Peak 190.86M) | Time:00:00.25 | Mem:59.70M, Peak:59.70M | Scene, ViewLayer | Updating Images
Fra:1 Mem:190.86M (Peak 190.86M) | Time:00:00.25 | Mem:59.70M, Peak:59.70M | Scene, ViewLayer | Updating Camera Volume
Fra:1 Mem:190.86M (Peak 190.86M) | Time:00:00.25 | Mem:59.70M, Peak:59.70M | Scene, ViewLayer | Updating Lookup Tables
Fra:1 Mem:190.86M (Peak 190.86M) | Time:00:00.25 | Mem:59.78M, Peak:59.78M | Scene, ViewLayer | Updating Lights
Fra:1 Mem:190.86M (Peak 190.86M) | Time:00:00.25 | Mem:59.78M, Peak:59.78M | Scene, ViewLayer | Updating Lights | Computing distribution
Fra:1 Mem:190.86M (Peak 190.86M) | Time:00:00.25 | Mem:59.78M, Peak:59.78M | Scene, ViewLayer | Updating Lights | Computing tree
Fra:1 Mem:190.86M (Peak 190.86M) | Time:00:00.25 | Mem:59.78M, Peak:59.78M | Scene, ViewLayer | Updating Integrator
Fra:1 Mem:191.86M (Peak 191.86M) | Time:00:00.25 | Mem:60.78M, Peak:60.78M | Scene, ViewLayer | Updating Film
Fra:1 Mem:191.86M (Peak 191.86M) | Time:00:00.25 | Mem:60.70M, Peak:60.78M | Scene, ViewLayer | Updating Lookup Tables
Fra:1 Mem:191.86M (Peak 191.86M) | Time:00:00.25 | Mem:60.78M, Peak:60.78M | Scene, ViewLayer | Updating Baking
Fra:1 Mem:191.86M (Peak 191.86M) | Time:00:00.25 | Mem:60.78M, Peak:60.78M | Scene, ViewLayer | Updating Device | Writing constant memory
Fra:1 Mem:191.86M (Peak 191.86M) | Time:00:00.25 | Mem:60.78M, Peak:60.78M | Scene, ViewLayer | Sample 0/40
Fra:1 Mem:226.22M (Peak 226.22M) | Time:00:00.45 | Remaining:00:07.77 | Mem:95.12M, Peak:95.12M | Scene, ViewLayer | Sample 1/40
Fra:1 Mem:241.48M (Peak 272.00M) | Time:00:06.55 | Mem:95.12M, Peak:95.12M | Scene, ViewLayer | Sample 40/40
Fra:1 Mem:241.48M (Peak 272.00M) | Time:00:06.55 | Mem:95.12M, Peak:95.12M | Scene, ViewLayer | Finished
Saved: '/home/ethan/Projects/Sai_Art/docs/uri_style/gorilla_v0_2/images/lower_dense_surface_front_s6.png'
Time: 00:06.60 (Saving: 00:00.04)

DENSE_SURFACE_VIEW front [840.3361344537816, 722.6691688055853]
Fra:1 Mem:226.22M (Peak 226.22M) | Time:00:00.00 | Mem:95.12M, Peak:95.12M | Scene, ViewLayer | Initializing
Fra:1 Mem:226.22M (Peak 226.22M) | Time:00:00.00 | Mem:95.12M, Peak:95.12M | Scene, ViewLayer | Waiting for render to start
Fra:1 Mem:226.22M (Peak 226.22M) | Time:00:00.00 | Mem:95.12M, Peak:95.12M | Scene, ViewLayer | Updating Scene
Fra:1 Mem:226.22M (Peak 226.22M) | Time:00:00.00 | Mem:95.12M, Peak:95.12M | Scene, ViewLayer | Updating Shaders
Fra:1 Mem:226.22M (Peak 226.22M) | Time:00:00.00 | Mem:95.12M, Peak:95.12M | Scene, ViewLayer | Updating Background
Fra:1 Mem:226.22M (Peak 226.22M) | Time:00:00.00 | Mem:95.12M, Peak:95.12M | Scene, ViewLayer | Updating Camera
Fra:1 Mem:226.22M (Peak 226.22M) | Time:00:00.00 | Mem:95.12M, Peak:95.12M | Scene, ViewLayer | Updating Objects
Fra:1 Mem:226.22M (Peak 226.22M) | Time:00:00.00 | Mem:95.12M, Peak:95.12M | Scene, ViewLayer | Updating Particle Systems
Fra:1 Mem:226.22M (Peak 226.22M) | Time:00:00.00 | Mem:95.12M, Peak:95.12M | Scene, ViewLayer | Updating Meshes
Fra:1 Mem:226.22M (Peak 226.22M) | Time:00:00.00 | Mem:95.12M, Peak:95.12M | Scene, ViewLayer | Updating Objects Flags
Fra:1 Mem:226.22M (Peak 226.22M) | Time:00:00.00 | Mem:95.12M, Peak:95.12M | Scene, ViewLayer | Updating Primitive Offsets
Fra:1 Mem:226.22M (Peak 226.22M) | Time:00:00.00 | Mem:95.12M, Peak:95.12M | Scene, ViewLayer | Updating Images
Fra:1 Mem:226.22M (Peak 226.22M) | Time:00:00.00 | Mem:95.12M, Peak:95.12M | Scene, ViewLayer | Updating Camera Volume
Fra:1 Mem:226.22M (Peak 226.22M) | Time:00:00.00 | Mem:95.12M, Peak:95.12M | Scene, ViewLayer | Updating Lookup Tables
Fra:1 Mem:226.22M (Peak 226.22M) | Time:00:00.00 | Mem:95.12M, Peak:95.12M | Scene, ViewLayer | Updating Lights
Fra:1 Mem:226.22M (Peak 226.22M) | Time:00:00.00 | Mem:95.12M, Peak:95.12M | Scene, ViewLayer | Updating Integrator
Fra:1 Mem:226.22M (Peak 226.22M) | Time:00:00.00 | Mem:95.12M, Peak:95.12M | Scene, ViewLayer | Updating Film
Fra:1 Mem:226.22M (Peak 226.22M) | Time:00:00.00 | Mem:95.12M, Peak:95.12M | Scene, ViewLayer | Updating Lookup Tables
Fra:1 Mem:226.22M (Peak 226.22M) | Time:00:00.00 | Mem:95.12M, Peak:95.12M | Scene, ViewLayer | Updating Baking
Fra:1 Mem:226.22M (Peak 226.22M) | Time:00:00.00 | Mem:95.12M, Peak:95.12M | Scene, ViewLayer | Updating Device | Writing constant memory
Fra:1 Mem:226.22M (Peak 226.22M) | Time:00:00.00 | Mem:95.12M, Peak:95.12M | Scene, ViewLayer | Sample 0/40
Fra:1 Mem:226.22M (Peak 226.22M) | Time:00:00.17 | Remaining:00:06.93 | Mem:95.12M, Peak:95.12M | Scene, ViewLayer | Sample 1/40
Fra:1 Mem:241.48M (Peak 272.00M) | Time:00:05.22 | Mem:95.12M, Peak:95.12M | Scene, ViewLayer | Sample 40/40
Fra:1 Mem:241.48M (Peak 272.00M) | Time:00:05.22 | Mem:95.12M, Peak:95.12M | Scene, ViewLayer | Finished
Saved: '/home/ethan/Projects/Sai_Art/docs/uri_style/gorilla_v0_2/images/lower_dense_surface_left_s6.png'
Time: 00:05.27 (Saving: 00:00.04)

DENSE_SURFACE_VIEW left [578.6007411198898, 722.6692176649128]
Fra:1 Mem:226.22M (Peak 226.22M) | Time:00:00.00 | Mem:95.12M, Peak:95.12M | Scene, ViewLayer | Initializing
Fra:1 Mem:226.22M (Peak 226.22M) | Time:00:00.00 | Mem:95.12M, Peak:95.12M | Scene, ViewLayer | Waiting for render to start
Fra:1 Mem:226.22M (Peak 226.22M) | Time:00:00.00 | Mem:95.12M, Peak:95.12M | Scene, ViewLayer | Updating Scene
Fra:1 Mem:226.22M (Peak 226.22M) | Time:00:00.00 | Mem:95.12M, Peak:95.12M | Scene, ViewLayer | Updating Shaders
Fra:1 Mem:226.22M (Peak 226.22M) | Time:00:00.00 | Mem:95.12M, Peak:95.12M | Scene, ViewLayer | Updating Background
Fra:1 Mem:226.22M (Peak 226.22M) | Time:00:00.00 | Mem:95.12M, Peak:95.12M | Scene, ViewLayer | Updating Camera
Fra:1 Mem:226.22M (Peak 226.22M) | Time:00:00.00 | Mem:95.12M, Peak:95.12M | Scene, ViewLayer | Updating Objects
Fra:1 Mem:226.22M (Peak 226.22M) | Time:00:00.00 | Mem:95.12M, Peak:95.12M | Scene, ViewLayer | Updating Particle Systems
Fra:1 Mem:226.22M (Peak 226.22M) | Time:00:00.00 | Mem:95.12M, Peak:95.12M | Scene, ViewLayer | Updating Meshes
Fra:1 Mem:226.22M (Peak 226.22M) | Time:00:00.00 | Mem:95.12M, Peak:95.12M | Scene, ViewLayer | Updating Objects Flags
Fra:1 Mem:226.22M (Peak 226.22M) | Time:00:00.00 | Mem:95.12M, Peak:95.12M | Scene, ViewLayer | Updating Primitive Offsets
Fra:1 Mem:226.22M (Peak 226.22M) | Time:00:00.00 | Mem:95.12M, Peak:95.12M | Scene, ViewLayer | Updating Images
Fra:1 Mem:226.22M (Peak 226.22M) | Time:00:00.00 | Mem:95.12M, Peak:95.12M | Scene, ViewLayer | Updating Camera Volume
Fra:1 Mem:226.22M (Peak 226.22M) | Time:00:00.00 | Mem:95.12M, Peak:95.12M | Scene, ViewLayer | Updating Lookup Tables
Fra:1 Mem:226.22M (Peak 226.22M) | Time:00:00.00 | Mem:95.12M, Peak:95.12M | Scene, ViewLayer | Updating Lights
Fra:1 Mem:226.22M (Peak 226.22M) | Time:00:00.00 | Mem:95.12M, Peak:95.12M | Scene, ViewLayer | Updating Integrator
Fra:1 Mem:226.22M (Peak 226.22M) | Time:00:00.00 | Mem:95.12M, Peak:95.12M | Scene, ViewLayer | Updating Film
Fra:1 Mem:226.22M (Peak 226.22M) | Time:00:00.00 | Mem:95.12M, Peak:95.12M | Scene, ViewLayer | Updating Lookup Tables
Fra:1 Mem:226.22M (Peak 226.22M) | Time:00:00.00 | Mem:95.12M, Peak:95.12M | Scene, ViewLayer | Updating Baking
Fra:1 Mem:226.22M (Peak 226.22M) | Time:00:00.00 | Mem:95.12M, Peak:95.12M | Scene, ViewLayer | Updating Device | Writing constant memory
Fra:1 Mem:226.22M (Peak 226.22M) | Time:00:00.00 | Mem:95.12M, Peak:95.12M | Scene, ViewLayer | Sample 0/40
Fra:1 Mem:226.22M (Peak 226.22M) | Time:00:00.23 | Remaining:00:09.21 | Mem:95.12M, Peak:95.12M | Scene, ViewLayer | Sample 1/40
Fra:1 Mem:241.48M (Peak 272.00M) | Time:00:07.44 | Mem:95.12M, Peak:95.12M | Scene, ViewLayer | Sample 40/40
Fra:1 Mem:241.48M (Peak 272.00M) | Time:00:07.44 | Mem:95.12M, Peak:95.12M | Scene, ViewLayer | Finished
Saved: '/home/ethan/Projects/Sai_Art/docs/uri_style/gorilla_v0_2/images/lower_dense_surface_rear_s6.png'
Time: 00:07.49 (Saving: 00:00.04)

DENSE_SURFACE_VIEW rear [840.3361344537816, 722.66922610497]
Fra:1 Mem:226.22M (Peak 226.22M) | Time:00:00.00 | Mem:95.12M, Peak:95.12M | Scene, ViewLayer | Initializing
Fra:1 Mem:226.22M (Peak 226.22M) | Time:00:00.00 | Mem:95.12M, Peak:95.12M | Scene, ViewLayer | Waiting for render to start
Fra:1 Mem:226.22M (Peak 226.22M) | Time:00:00.00 | Mem:95.12M, Peak:95.12M | Scene, ViewLayer | Updating Scene
Fra:1 Mem:226.22M (Peak 226.22M) | Time:00:00.00 | Mem:95.12M, Peak:95.12M | Scene, ViewLayer | Updating Shaders
Fra:1 Mem:226.22M (Peak 226.22M) | Time:00:00.00 | Mem:95.12M, Peak:95.12M | Scene, ViewLayer | Updating Background
Fra:1 Mem:226.22M (Peak 226.22M) | Time:00:00.00 | Mem:95.12M, Peak:95.12M | Scene, ViewLayer | Updating Camera
Fra:1 Mem:226.22M (Peak 226.22M) | Time:00:00.00 | Mem:95.12M, Peak:95.12M | Scene, ViewLayer | Updating Objects
Fra:1 Mem:226.22M (Peak 226.22M) | Time:00:00.00 | Mem:95.12M, Peak:95.12M | Scene, ViewLayer | Updating Particle Systems
Fra:1 Mem:226.22M (Peak 226.22M) | Time:00:00.00 | Mem:95.12M, Peak:95.12M | Scene, ViewLayer | Updating Meshes
Fra:1 Mem:226.22M (Peak 226.22M) | Time:00:00.00 | Mem:95.12M, Peak:95.12M | Scene, ViewLayer | Updating Objects Flags
Fra:1 Mem:226.22M (Peak 226.22M) | Time:00:00.00 | Mem:95.12M, Peak:95.12M | Scene, ViewLayer | Updating Primitive Offsets
Fra:1 Mem:226.22M (Peak 226.22M) | Time:00:00.00 | Mem:95.12M, Peak:95.12M | Scene, ViewLayer | Updating Images
Fra:1 Mem:226.22M (Peak 226.22M) | Time:00:00.00 | Mem:95.12M, Peak:95.12M | Scene, ViewLayer | Updating Camera Volume
Fra:1 Mem:226.22M (Peak 226.22M) | Time:00:00.00 | Mem:95.12M, Peak:95.12M | Scene, ViewLayer | Updating Lookup Tables
Fra:1 Mem:226.22M (Peak 226.22M) | Time:00:00.00 | Mem:95.12M, Peak:95.12M | Scene, ViewLayer | Updating Lights
Fra:1 Mem:226.22M (Peak 226.22M) | Time:00:00.00 | Mem:95.12M, Peak:95.12M | Scene, ViewLayer | Updating Integrator
Fra:1 Mem:226.22M (Peak 226.22M) | Time:00:00.00 | Mem:95.12M, Peak:95.12M | Scene, ViewLayer | Updating Film
Fra:1 Mem:226.22M (Peak 226.22M) | Time:00:00.00 | Mem:95.12M, Peak:95.12M | Scene, ViewLayer | Updating Lookup Tables
Fra:1 Mem:226.22M (Peak 226.22M) | Time:00:00.00 | Mem:95.12M, Peak:95.12M | Scene, ViewLayer | Updating Baking
Fra:1 Mem:226.22M (Peak 226.22M) | Time:00:00.00 | Mem:95.12M, Peak:95.12M | Scene, ViewLayer | Updating Device | Writing constant memory
Fra:1 Mem:226.22M (Peak 226.22M) | Time:00:00.00 | Mem:95.12M, Peak:95.12M | Scene, ViewLayer | Sample 0/40
Fra:1 Mem:226.22M (Peak 226.22M) | Time:00:00.20 | Remaining:00:07.88 | Mem:95.12M, Peak:95.12M | Scene, ViewLayer | Sample 1/40
Fra:1 Mem:241.48M (Peak 272.00M) | Time:00:05.93 | Mem:95.12M, Peak:95.12M | Scene, ViewLayer | Sample 40/40
Fra:1 Mem:241.48M (Peak 272.00M) | Time:00:05.93 | Mem:95.12M, Peak:95.12M | Scene, ViewLayer | Finished
Saved: '/home/ethan/Projects/Sai_Art/docs/uri_style/gorilla_v0_2/images/lower_dense_surface_top_s6.png'
Time: 00:05.98 (Saving: 00:00.04)

DENSE_SURFACE_VIEW top [840.3361344537816, 578.6006870573239]
Fra:1 Mem:226.22M (Peak 226.22M) | Time:00:00.00 | Mem:95.12M, Peak:95.12M | Scene, ViewLayer | Initializing
Fra:1 Mem:226.22M (Peak 226.22M) | Time:00:00.00 | Mem:95.12M, Peak:95.12M | Scene, ViewLayer | Waiting for render to start
Fra:1 Mem:226.22M (Peak 226.22M) | Time:00:00.00 | Mem:95.12M, Peak:95.12M | Scene, ViewLayer | Updating Scene
Fra:1 Mem:226.22M (Peak 226.22M) | Time:00:00.00 | Mem:95.12M, Peak:95.12M | Scene, ViewLayer | Updating Shaders
Fra:1 Mem:226.22M (Peak 226.22M) | Time:00:00.00 | Mem:95.12M, Peak:95.12M | Scene, ViewLayer | Updating Background
Fra:1 Mem:226.22M (Peak 226.22M) | Time:00:00.00 | Mem:95.12M, Peak:95.12M | Scene, ViewLayer | Updating Camera
Fra:1 Mem:226.22M (Peak 226.22M) | Time:00:00.00 | Mem:95.12M, Peak:95.12M | Scene, ViewLayer | Updating Objects
Fra:1 Mem:226.22M (Peak 226.22M) | Time:00:00.00 | Mem:95.12M, Peak:95.12M | Scene, ViewLayer | Updating Particle Systems
Fra:1 Mem:226.22M (Peak 226.22M) | Time:00:00.00 | Mem:95.12M, Peak:95.12M | Scene, ViewLayer | Updating Meshes
Fra:1 Mem:226.22M (Peak 226.22M) | Time:00:00.00 | Mem:95.12M, Peak:95.12M | Scene, ViewLayer | Updating Objects Flags
Fra:1 Mem:226.22M (Peak 226.22M) | Time:00:00.00 | Mem:95.12M, Peak:95.12M | Scene, ViewLayer | Updating Primitive Offsets
Fra:1 Mem:226.22M (Peak 226.22M) | Time:00:00.00 | Mem:95.12M, Peak:95.12M | Scene, ViewLayer | Updating Images
Fra:1 Mem:226.22M (Peak 226.22M) | Time:00:00.00 | Mem:95.12M, Peak:95.12M | Scene, ViewLayer | Updating Camera Volume
Fra:1 Mem:226.22M (Peak 226.22M) | Time:00:00.00 | Mem:95.12M, Peak:95.12M | Scene, ViewLayer | Updating Lookup Tables
Fra:1 Mem:226.22M (Peak 226.22M) | Time:00:00.00 | Mem:95.12M, Peak:95.12M | Scene, ViewLayer | Updating Lights
Fra:1 Mem:226.22M (Peak 226.22M) | Time:00:00.00 | Mem:95.12M, Peak:95.12M | Scene, ViewLayer | Updating Integrator
Fra:1 Mem:226.22M (Peak 226.22M) | Time:00:00.00 | Mem:95.12M, Peak:95.12M | Scene, ViewLayer | Updating Film
Fra:1 Mem:226.22M (Peak 226.22M) | Time:00:00.00 | Mem:95.12M, Peak:95.12M | Scene, ViewLayer | Updating Lookup Tables
Fra:1 Mem:226.22M (Peak 226.22M) | Time:00:00.00 | Mem:95.12M, Peak:95.12M | Scene, ViewLayer | Updating Baking
Fra:1 Mem:226.22M (Peak 226.22M) | Time:00:00.00 | Mem:95.12M, Peak:95.12M | Scene, ViewLayer | Updating Device | Writing constant memory
Fra:1 Mem:226.22M (Peak 226.22M) | Time:00:00.00 | Mem:95.12M, Peak:95.12M | Scene, ViewLayer | Sample 0/40
Fra:1 Mem:226.22M (Peak 226.22M) | Time:00:00.34 | Remaining:00:13.35 | Mem:95.12M, Peak:95.12M | Scene, ViewLayer | Sample 1/40
Fra:1 Mem:241.48M (Peak 272.00M) | Time:00:10.35 | Mem:95.12M, Peak:95.12M | Scene, ViewLayer | Sample 40/40
Fra:1 Mem:241.48M (Peak 272.00M) | Time:00:10.35 | Mem:95.12M, Peak:95.12M | Scene, ViewLayer | Finished
Saved: '/home/ethan/Projects/Sai_Art/docs/uri_style/gorilla_v0_2/images/lower_dense_surface_front_oblique_s6.png'
Time: 00:10.40 (Saving: 00:00.05)

DENSE_SURFACE_VIEW front_oblique [935.2303087153433, 880.5040603423936]
Info: Saved "lower_dense_surface_s6.blend"
DENSE_SURFACE_REPAIR_COMPLETE {"all_retained_visible_positions_exact": true, "all_original_below_cut_retained": true, "all_meshes_closed": false, "all_meshes_outward": true}

Blender quit
