NATIVE_COMPONENT_POSE reference_bent 7
NATIVE_COMPONENT_POSE further_fold 7
NATIVE_COMPONENT_POSE partial_extension 7
NATIVE_COMPONENT_POSE ankle_pitch 7
NATIVE_COMPONENT_INSPECTION True True
Blender 4.0.2
Read blend: "/home/ethan/Projects/Sai_Art/docs/uri_style/gorilla_v0_2/source/lower_modular_components_b4.blend"
Fra:1 Mem:46.81M (Peak 46.81M) | Time:00:00.00 | Mem:0.00M, Peak:0.00M | Scene, ViewLayer | Synchronizing object | L_thigh_main_shell
Fra:1 Mem:46.82M (Peak 46.82M) | Time:00:00.00 | Mem:0.00M, Peak:0.00M | Scene, ViewLayer | Synchronizing object | L_thigh_inner_lateral_panel
Fra:1 Mem:47.48M (Peak 47.48M) | Time:00:00.00 | Mem:0.00M, Peak:0.00M | Scene, ViewLayer | Synchronizing object | L_knee_front_shield
Fra:1 Mem:47.86M (Peak 47.86M) | Time:00:00.00 | Mem:0.00M, Peak:0.00M | Scene, ViewLayer | Synchronizing object | display_ground_only
Fra:1 Mem:48.06M (Peak 48.06M) | Time:00:00.00 | Mem:0.00M, Peak:0.00M | Scene, ViewLayer | Synchronizing object | L_ankle_side_cover_rim_1
Fra:1 Mem:50.38M (Peak 50.38M) | Time:00:00.00 | Mem:0.00M, Peak:0.00M | Scene, ViewLayer | Synchronizing object | L_ankle_side_cover_1
Fra:1 Mem:50.39M (Peak 50.39M) | Time:00:00.00 | Mem:0.00M, Peak:0.00M | Scene, ViewLayer | Synchronizing object | L_ankle_side_cover_rim_-1
Fra:1 Mem:50.44M (Peak 50.44M) | Time:00:00.00 | Mem:0.00M, Peak:0.00M | Scene, ViewLayer | Synchronizing object | L_ankle_side_cover_-1
Fra:1 Mem:50.68M (Peak 50.68M) | Time:00:00.00 | Mem:0.00M, Peak:0.00M | Scene, ViewLayer | Synchronizing object | L_ankle_common_axle
Fra:1 Mem:50.94M (Peak 50.94M) | Time:00:00.00 | Mem:0.00M, Peak:0.00M | Scene, ViewLayer | Synchronizing object | L_hock_side_cover_rim_1
Fra:1 Mem:51.18M (Peak 51.18M) | Time:00:00.00 | Mem:0.00M, Peak:0.00M | Scene, ViewLayer | Synchronizing object | L_hock_side_cover_1
Fra:1 Mem:51.79M (Peak 51.79M) | Time:00:00.00 | Mem:0.00M, Peak:0.00M | Scene, ViewLayer | Synchronizing object | L_hock_side_cover_rim_-1
Fra:1 Mem:51.85M (Peak 51.85M) | Time:00:00.00 | Mem:0.00M, Peak:0.00M | Scene, ViewLayer | Synchronizing object | L_shank_front_side_shell
Fra:1 Mem:52.44M (Peak 52.44M) | Time:00:00.00 | Mem:0.00M, Peak:0.00M | Scene, ViewLayer | Synchronizing object | L_hock_side_cover_-1
Fra:1 Mem:52.70M (Peak 52.70M) | Time:00:00.00 | Mem:0.00M, Peak:0.00M | Scene, ViewLayer | Synchronizing object | L_hock_common_axle
Fra:1 Mem:52.91M (Peak 52.91M) | Time:00:00.00 | Mem:0.00M, Peak:0.00M | Scene, ViewLayer | Synchronizing object | L_knee_side_cover_rim_1
Fra:1 Mem:52.99M (Peak 52.99M) | Time:00:00.00 | Mem:0.00M, Peak:0.00M | Scene, ViewLayer | Synchronizing object | L_knee_side_cover_1
Fra:1 Mem:52.64M (Peak 52.99M) | Time:00:00.00 | Mem:0.00M, Peak:0.00M | Scene, ViewLayer | Synchronizing object | L_shank_front_service_panel
Fra:1 Mem:52.78M (Peak 52.99M) | Time:00:00.00 | Mem:0.00M, Peak:0.00M | Scene, ViewLayer | Synchronizing object | L_hock_rear_guard
Fra:1 Mem:52.96M (Peak 52.99M) | Time:00:00.00 | Mem:0.00M, Peak:0.00M | Scene, ViewLayer | Synchronizing object | L_knee_side_cover_rim_-1
Fra:1 Mem:52.99M (Peak 52.99M) | Time:00:00.00 | Mem:0.00M, Peak:0.00M | Scene, ViewLayer | Synchronizing object | L_hock_rear_service_panel
Fra:1 Mem:53.21M (Peak 53.21M) | Time:00:00.00 | Mem:0.00M, Peak:0.00M | Scene, ViewLayer | Synchronizing object | L_knee_side_cover_-1
Fra:1 Mem:53.30M (Peak 53.30M) | Time:00:00.00 | Mem:0.00M, Peak:0.00M | Scene, ViewLayer | Synchronizing object | L_knee_common_axle
Fra:1 Mem:53.36M (Peak 53.36M) | Time:00:00.00 | Mem:0.00M, Peak:0.00M | Scene, ViewLayer | Synchronizing object | L_hip_side_cover_rim_1
Fra:1 Mem:53.43M (Peak 53.43M) | Time:00:00.00 | Mem:0.00M, Peak:0.00M | Scene, ViewLayer | Synchronizing object | L_hip_side_cover_1
Fra:1 Mem:53.44M (Peak 53.44M) | Time:00:00.00 | Mem:0.00M, Peak:0.00M | Scene, ViewLayer | Synchronizing object | L_hip_side_cover_rim_-1
Fra:1 Mem:53.46M (Peak 53.46M) | Time:00:00.00 | Mem:0.00M, Peak:0.00M | Scene, ViewLayer | Synchronizing object | L_hip_side_cover_-1
Fra:1 Mem:53.33M (Peak 53.46M) | Time:00:00.00 | Mem:0.00M, Peak:0.00M | Scene, ViewLayer | Synchronizing object | L_hip_common_axle
Fra:1 Mem:53.66M (Peak 53.66M) | Time:00:00.00 | Mem:0.00M, Peak:0.00M | Scene, ViewLayer | Synchronizing object | L_sole_contact_-0.037
Fra:1 Mem:53.88M (Peak 53.88M) | Time:00:00.00 | Mem:0.00M, Peak:0.00M | Scene, ViewLayer | Synchronizing object | L_sole_contact_0.052
Fra:1 Mem:53.95M (Peak 53.95M) | Time:00:00.00 | Mem:0.00M, Peak:0.00M | Scene, ViewLayer | Synchronizing object | L_sole_contact_-0.176
Fra:1 Mem:54.07M (Peak 54.07M) | Time:00:00.00 | Mem:0.00M, Peak:0.00M | Scene, ViewLayer | Synchronizing object | L_foot_central_carrier
Fra:1 Mem:54.58M (Peak 54.58M) | Time:00:00.00 | Mem:0.00M, Peak:0.00M | Scene, ViewLayer | Synchronizing object | L_thigh_carrier
Fra:1 Mem:56.29M (Peak 56.29M) | Time:00:00.01 | Mem:0.00M, Peak:0.00M | Scene, ViewLayer | Synchronizing object | L_return_carrier
Fra:1 Mem:55.65M (Peak 56.29M) | Time:00:00.01 | Mem:0.00M, Peak:0.00M | Scene, ViewLayer | Synchronizing object | L_shank_ankle_carrier
Fra:1 Mem:56.53M (Peak 58.99M) | Time:00:00.01 | Mem:0.00M, Peak:0.00M | Scene, ViewLayer | Initializing
Fra:1 Mem:56.52M (Peak 58.99M) | Time:00:00.01 | Mem:0.00M, Peak:0.00M | Scene, ViewLayer | Waiting for render to start
Fra:1 Mem:56.52M (Peak 58.99M) | Time:00:00.01 | Mem:0.00M, Peak:0.00M | Scene, ViewLayer | Loading render kernels (may take a few minutes the first time)
Fra:1 Mem:56.52M (Peak 58.99M) | Time:00:00.01 | Mem:0.00M, Peak:0.00M | Scene, ViewLayer | Updating Scene
Fra:1 Mem:56.52M (Peak 58.99M) | Time:00:00.01 | Mem:0.00M, Peak:0.00M | Scene, ViewLayer | Updating Shaders
Fra:1 Mem:56.61M (Peak 58.99M) | Time:00:00.01 | Mem:0.01M, Peak:0.01M | Scene, ViewLayer | Updating Procedurals
Fra:1 Mem:56.61M (Peak 58.99M) | Time:00:00.01 | Mem:0.01M, Peak:0.01M | Scene, ViewLayer | Updating Background
Fra:1 Mem:56.61M (Peak 58.99M) | Time:00:00.01 | Mem:0.01M, Peak:0.01M | Scene, ViewLayer | Updating Camera
Fra:1 Mem:56.61M (Peak 58.99M) | Time:00:00.01 | Mem:0.01M, Peak:0.01M | Scene, ViewLayer | Updating Meshes Flags
Fra:1 Mem:56.61M (Peak 58.99M) | Time:00:00.01 | Mem:0.01M, Peak:0.01M | Scene, ViewLayer | Updating Objects
Fra:1 Mem:56.61M (Peak 58.99M) | Time:00:00.01 | Mem:0.01M, Peak:0.01M | Scene, ViewLayer | Updating Objects | Copying Transformations to device
Fra:1 Mem:56.63M (Peak 58.99M) | Time:00:00.01 | Mem:0.02M, Peak:0.02M | Scene, ViewLayer | Updating Objects | Applying Static Transformations
Fra:1 Mem:56.63M (Peak 58.99M) | Time:00:00.01 | Mem:0.02M, Peak:0.02M | Scene, ViewLayer | Updating Particle Systems
Fra:1 Mem:56.63M (Peak 58.99M) | Time:00:00.01 | Mem:0.02M, Peak:0.02M | Scene, ViewLayer | Updating Particle Systems | Copying Particles to device
Fra:1 Mem:56.63M (Peak 58.99M) | Time:00:00.01 | Mem:0.02M, Peak:0.02M | Scene, ViewLayer | Updating Meshes
Fra:1 Mem:58.58M (Peak 58.99M) | Time:00:00.01 | Mem:0.02M, Peak:0.02M | Scene, ViewLayer | Updating Mesh | Computing attributes
Fra:1 Mem:59.58M (Peak 59.58M) | Time:00:00.01 | Mem:0.02M, Peak:0.02M | Scene, ViewLayer | Updating Mesh | Copying Attributes to device
Fra:1 Mem:59.57M (Peak 59.58M) | Time:00:00.01 | Mem:1.01M, Peak:1.01M | Scene, ViewLayer | Updating Geometry BVH L_ankle_side_cover_rim_1_master_mesh 36/36 | Building BVH
Fra:1 Mem:59.61M (Peak 59.61M) | Time:00:00.01 | Mem:1.01M, Peak:1.01M | Scene, ViewLayer | Updating Geometry BVH L_thigh_front_service_panel_master_mesh 2/36 | Building BVH
Fra:1 Mem:59.61M (Peak 59.61M) | Time:00:00.01 | Mem:1.01M, Peak:1.01M | Scene, ViewLayer | Updating Geometry BVH L_thigh_inner_lateral_panel_master_mesh 4/36 | Building BVH
Fra:1 Mem:61.42M (Peak 61.42M) | Time:00:00.01 | Mem:1.01M, Peak:1.01M | Scene, ViewLayer | Updating Geometry BVH L_knee_front_shield_master_mesh 5/36 | Building BVH
Fra:1 Mem:61.97M (Peak 61.97M) | Time:00:00.01 | Mem:1.01M, Peak:1.01M | Scene, ViewLayer | Updating Geometry BVH L_knee_front_shield_master_mesh 5/36 | Packing BVH triangles and strands
Fra:1 Mem:61.97M (Peak 61.97M) | Time:00:00.01 | Mem:1.01M, Peak:1.01M | Scene, ViewLayer | Updating Geometry BVH L_knee_front_shield_master_mesh 5/36 | Packing BVH nodes
Fra:1 Mem:61.95M (Peak 61.97M) | Time:00:00.01 | Mem:1.01M, Peak:1.01M | Scene, ViewLayer | Updating Geometry BVH L_ankle_side_cover_1_master_mesh 35/36 | Building BVH
Fra:1 Mem:61.99M (Peak 61.99M) | Time:00:00.01 | Mem:1.01M, Peak:1.01M | Scene, ViewLayer | Updating Geometry BVH L_ankle_side_cover_1_master_mesh 35/36 | Packing BVH triangles and strands
Fra:1 Mem:61.99M (Peak 61.99M) | Time:00:00.01 | Mem:1.01M, Peak:1.01M | Scene, ViewLayer | Updating Geometry BVH L_ankle_side_cover_1_master_mesh 35/36 | Packing BVH nodes
Fra:1 Mem:61.97M (Peak 61.99M) | Time:00:00.01 | Mem:1.01M, Peak:1.01M | Scene, ViewLayer | Updating Geometry BVH L_ankle_side_cover_rim_-1_master_mesh 34/36 | Building BVH
Fra:1 Mem:62.26M (Peak 62.26M) | Time:00:00.01 | Mem:1.01M, Peak:1.01M | Scene, ViewLayer | Updating Geometry BVH L_ankle_side_cover_rim_-1_master_mesh 34/36 | Packing BVH triangles and strands
Fra:1 Mem:62.26M (Peak 62.26M) | Time:00:00.01 | Mem:1.01M, Peak:1.01M | Scene, ViewLayer | Updating Geometry BVH L_ankle_side_cover_rim_-1_master_mesh 34/36 | Packing BVH nodes
Fra:1 Mem:62.24M (Peak 62.26M) | Time:00:00.01 | Mem:1.01M, Peak:1.01M | Scene, ViewLayer | Updating Geometry BVH L_ankle_side_cover_-1_master_mesh 33/36 | Building BVH
Fra:1 Mem:62.28M (Peak 62.28M) | Time:00:00.01 | Mem:1.01M, Peak:1.01M | Scene, ViewLayer | Updating Geometry BVH L_ankle_side_cover_-1_master_mesh 33/36 | Packing BVH triangles and strands
Fra:1 Mem:62.29M (Peak 62.29M) | Time:00:00.01 | Mem:1.01M, Peak:1.01M | Scene, ViewLayer | Updating Geometry BVH L_ankle_side_cover_-1_master_mesh 33/36 | Packing BVH nodes
Fra:1 Mem:62.26M (Peak 62.29M) | Time:00:00.01 | Mem:1.01M, Peak:1.01M | Scene, ViewLayer | Updating Geometry BVH L_ankle_common_axle_master_mesh 32/36 | Building BVH
Fra:1 Mem:62.31M (Peak 62.31M) | Time:00:00.01 | Mem:1.01M, Peak:1.01M | Scene, ViewLayer | Updating Geometry BVH L_ankle_common_axle_master_mesh 32/36 | Packing BVH triangles and strands
Fra:1 Mem:62.31M (Peak 62.31M) | Time:00:00.01 | Mem:1.01M, Peak:1.01M | Scene, ViewLayer | Updating Geometry BVH L_ankle_common_axle_master_mesh 32/36 | Packing BVH nodes
Fra:1 Mem:62.29M (Peak 62.31M) | Time:00:00.01 | Mem:1.01M, Peak:1.01M | Scene, ViewLayer | Updating Geometry BVH L_hock_side_cover_rim_1_master_mesh 31/36 | Building BVH
Fra:1 Mem:62.33M (Peak 62.33M) | Time:00:00.01 | Mem:1.01M, Peak:1.01M | Scene, ViewLayer | Updating Geometry BVH L_hock_side_cover_rim_1_master_mesh 31/36 | Packing BVH triangles and strands
Fra:1 Mem:62.33M (Peak 62.33M) | Time:00:00.01 | Mem:1.01M, Peak:1.01M | Scene, ViewLayer | Updating Geometry BVH L_hock_side_cover_rim_1_master_mesh 31/36 | Packing BVH nodes
Fra:1 Mem:62.35M (Peak 62.35M) | Time:00:00.01 | Mem:1.01M, Peak:1.01M | Scene, ViewLayer | Updating Geometry BVH L_hock_side_cover_rim_1_master_mesh 31/36 | Packing BVH triangles and strands
Fra:1 Mem:62.33M (Peak 62.35M) | Time:00:00.01 | Mem:1.01M, Peak:1.01M | Scene, ViewLayer | Updating Geometry BVH L_hock_side_cover_1_master_mesh 30/36 | Packing BVH nodes
Fra:1 Mem:62.15M (Peak 62.35M) | Time:00:00.02 | Mem:1.01M, Peak:1.01M | Scene, ViewLayer | Updating Geometry BVH L_hock_side_cover_1_master_mesh 30/36 | Building BVH
Fra:1 Mem:62.19M (Peak 62.35M) | Time:00:00.02 | Mem:1.01M, Peak:1.01M | Scene, ViewLayer | Updating Geometry BVH L_hock_side_cover_1_master_mesh 30/36 | Packing BVH nodes
Fra:1 Mem:62.27M (Peak 62.35M) | Time:00:00.02 | Mem:1.01M, Peak:1.01M | Scene, ViewLayer | Updating Geometry BVH L_shank_front_side_shell_master_mesh 6/36 | Building BVH
Fra:1 Mem:62.93M (Peak 62.93M) | Time:00:00.02 | Mem:1.01M, Peak:1.01M | Scene, ViewLayer | Updating Geometry BVH L_shank_front_service_panel_master_mesh 7/36 | Building BVH
Fra:1 Mem:63.27M (Peak 63.27M) | Time:00:00.02 | Mem:1.01M, Peak:1.01M | Scene, ViewLayer | Updating Geometry BVH L_shank_front_service_panel_master_mesh 7/36 | Packing BVH triangles and strands
Fra:1 Mem:63.28M (Peak 63.28M) | Time:00:00.02 | Mem:1.01M, Peak:1.01M | Scene, ViewLayer | Updating Geometry BVH L_shank_front_service_panel_master_mesh 7/36 | Packing BVH nodes
Fra:1 Mem:63.25M (Peak 63.28M) | Time:00:00.02 | Mem:1.01M, Peak:1.01M | Scene, ViewLayer | Updating Geometry BVH L_hock_side_cover_rim_-1_master_mesh 29/36 | Building BVH
Fra:1 Mem:63.30M (Peak 63.30M) | Time:00:00.02 | Mem:1.01M, Peak:1.01M | Scene, ViewLayer | Updating Geometry BVH L_hock_side_cover_rim_-1_master_mesh 29/36 | Packing BVH triangles and strands
Fra:1 Mem:63.30M (Peak 63.30M) | Time:00:00.02 | Mem:1.01M, Peak:1.01M | Scene, ViewLayer | Updating Geometry BVH L_hock_side_cover_rim_-1_master_mesh 29/36 | Packing BVH nodes
Fra:1 Mem:63.27M (Peak 63.30M) | Time:00:00.02 | Mem:1.01M, Peak:1.01M | Scene, ViewLayer | Updating Geometry BVH L_hock_side_cover_-1_master_mesh 28/36 | Building BVH
Fra:1 Mem:63.32M (Peak 63.32M) | Time:00:00.02 | Mem:1.01M, Peak:1.01M | Scene, ViewLayer | Updating Geometry BVH L_hock_rear_guard_master_mesh 8/36 | Building BVH
Fra:1 Mem:64.29M (Peak 64.29M) | Time:00:00.02 | Mem:1.01M, Peak:1.01M | Scene, ViewLayer | Updating Geometry BVH L_hock_rear_guard_master_mesh 8/36 | Packing BVH triangles and strands
Fra:1 Mem:64.29M (Peak 64.29M) | Time:00:00.02 | Mem:1.01M, Peak:1.01M | Scene, ViewLayer | Updating Geometry BVH L_hock_rear_guard_master_mesh 8/36 | Packing BVH nodes
Fra:1 Mem:64.45M (Peak 64.45M) | Time:00:00.02 | Mem:1.01M, Peak:1.01M | Scene, ViewLayer | Updating Geometry BVH L_hock_common_axle_master_mesh 27/36 | Building BVH
Fra:1 Mem:64.50M (Peak 64.50M) | Time:00:00.02 | Mem:1.01M, Peak:1.01M | Scene, ViewLayer | Updating Geometry BVH L_hock_common_axle_master_mesh 27/36 | Packing BVH triangles and strands
Fra:1 Mem:64.52M (Peak 64.52M) | Time:00:00.02 | Mem:1.01M, Peak:1.01M | Scene, ViewLayer | Updating Geometry BVH L_hock_common_axle_master_mesh 27/36 | Packing BVH nodes
Fra:1 Mem:64.60M (Peak 64.60M) | Time:00:00.02 | Mem:1.01M, Peak:1.01M | Scene, ViewLayer | Updating Geometry BVH L_hock_common_axle_master_mesh 27/36 | Packing BVH triangles and strands
Fra:1 Mem:64.60M (Peak 64.60M) | Time:00:00.02 | Mem:1.01M, Peak:1.01M | Scene, ViewLayer | Updating Geometry BVH L_hock_common_axle_master_mesh 27/36 | Packing BVH nodes
Fra:1 Mem:64.58M (Peak 64.60M) | Time:00:00.02 | Mem:1.01M, Peak:1.01M | Scene, ViewLayer | Updating Geometry BVH L_knee_side_cover_rim_1_master_mesh 26/36 | Building BVH
Fra:1 Mem:64.34M (Peak 64.60M) | Time:00:00.02 | Mem:1.01M, Peak:1.01M | Scene, ViewLayer | Updating Geometry BVH L_hock_rear_service_panel_master_mesh 9/36 | Building BVH
Fra:1 Mem:64.69M (Peak 64.69M) | Time:00:00.02 | Mem:1.01M, Peak:1.01M | Scene, ViewLayer | Updating Geometry BVH L_hock_rear_service_panel_master_mesh 9/36 | Packing BVH triangles and strands
Fra:1 Mem:64.69M (Peak 64.69M) | Time:00:00.02 | Mem:1.01M, Peak:1.01M | Scene, ViewLayer | Updating Geometry BVH L_hock_rear_service_panel_master_mesh 9/36 | Packing BVH nodes
Fra:1 Mem:64.67M (Peak 64.69M) | Time:00:00.02 | Mem:1.01M, Peak:1.01M | Scene, ViewLayer | Updating Geometry BVH L_knee_side_cover_1_master_mesh 25/36 | Building BVH
Fra:1 Mem:64.71M (Peak 64.71M) | Time:00:00.02 | Mem:1.01M, Peak:1.01M | Scene, ViewLayer | Updating Geometry BVH L_knee_side_cover_1_master_mesh 25/36 | Packing BVH triangles and strands
Fra:1 Mem:64.74M (Peak 64.74M) | Time:00:00.02 | Mem:1.01M, Peak:1.01M | Scene, ViewLayer | Updating Geometry BVH L_knee_side_cover_1_master_mesh 25/36 | Packing BVH nodes
Fra:1 Mem:64.54M (Peak 64.74M) | Time:00:00.02 | Mem:1.01M, Peak:1.01M | Scene, ViewLayer | Updating Geometry BVH L_thigh_carrier_master_mesh 10/36 | Building BVH
Fra:1 Mem:64.73M (Peak 64.74M) | Time:00:00.02 | Mem:1.01M, Peak:1.01M | Scene, ViewLayer | Updating Geometry BVH L_thigh_carrier_master_mesh 10/36 | Packing BVH triangles and strands
Fra:1 Mem:64.73M (Peak 64.74M) | Time:00:00.02 | Mem:1.01M, Peak:1.01M | Scene, ViewLayer | Updating Geometry BVH L_thigh_carrier_master_mesh 10/36 | Packing BVH nodes
Fra:1 Mem:64.71M (Peak 64.74M) | Time:00:00.02 | Mem:1.01M, Peak:1.01M | Scene, ViewLayer | Updating Geometry BVH L_knee_side_cover_rim_-1_master_mesh 24/36 | Building BVH
Fra:1 Mem:64.75M (Peak 64.75M) | Time:00:00.02 | Mem:1.01M, Peak:1.01M | Scene, ViewLayer | Updating Geometry BVH L_knee_side_cover_rim_-1_master_mesh 24/36 | Packing BVH triangles and strands
Fra:1 Mem:64.76M (Peak 64.76M) | Time:00:00.02 | Mem:1.01M, Peak:1.01M | Scene, ViewLayer | Updating Geometry BVH L_knee_side_cover_rim_-1_master_mesh 24/36 | Packing BVH nodes
Fra:1 Mem:64.73M (Peak 64.76M) | Time:00:00.02 | Mem:1.01M, Peak:1.01M | Scene, ViewLayer | Updating Geometry BVH L_knee_side_cover_-1_master_mesh 23/36 | Building BVH
Fra:1 Mem:64.78M (Peak 64.78M) | Time:00:00.02 | Mem:1.01M, Peak:1.01M | Scene, ViewLayer | Updating Geometry BVH L_knee_side_cover_-1_master_mesh 23/36 | Packing BVH triangles and strands
Fra:1 Mem:64.78M (Peak 64.78M) | Time:00:00.02 | Mem:1.01M, Peak:1.01M | Scene, ViewLayer | Updating Geometry BVH L_knee_side_cover_-1_master_mesh 23/36 | Packing BVH nodes
Fra:1 Mem:64.76M (Peak 64.78M) | Time:00:00.02 | Mem:1.01M, Peak:1.01M | Scene, ViewLayer | Updating Geometry BVH L_knee_common_axle_master_mesh 22/36 | Building BVH
Fra:1 Mem:64.80M (Peak 64.80M) | Time:00:00.02 | Mem:1.01M, Peak:1.01M | Scene, ViewLayer | Updating Geometry BVH L_knee_common_axle_master_mesh 22/36 | Packing BVH triangles and strands
Fra:1 Mem:64.81M (Peak 64.81M) | Time:00:00.02 | Mem:1.01M, Peak:1.01M | Scene, ViewLayer | Updating Geometry BVH L_knee_common_axle_master_mesh 22/36 | Packing BVH nodes
Fra:1 Mem:64.71M (Peak 64.81M) | Time:00:00.02 | Mem:1.01M, Peak:1.01M | Scene, ViewLayer | Updating Geometry BVH L_knee_common_axle_master_mesh 22/36 | Packing BVH triangles and strands
Fra:1 Mem:64.72M (Peak 64.81M) | Time:00:00.02 | Mem:1.01M, Peak:1.01M | Scene, ViewLayer | Updating Geometry BVH L_knee_common_axle_master_mesh 22/36 | Packing BVH nodes
Fra:1 Mem:64.69M (Peak 64.81M) | Time:00:00.02 | Mem:1.01M, Peak:1.01M | Scene, ViewLayer | Updating Geometry BVH L_hip_side_cover_rim_1_master_mesh 21/36 | Building BVH
Fra:1 Mem:64.74M (Peak 64.81M) | Time:00:00.02 | Mem:1.01M, Peak:1.01M | Scene, ViewLayer | Updating Geometry BVH L_hip_side_cover_rim_1_master_mesh 21/36 | Packing BVH triangles and strands
Fra:1 Mem:64.74M (Peak 64.81M) | Time:00:00.02 | Mem:1.01M, Peak:1.01M | Scene, ViewLayer | Updating Geometry BVH L_hip_side_cover_rim_1_master_mesh 21/36 | Packing BVH nodes
Fra:1 Mem:64.71M (Peak 64.81M) | Time:00:00.02 | Mem:1.01M, Peak:1.01M | Scene, ViewLayer | Updating Geometry BVH L_hip_side_cover_1_master_mesh 20/36 | Building BVH
Fra:1 Mem:64.76M (Peak 64.81M) | Time:00:00.02 | Mem:1.01M, Peak:1.01M | Scene, ViewLayer | Updating Geometry BVH L_hip_side_cover_1_master_mesh 20/36 | Packing BVH triangles and strands
Fra:1 Mem:64.76M (Peak 64.81M) | Time:00:00.02 | Mem:1.01M, Peak:1.01M | Scene, ViewLayer | Updating Geometry BVH L_hip_side_cover_1_master_mesh 20/36 | Packing BVH nodes
Fra:1 Mem:64.74M (Peak 64.81M) | Time:00:00.02 | Mem:1.01M, Peak:1.01M | Scene, ViewLayer | Updating Geometry BVH L_hip_side_cover_rim_-1_master_mesh 19/36 | Building BVH
Fra:1 Mem:64.78M (Peak 64.81M) | Time:00:00.02 | Mem:1.01M, Peak:1.01M | Scene, ViewLayer | Updating Geometry BVH L_hip_side_cover_rim_-1_master_mesh 19/36 | Packing BVH triangles and strands
Fra:1 Mem:64.79M (Peak 64.81M) | Time:00:00.02 | Mem:1.01M, Peak:1.01M | Scene, ViewLayer | Updating Geometry BVH L_hip_side_cover_rim_-1_master_mesh 19/36 | Packing BVH nodes
Fra:1 Mem:64.76M (Peak 64.81M) | Time:00:00.02 | Mem:1.01M, Peak:1.01M | Scene, ViewLayer | Updating Geometry BVH L_hip_side_cover_-1_master_mesh 18/36 | Building BVH
Fra:1 Mem:64.80M (Peak 64.81M) | Time:00:00.02 | Mem:1.01M, Peak:1.01M | Scene, ViewLayer | Updating Geometry BVH L_hip_side_cover_-1_master_mesh 18/36 | Packing BVH triangles and strands
Fra:1 Mem:64.81M (Peak 64.81M) | Time:00:00.02 | Mem:1.01M, Peak:1.01M | Scene, ViewLayer | Updating Geometry BVH L_hip_side_cover_-1_master_mesh 18/36 | Packing BVH nodes
Fra:1 Mem:64.78M (Peak 64.81M) | Time:00:00.02 | Mem:1.01M, Peak:1.01M | Scene, ViewLayer | Updating Geometry BVH L_hip_common_axle_master_mesh 17/36 | Building BVH
Fra:1 Mem:64.83M (Peak 64.83M) | Time:00:00.02 | Mem:1.01M, Peak:1.01M | Scene, ViewLayer | Updating Geometry BVH L_hip_common_axle_master_mesh 17/36 | Packing BVH triangles and strands
Fra:1 Mem:64.83M (Peak 64.83M) | Time:00:00.02 | Mem:1.01M, Peak:1.01M | Scene, ViewLayer | Updating Geometry BVH L_hip_common_axle_master_mesh 17/36 | Packing BVH nodes
Fra:1 Mem:64.85M (Peak 64.85M) | Time:00:00.02 | Mem:1.01M, Peak:1.01M | Scene, ViewLayer | Updating Geometry BVH L_hip_common_axle_master_mesh 17/36 | Packing BVH triangles and strands
Fra:1 Mem:64.83M (Peak 64.85M) | Time:00:00.02 | Mem:1.01M, Peak:1.01M | Scene, ViewLayer | Updating Geometry BVH L_sole_contact_-0.037_master_mesh 16/36 | Building BVH
Fra:1 Mem:64.93M (Peak 64.93M) | Time:00:00.02 | Mem:1.01M, Peak:1.01M | Scene, ViewLayer | Updating Geometry BVH L_sole_contact_-0.037_master_mesh 16/36 | Packing BVH triangles and strands
Fra:1 Mem:64.94M (Peak 64.94M) | Time:00:00.02 | Mem:1.01M, Peak:1.01M | Scene, ViewLayer | Updating Geometry BVH L_sole_contact_-0.037_master_mesh 16/36 | Packing BVH nodes
Fra:1 Mem:64.66M (Peak 64.94M) | Time:00:00.02 | Mem:1.01M, Peak:1.01M | Scene, ViewLayer | Updating Geometry BVH L_sole_contact_0.052_master_mesh 15/36 | Building BVH
Fra:1 Mem:64.67M (Peak 64.94M) | Time:00:00.02 | Mem:1.01M, Peak:1.01M | Scene, ViewLayer | Updating Geometry BVH L_sole_contact_0.052_master_mesh 15/36 | Packing BVH triangles and strands
Fra:1 Mem:64.67M (Peak 64.94M) | Time:00:00.02 | Mem:1.01M, Peak:1.01M | Scene, ViewLayer | Updating Geometry BVH L_sole_contact_0.052_master_mesh 15/36 | Packing BVH nodes
Fra:1 Mem:64.66M (Peak 64.94M) | Time:00:00.02 | Mem:1.01M, Peak:1.01M | Scene, ViewLayer | Updating Geometry BVH L_sole_contact_-0.176_master_mesh 14/36 | Building BVH
Fra:1 Mem:64.68M (Peak 64.94M) | Time:00:00.02 | Mem:1.01M, Peak:1.01M | Scene, ViewLayer | Updating Geometry BVH L_sole_contact_-0.176_master_mesh 14/36 | Packing BVH triangles and strands
Fra:1 Mem:64.68M (Peak 64.94M) | Time:00:00.02 | Mem:1.01M, Peak:1.01M | Scene, ViewLayer | Updating Geometry BVH L_sole_contact_-0.176_master_mesh 14/36 | Packing BVH nodes
Fra:1 Mem:64.67M (Peak 64.94M) | Time:00:00.02 | Mem:1.01M, Peak:1.01M | Scene, ViewLayer | Updating Geometry BVH L_foot_central_carrier_master_mesh 13/36 | Building BVH
Fra:1 Mem:65.13M (Peak 65.13M) | Time:00:00.02 | Mem:1.01M, Peak:1.01M | Scene, ViewLayer | Updating Geometry BVH L_return_carrier_master_mesh 11/36 | Building BVH
Fra:1 Mem:65.32M (Peak 65.32M) | Time:00:00.03 | Mem:1.01M, Peak:1.01M | Scene, ViewLayer | Updating Geometry BVH L_return_carrier_master_mesh 11/36 | Packing BVH triangles and strands
Fra:1 Mem:65.33M (Peak 65.33M) | Time:00:00.03 | Mem:1.01M, Peak:1.01M | Scene, ViewLayer | Updating Geometry BVH L_return_carrier_master_mesh 11/36 | Packing BVH nodes
Fra:1 Mem:65.24M (Peak 65.33M) | Time:00:00.03 | Mem:1.01M, Peak:1.01M | Scene, ViewLayer | Updating Geometry BVH L_return_carrier_master_mesh 11/36 | Packing BVH triangles and strands
Fra:1 Mem:65.30M (Peak 65.33M) | Time:00:00.03 | Mem:1.01M, Peak:1.01M | Scene, ViewLayer | Updating Geometry BVH L_return_carrier_master_mesh 11/36 | Packing BVH nodes
Fra:1 Mem:64.81M (Peak 65.33M) | Time:00:00.03 | Mem:1.01M, Peak:1.01M | Scene, ViewLayer | Updating Geometry BVH L_shank_ankle_carrier_master_mesh 12/36 | Building BVH
Fra:1 Mem:64.99M (Peak 65.33M) | Time:00:00.03 | Mem:1.01M, Peak:1.01M | Scene, ViewLayer | Updating Geometry BVH L_shank_ankle_carrier_master_mesh 12/36 | Packing BVH triangles and strands
Fra:1 Mem:65.01M (Peak 65.33M) | Time:00:00.03 | Mem:1.01M, Peak:1.01M | Scene, ViewLayer | Updating Geometry BVH L_shank_ankle_carrier_master_mesh 12/36 | Packing BVH nodes
Fra:1 Mem:65.01M (Peak 65.33M) | Time:00:00.03 | Mem:1.01M, Peak:1.01M | Scene, ViewLayer | Updating Geometry BVH L_shank_ankle_carrier_master_mesh 12/36 | Packing BVH triangles and strands
Fra:1 Mem:64.99M (Peak 65.33M) | Time:00:00.03 | Mem:1.01M, Peak:1.01M | Scene, ViewLayer | Updating Geometry BVH L_shank_ankle_carrier_master_mesh 12/36 | Packing BVH nodes
Fra:1 Mem:64.99M (Peak 65.33M) | Time:00:00.03 | Mem:1.01M, Peak:1.01M | Scene, ViewLayer | Updating Geometry BVH L_shank_ankle_carrier_master_mesh 12/36 | Packing BVH triangles and strands
Fra:1 Mem:65.07M (Peak 65.33M) | Time:00:00.03 | Mem:1.01M, Peak:1.01M | Scene, ViewLayer | Updating Geometry BVH L_shank_ankle_carrier_master_mesh 12/36 | Packing BVH nodes
Fra:1 Mem:64.73M (Peak 65.33M) | Time:00:00.03 | Mem:1.01M, Peak:1.01M | Scene, ViewLayer | Updating Geometry BVH L_shank_ankle_carrier_master_mesh 12/36 | Packing BVH triangles and strands
Fra:1 Mem:64.76M (Peak 65.33M) | Time:00:00.03 | Mem:1.01M, Peak:1.01M | Scene, ViewLayer | Updating Geometry BVH L_shank_ankle_carrier_master_mesh 12/36 | Packing BVH nodes
Fra:1 Mem:63.85M (Peak 65.33M) | Time:00:00.03 | Mem:1.01M, Peak:1.01M | Scene, ViewLayer | Updating Geometry BVH L_shank_ankle_carrier_master_mesh 12/36 | Packing BVH triangles and strands
Fra:1 Mem:63.61M (Peak 65.33M) | Time:00:00.03 | Mem:1.01M, Peak:1.01M | Scene, ViewLayer | Updating Geometry BVH L_shank_ankle_carrier_master_mesh 12/36 | Packing BVH nodes
Fra:1 Mem:63.37M (Peak 65.33M) | Time:00:00.03 | Mem:1.01M, Peak:1.01M | Scene, ViewLayer | Updating Scene BVH | Building
Fra:1 Mem:63.37M (Peak 65.33M) | Time:00:00.03 | Mem:1.01M, Peak:1.01M | Scene, ViewLayer | Updating Scene BVH | Building BVH
Fra:1 Mem:63.37M (Peak 65.33M) | Time:00:00.03 | Mem:1.01M, Peak:1.01M | Scene, ViewLayer | Updating Scene BVH | Packing BVH triangles and strands
Fra:1 Mem:63.37M (Peak 65.33M) | Time:00:00.03 | Mem:1.01M, Peak:1.01M | Scene, ViewLayer | Updating Scene BVH | Packing BVH nodes
Fra:1 Mem:70.98M (Peak 70.98M) | Time:00:00.03 | Mem:1.01M, Peak:1.01M | Scene, ViewLayer | Updating Scene BVH | Copying BVH to device
Fra:1 Mem:70.98M (Peak 70.98M) | Time:00:00.03 | Mem:4.81M, Peak:4.81M | Scene, ViewLayer | Updating Mesh | Computing normals
Fra:1 Mem:76.04M (Peak 76.04M) | Time:00:00.03 | Mem:4.81M, Peak:4.81M | Scene, ViewLayer | Updating Mesh | Copying Mesh to device
Fra:1 Mem:76.04M (Peak 76.04M) | Time:00:00.03 | Mem:9.88M, Peak:9.88M | Scene, ViewLayer | Updating Objects Flags
Fra:1 Mem:76.04M (Peak 76.04M) | Time:00:00.03 | Mem:9.88M, Peak:9.88M | Scene, ViewLayer | Updating Primitive Offsets
Fra:1 Mem:76.04M (Peak 76.04M) | Time:00:00.03 | Mem:9.88M, Peak:9.88M | Scene, ViewLayer | Updating Images
Fra:1 Mem:76.04M (Peak 76.04M) | Time:00:00.03 | Mem:9.88M, Peak:9.88M | Scene, ViewLayer | Updating Camera Volume
Fra:1 Mem:76.04M (Peak 76.04M) | Time:00:00.03 | Mem:9.88M, Peak:9.88M | Scene, ViewLayer | Updating Lookup Tables
Fra:1 Mem:76.04M (Peak 76.04M) | Time:00:00.03 | Mem:9.96M, Peak:9.96M | Scene, ViewLayer | Updating Lights
Fra:1 Mem:76.05M (Peak 76.05M) | Time:00:00.03 | Mem:9.96M, Peak:9.96M | Scene, ViewLayer | Updating Lights | Computing distribution
Fra:1 Mem:76.05M (Peak 76.05M) | Time:00:00.03 | Mem:9.96M, Peak:9.96M | Scene, ViewLayer | Updating Lights | Computing tree
Fra:1 Mem:76.05M (Peak 76.05M) | Time:00:00.03 | Mem:9.96M, Peak:9.96M | Scene, ViewLayer | Updating Integrator
Fra:1 Mem:77.05M (Peak 77.05M) | Time:00:00.03 | Mem:10.96M, Peak:10.96M | Scene, ViewLayer | Updating Film
Fra:1 Mem:77.05M (Peak 77.05M) | Time:00:00.03 | Mem:10.88M, Peak:10.96M | Scene, ViewLayer | Updating Lookup Tables
Fra:1 Mem:77.05M (Peak 77.05M) | Time:00:00.03 | Mem:10.97M, Peak:10.97M | Scene, ViewLayer | Updating Baking
Fra:1 Mem:77.05M (Peak 77.05M) | Time:00:00.03 | Mem:10.97M, Peak:10.97M | Scene, ViewLayer | Updating Device | Writing constant memory
Fra:1 Mem:77.05M (Peak 77.05M) | Time:00:00.03 | Mem:10.97M, Peak:10.97M | Scene, ViewLayer | Sample 0/48
Fra:1 Mem:126.52M (Peak 126.52M) | Time:00:00.53 | Remaining:00:23.16 | Mem:60.41M, Peak:60.41M | Scene, ViewLayer | Sample 1/48
Fra:1 Mem:148.49M (Peak 192.44M) | Time:00:19.10 | Mem:60.41M, Peak:60.41M | Scene, ViewLayer | Sample 48/48
Fra:1 Mem:148.49M (Peak 192.44M) | Time:00:19.10 | Mem:60.41M, Peak:60.41M | Scene, ViewLayer | Finished
Saved: '/home/ethan/Projects/Sai_Art/docs/uri_style/gorilla_v0_2/images/lower_modular_components_front_b4.png'
Time: 00:19.19 (Saving: 00:00.08)

NATIVE_COMPONENT_VIEW front
Fra:1 Mem:126.52M (Peak 126.52M) | Time:00:00.00 | Mem:60.41M, Peak:60.41M | Scene, ViewLayer | Initializing
Fra:1 Mem:126.52M (Peak 126.52M) | Time:00:00.00 | Mem:60.41M, Peak:60.41M | Scene, ViewLayer | Waiting for render to start
Fra:1 Mem:126.52M (Peak 126.52M) | Time:00:00.00 | Mem:60.41M, Peak:60.41M | Scene, ViewLayer | Updating Scene
Fra:1 Mem:126.52M (Peak 126.52M) | Time:00:00.00 | Mem:60.41M, Peak:60.41M | Scene, ViewLayer | Updating Shaders
Fra:1 Mem:126.52M (Peak 126.52M) | Time:00:00.00 | Mem:60.41M, Peak:60.41M | Scene, ViewLayer | Updating Background
Fra:1 Mem:126.52M (Peak 126.52M) | Time:00:00.00 | Mem:60.41M, Peak:60.41M | Scene, ViewLayer | Updating Camera
Fra:1 Mem:126.52M (Peak 126.52M) | Time:00:00.00 | Mem:60.41M, Peak:60.41M | Scene, ViewLayer | Updating Objects
Fra:1 Mem:126.52M (Peak 126.52M) | Time:00:00.00 | Mem:60.41M, Peak:60.41M | Scene, ViewLayer | Updating Particle Systems
Fra:1 Mem:126.52M (Peak 126.52M) | Time:00:00.00 | Mem:60.41M, Peak:60.41M | Scene, ViewLayer | Updating Meshes
Fra:1 Mem:126.52M (Peak 126.52M) | Time:00:00.00 | Mem:60.41M, Peak:60.41M | Scene, ViewLayer | Updating Objects Flags
Fra:1 Mem:126.52M (Peak 126.52M) | Time:00:00.00 | Mem:60.41M, Peak:60.41M | Scene, ViewLayer | Updating Primitive Offsets
Fra:1 Mem:126.52M (Peak 126.52M) | Time:00:00.00 | Mem:60.41M, Peak:60.41M | Scene, ViewLayer | Updating Images
Fra:1 Mem:126.52M (Peak 126.52M) | Time:00:00.00 | Mem:60.41M, Peak:60.41M | Scene, ViewLayer | Updating Camera Volume
Fra:1 Mem:126.52M (Peak 126.52M) | Time:00:00.00 | Mem:60.41M, Peak:60.41M | Scene, ViewLayer | Updating Lookup Tables
Fra:1 Mem:126.52M (Peak 126.52M) | Time:00:00.00 | Mem:60.41M, Peak:60.41M | Scene, ViewLayer | Updating Lights
Fra:1 Mem:126.52M (Peak 126.52M) | Time:00:00.00 | Mem:60.41M, Peak:60.41M | Scene, ViewLayer | Updating Integrator
Fra:1 Mem:126.52M (Peak 126.52M) | Time:00:00.00 | Mem:60.41M, Peak:60.41M | Scene, ViewLayer | Updating Film
Fra:1 Mem:126.52M (Peak 126.52M) | Time:00:00.00 | Mem:60.41M, Peak:60.41M | Scene, ViewLayer | Updating Lookup Tables
Fra:1 Mem:126.52M (Peak 126.52M) | Time:00:00.00 | Mem:60.41M, Peak:60.41M | Scene, ViewLayer | Updating Baking
Fra:1 Mem:126.52M (Peak 126.52M) | Time:00:00.00 | Mem:60.41M, Peak:60.41M | Scene, ViewLayer | Updating Device | Writing constant memory
Fra:1 Mem:126.52M (Peak 126.52M) | Time:00:00.00 | Mem:60.41M, Peak:60.41M | Scene, ViewLayer | Sample 0/48
Fra:1 Mem:126.52M (Peak 126.52M) | Time:00:00.25 | Remaining:00:11.83 | Mem:60.41M, Peak:60.41M | Scene, ViewLayer | Sample 1/48
Fra:1 Mem:148.49M (Peak 192.44M) | Time:00:09.78 | Mem:60.41M, Peak:60.41M | Scene, ViewLayer | Sample 48/48
Fra:1 Mem:148.49M (Peak 192.44M) | Time:00:09.78 | Mem:60.41M, Peak:60.41M | Scene, ViewLayer | Finished
Saved: '/home/ethan/Projects/Sai_Art/docs/uri_style/gorilla_v0_2/images/lower_modular_components_left_b4.png'
Time: 00:09.86 (Saving: 00:00.08)

NATIVE_COMPONENT_VIEW left
Fra:1 Mem:126.52M (Peak 126.52M) | Time:00:00.00 | Mem:60.41M, Peak:60.41M | Scene, ViewLayer | Initializing
Fra:1 Mem:126.52M (Peak 126.52M) | Time:00:00.00 | Mem:60.41M, Peak:60.41M | Scene, ViewLayer | Waiting for render to start
Fra:1 Mem:126.52M (Peak 126.52M) | Time:00:00.00 | Mem:60.41M, Peak:60.41M | Scene, ViewLayer | Updating Scene
Fra:1 Mem:126.52M (Peak 126.52M) | Time:00:00.00 | Mem:60.41M, Peak:60.41M | Scene, ViewLayer | Updating Shaders
Fra:1 Mem:126.52M (Peak 126.52M) | Time:00:00.00 | Mem:60.41M, Peak:60.41M | Scene, ViewLayer | Updating Background
Fra:1 Mem:126.52M (Peak 126.52M) | Time:00:00.00 | Mem:60.41M, Peak:60.41M | Scene, ViewLayer | Updating Camera
Fra:1 Mem:126.52M (Peak 126.52M) | Time:00:00.00 | Mem:60.41M, Peak:60.41M | Scene, ViewLayer | Updating Objects
Fra:1 Mem:126.52M (Peak 126.52M) | Time:00:00.00 | Mem:60.41M, Peak:60.41M | Scene, ViewLayer | Updating Particle Systems
Fra:1 Mem:126.52M (Peak 126.52M) | Time:00:00.00 | Mem:60.41M, Peak:60.41M | Scene, ViewLayer | Updating Meshes
Fra:1 Mem:126.52M (Peak 126.52M) | Time:00:00.00 | Mem:60.41M, Peak:60.41M | Scene, ViewLayer | Updating Objects Flags
Fra:1 Mem:126.52M (Peak 126.52M) | Time:00:00.00 | Mem:60.41M, Peak:60.41M | Scene, ViewLayer | Updating Primitive Offsets
Fra:1 Mem:126.52M (Peak 126.52M) | Time:00:00.00 | Mem:60.41M, Peak:60.41M | Scene, ViewLayer | Updating Images
Fra:1 Mem:126.52M (Peak 126.52M) | Time:00:00.00 | Mem:60.41M, Peak:60.41M | Scene, ViewLayer | Updating Camera Volume
Fra:1 Mem:126.52M (Peak 126.52M) | Time:00:00.00 | Mem:60.41M, Peak:60.41M | Scene, ViewLayer | Updating Lookup Tables
Fra:1 Mem:126.52M (Peak 126.52M) | Time:00:00.00 | Mem:60.41M, Peak:60.41M | Scene, ViewLayer | Updating Lights
Fra:1 Mem:126.52M (Peak 126.52M) | Time:00:00.00 | Mem:60.41M, Peak:60.41M | Scene, ViewLayer | Updating Integrator
Fra:1 Mem:126.52M (Peak 126.52M) | Time:00:00.00 | Mem:60.41M, Peak:60.41M | Scene, ViewLayer | Updating Film
Fra:1 Mem:126.52M (Peak 126.52M) | Time:00:00.00 | Mem:60.41M, Peak:60.41M | Scene, ViewLayer | Updating Lookup Tables
Fra:1 Mem:126.52M (Peak 126.52M) | Time:00:00.00 | Mem:60.41M, Peak:60.41M | Scene, ViewLayer | Updating Baking
Fra:1 Mem:126.52M (Peak 126.52M) | Time:00:00.00 | Mem:60.41M, Peak:60.41M | Scene, ViewLayer | Updating Device | Writing constant memory
Fra:1 Mem:126.52M (Peak 126.52M) | Time:00:00.00 | Mem:60.41M, Peak:60.41M | Scene, ViewLayer | Sample 0/48
Fra:1 Mem:126.52M (Peak 126.52M) | Time:00:00.52 | Remaining:00:24.42 | Mem:60.41M, Peak:60.41M | Scene, ViewLayer | Sample 1/48
Fra:1 Mem:148.49M (Peak 192.44M) | Time:00:21.81 | Mem:60.41M, Peak:60.41M | Scene, ViewLayer | Sample 48/48
Fra:1 Mem:148.49M (Peak 192.44M) | Time:00:21.85 | Mem:60.41M, Peak:60.41M | Scene, ViewLayer | Finished
Saved: '/home/ethan/Projects/Sai_Art/docs/uri_style/gorilla_v0_2/images/lower_modular_components_rear_b4.png'
Time: 00:21.93 (Saving: 00:00.08)

NATIVE_COMPONENT_VIEW rear
Fra:1 Mem:126.52M (Peak 126.52M) | Time:00:00.00 | Mem:60.41M, Peak:60.41M | Scene, ViewLayer | Initializing
Fra:1 Mem:126.52M (Peak 126.52M) | Time:00:00.00 | Mem:60.41M, Peak:60.41M | Scene, ViewLayer | Waiting for render to start
Fra:1 Mem:126.52M (Peak 126.52M) | Time:00:00.00 | Mem:60.41M, Peak:60.41M | Scene, ViewLayer | Updating Scene
Fra:1 Mem:126.52M (Peak 126.52M) | Time:00:00.00 | Mem:60.41M, Peak:60.41M | Scene, ViewLayer | Updating Shaders
Fra:1 Mem:126.52M (Peak 126.52M) | Time:00:00.00 | Mem:60.41M, Peak:60.41M | Scene, ViewLayer | Updating Background
Fra:1 Mem:126.52M (Peak 126.52M) | Time:00:00.00 | Mem:60.41M, Peak:60.41M | Scene, ViewLayer | Updating Camera
Fra:1 Mem:126.52M (Peak 126.52M) | Time:00:00.00 | Mem:60.41M, Peak:60.41M | Scene, ViewLayer | Updating Objects
Fra:1 Mem:126.52M (Peak 126.52M) | Time:00:00.00 | Mem:60.41M, Peak:60.41M | Scene, ViewLayer | Updating Particle Systems
Fra:1 Mem:126.52M (Peak 126.52M) | Time:00:00.00 | Mem:60.41M, Peak:60.41M | Scene, ViewLayer | Updating Meshes
Fra:1 Mem:126.52M (Peak 126.52M) | Time:00:00.00 | Mem:60.41M, Peak:60.41M | Scene, ViewLayer | Updating Objects Flags
Fra:1 Mem:126.52M (Peak 126.52M) | Time:00:00.00 | Mem:60.41M, Peak:60.41M | Scene, ViewLayer | Updating Primitive Offsets
Fra:1 Mem:126.52M (Peak 126.52M) | Time:00:00.00 | Mem:60.41M, Peak:60.41M | Scene, ViewLayer | Updating Images
Fra:1 Mem:126.52M (Peak 126.52M) | Time:00:00.00 | Mem:60.41M, Peak:60.41M | Scene, ViewLayer | Updating Camera Volume
Fra:1 Mem:126.52M (Peak 126.52M) | Time:00:00.00 | Mem:60.41M, Peak:60.41M | Scene, ViewLayer | Updating Lookup Tables
Fra:1 Mem:126.52M (Peak 126.52M) | Time:00:00.00 | Mem:60.41M, Peak:60.41M | Scene, ViewLayer | Updating Lights
Fra:1 Mem:126.52M (Peak 126.52M) | Time:00:00.00 | Mem:60.41M, Peak:60.41M | Scene, ViewLayer | Updating Integrator
Fra:1 Mem:126.52M (Peak 126.52M) | Time:00:00.00 | Mem:60.41M, Peak:60.41M | Scene, ViewLayer | Updating Film
Fra:1 Mem:126.52M (Peak 126.52M) | Time:00:00.00 | Mem:60.41M, Peak:60.41M | Scene, ViewLayer | Updating Lookup Tables
Fra:1 Mem:126.52M (Peak 126.52M) | Time:00:00.00 | Mem:60.41M, Peak:60.41M | Scene, ViewLayer | Updating Baking
Fra:1 Mem:126.52M (Peak 126.52M) | Time:00:00.00 | Mem:60.41M, Peak:60.41M | Scene, ViewLayer | Updating Device | Writing constant memory
Fra:1 Mem:126.52M (Peak 126.52M) | Time:00:00.00 | Mem:60.41M, Peak:60.41M | Scene, ViewLayer | Sample 0/48
Fra:1 Mem:126.52M (Peak 126.52M) | Time:00:00.82 | Remaining:00:38.64 | Mem:60.41M, Peak:60.41M | Scene, ViewLayer | Sample 1/48
Fra:1 Mem:126.52M (Peak 126.52M) | Time:00:24.39 | Remaining:00:11.08 | Mem:60.41M, Peak:60.41M | Scene, ViewLayer | Sample 33/48
Fra:1 Mem:148.49M (Peak 192.44M) | Time:00:35.67 | Mem:60.41M, Peak:60.41M | Scene, ViewLayer | Sample 48/48
Fra:1 Mem:148.49M (Peak 192.44M) | Time:00:35.67 | Mem:60.41M, Peak:60.41M | Scene, ViewLayer | Finished
Saved: '/home/ethan/Projects/Sai_Art/docs/uri_style/gorilla_v0_2/images/lower_modular_components_top_b4.png'
Time: 00:35.75 (Saving: 00:00.07)

NATIVE_COMPONENT_VIEW top
Fra:1 Mem:126.52M (Peak 126.52M) | Time:00:00.00 | Mem:60.41M, Peak:60.41M | Scene, ViewLayer | Initializing
Fra:1 Mem:126.52M (Peak 126.52M) | Time:00:00.00 | Mem:60.41M, Peak:60.41M | Scene, ViewLayer | Waiting for render to start
Fra:1 Mem:126.52M (Peak 126.52M) | Time:00:00.00 | Mem:60.41M, Peak:60.41M | Scene, ViewLayer | Updating Scene
Fra:1 Mem:126.52M (Peak 126.52M) | Time:00:00.00 | Mem:60.41M, Peak:60.41M | Scene, ViewLayer | Updating Shaders
Fra:1 Mem:126.52M (Peak 126.52M) | Time:00:00.00 | Mem:60.41M, Peak:60.41M | Scene, ViewLayer | Updating Background
Fra:1 Mem:126.52M (Peak 126.52M) | Time:00:00.00 | Mem:60.41M, Peak:60.41M | Scene, ViewLayer | Updating Camera
Fra:1 Mem:126.52M (Peak 126.52M) | Time:00:00.00 | Mem:60.41M, Peak:60.41M | Scene, ViewLayer | Updating Objects
Fra:1 Mem:126.52M (Peak 126.52M) | Time:00:00.00 | Mem:60.41M, Peak:60.41M | Scene, ViewLayer | Updating Particle Systems
Fra:1 Mem:126.52M (Peak 126.52M) | Time:00:00.00 | Mem:60.41M, Peak:60.41M | Scene, ViewLayer | Updating Meshes
Fra:1 Mem:126.52M (Peak 126.52M) | Time:00:00.00 | Mem:60.41M, Peak:60.41M | Scene, ViewLayer | Updating Objects Flags
Fra:1 Mem:126.52M (Peak 126.52M) | Time:00:00.00 | Mem:60.41M, Peak:60.41M | Scene, ViewLayer | Updating Primitive Offsets
Fra:1 Mem:126.52M (Peak 126.52M) | Time:00:00.00 | Mem:60.41M, Peak:60.41M | Scene, ViewLayer | Updating Images
Fra:1 Mem:126.52M (Peak 126.52M) | Time:00:00.00 | Mem:60.41M, Peak:60.41M | Scene, ViewLayer | Updating Camera Volume
Fra:1 Mem:126.52M (Peak 126.52M) | Time:00:00.00 | Mem:60.41M, Peak:60.41M | Scene, ViewLayer | Updating Lookup Tables
Fra:1 Mem:126.52M (Peak 126.52M) | Time:00:00.00 | Mem:60.41M, Peak:60.41M | Scene, ViewLayer | Updating Lights
Fra:1 Mem:126.52M (Peak 126.52M) | Time:00:00.00 | Mem:60.41M, Peak:60.41M | Scene, ViewLayer | Updating Integrator
Fra:1 Mem:126.52M (Peak 126.52M) | Time:00:00.00 | Mem:60.41M, Peak:60.41M | Scene, ViewLayer | Updating Film
Fra:1 Mem:126.52M (Peak 126.52M) | Time:00:00.00 | Mem:60.41M, Peak:60.41M | Scene, ViewLayer | Updating Lookup Tables
Fra:1 Mem:126.52M (Peak 126.52M) | Time:00:00.00 | Mem:60.41M, Peak:60.41M | Scene, ViewLayer | Updating Baking
Fra:1 Mem:126.52M (Peak 126.52M) | Time:00:00.00 | Mem:60.41M, Peak:60.41M | Scene, ViewLayer | Updating Device | Writing constant memory
Fra:1 Mem:126.52M (Peak 126.52M) | Time:00:00.00 | Mem:60.41M, Peak:60.41M | Scene, ViewLayer | Sample 0/48
Fra:1 Mem:126.52M (Peak 126.52M) | Time:00:00.80 | Remaining:00:37.92 | Mem:60.41M, Peak:60.41M | Scene, ViewLayer | Sample 1/48
Fra:1 Mem:126.52M (Peak 126.52M) | Time:00:22.61 | Remaining:00:10.27 | Mem:60.41M, Peak:60.41M | Scene, ViewLayer | Sample 33/48
Fra:1 Mem:148.49M (Peak 192.44M) | Time:00:33.15 | Mem:60.41M, Peak:60.41M | Scene, ViewLayer | Sample 48/48
Fra:1 Mem:148.49M (Peak 192.44M) | Time:00:33.15 | Mem:60.41M, Peak:60.41M | Scene, ViewLayer | Finished
Saved: '/home/ethan/Projects/Sai_Art/docs/uri_style/gorilla_v0_2/images/lower_modular_components_front_oblique_b4.png'
Time: 00:33.21 (Saving: 00:00.06)

NATIVE_COMPONENT_VIEW front_oblique
Fra:1 Mem:126.52M (Peak 126.52M) | Time:00:00.00 | Mem:60.41M, Peak:60.41M | Scene, ViewLayer | Initializing
Fra:1 Mem:126.52M (Peak 126.52M) | Time:00:00.00 | Mem:60.41M, Peak:60.41M | Scene, ViewLayer | Waiting for render to start
Fra:1 Mem:126.52M (Peak 126.52M) | Time:00:00.00 | Mem:60.41M, Peak:60.41M | Scene, ViewLayer | Updating Scene
Fra:1 Mem:126.52M (Peak 126.52M) | Time:00:00.00 | Mem:60.41M, Peak:60.41M | Scene, ViewLayer | Updating Shaders
Fra:1 Mem:126.52M (Peak 126.52M) | Time:00:00.00 | Mem:60.41M, Peak:60.41M | Scene, ViewLayer | Updating Background
Fra:1 Mem:126.52M (Peak 126.52M) | Time:00:00.00 | Mem:60.41M, Peak:60.41M | Scene, ViewLayer | Updating Camera
Fra:1 Mem:126.52M (Peak 126.52M) | Time:00:00.00 | Mem:60.41M, Peak:60.41M | Scene, ViewLayer | Updating Objects
Fra:1 Mem:126.52M (Peak 126.52M) | Time:00:00.00 | Mem:60.41M, Peak:60.41M | Scene, ViewLayer | Updating Particle Systems
Fra:1 Mem:126.52M (Peak 126.52M) | Time:00:00.00 | Mem:60.41M, Peak:60.41M | Scene, ViewLayer | Updating Meshes
Fra:1 Mem:126.52M (Peak 126.52M) | Time:00:00.00 | Mem:60.41M, Peak:60.41M | Scene, ViewLayer | Updating Objects Flags
Fra:1 Mem:126.52M (Peak 126.52M) | Time:00:00.00 | Mem:60.41M, Peak:60.41M | Scene, ViewLayer | Updating Primitive Offsets
Fra:1 Mem:126.52M (Peak 126.52M) | Time:00:00.00 | Mem:60.41M, Peak:60.41M | Scene, ViewLayer | Updating Images
Fra:1 Mem:126.52M (Peak 126.52M) | Time:00:00.00 | Mem:60.41M, Peak:60.41M | Scene, ViewLayer | Updating Camera Volume
Fra:1 Mem:126.52M (Peak 126.52M) | Time:00:00.00 | Mem:60.41M, Peak:60.41M | Scene, ViewLayer | Updating Lookup Tables
Fra:1 Mem:126.52M (Peak 126.52M) | Time:00:00.00 | Mem:60.41M, Peak:60.41M | Scene, ViewLayer | Updating Lights
Fra:1 Mem:126.52M (Peak 126.52M) | Time:00:00.00 | Mem:60.41M, Peak:60.41M | Scene, ViewLayer | Updating Integrator
Fra:1 Mem:126.52M (Peak 126.52M) | Time:00:00.00 | Mem:60.41M, Peak:60.41M | Scene, ViewLayer | Updating Film
Fra:1 Mem:126.52M (Peak 126.52M) | Time:00:00.00 | Mem:60.41M, Peak:60.41M | Scene, ViewLayer | Updating Lookup Tables
Fra:1 Mem:126.52M (Peak 126.52M) | Time:00:00.00 | Mem:60.41M, Peak:60.41M | Scene, ViewLayer | Updating Baking
Fra:1 Mem:126.52M (Peak 126.52M) | Time:00:00.00 | Mem:60.41M, Peak:60.41M | Scene, ViewLayer | Updating Device | Writing constant memory
Fra:1 Mem:126.52M (Peak 126.52M) | Time:00:00.00 | Mem:60.41M, Peak:60.41M | Scene, ViewLayer | Sample 0/48
Fra:1 Mem:126.52M (Peak 126.52M) | Time:00:00.82 | Remaining:00:38.66 | Mem:60.41M, Peak:60.41M | Scene, ViewLayer | Sample 1/48
Fra:1 Mem:126.52M (Peak 126.52M) | Time:00:23.25 | Remaining:00:10.56 | Mem:60.41M, Peak:60.41M | Scene, ViewLayer | Sample 33/48
Fra:1 Mem:148.49M (Peak 192.44M) | Time:00:34.06 | Mem:60.41M, Peak:60.41M | Scene, ViewLayer | Sample 48/48
Fra:1 Mem:148.49M (Peak 192.44M) | Time:00:34.06 | Mem:60.41M, Peak:60.41M | Scene, ViewLayer | Finished
Saved: '/home/ethan/Projects/Sai_Art/docs/uri_style/gorilla_v0_2/images/lower_modular_components_rear_oblique_b4.png'
Time: 00:34.12 (Saving: 00:00.06)

NATIVE_COMPONENT_VIEW rear_oblique
Info: Saved "lower_modular_components_b4.blend"
NATIVE_COMPONENT_REVIEW_RENDERED

Blender quit
